Cons
Running CVC: false
DFSPriority
Eager
Size bound: 20
Depth bound: 4
=====

[16:05:33.564624]	BEG Init search
[16:05:33.585186]	Exploring 0: L, LLi: L, Li: L, []b: L, cons: _1_ -> _2_, tr: L
[16:05:33.612733]	Exploring 0: L, LLi: L, Li: L, []b: L, cons: V -> _2_, tr: L
[16:05:33.616544]	Exploring 0: L, LLi: L, Li: L, []b: L, cons: V -> _3_ -> _4_, tr: L
[16:05:33.617849]	Exploring 0: L, LLi: L, Li: L, []b: L, cons: V -> V -> _4_, tr: L
[16:05:33.618663]	Exploring 0: L, LLi: L, Li: L, []b: L, cons: V -> V -> V, tr: L
[16:05:33.623494]	Exploring 0: L, LLi: L, Li: L, []b: L, cons: V -> V -> L, tr: L
[16:05:33.624454]	Exploring 0: L, LLi: L, Li: L, []b: L, cons: V -> L -> _4_, tr: L
[16:05:33.625304]	Exploring 0: L, LLi: L, Li: L, []b: L, cons: V -> L -> V, tr: L
[16:05:33.626329]	Exploring 0: L, LLi: L, Li: L, []b: L, cons: V -> L -> L, tr: L
[16:05:33.627705]	Exploring 0: L, LLi: L, Li: L, []b: L, cons: L -> _2_, tr: L
[16:05:33.628714]	Exploring 0: L, LLi: L, Li: L, []b: L, cons: L -> _3_ -> _4_, tr: L
[16:05:33.629487]	Exploring 0: L, LLi: L, Li: L, []b: L, cons: L -> V -> _4_, tr: L
[16:05:33.630336]	Exploring 0: L, LLi: L, Li: L, []b: L, cons: L -> V -> V, tr: L
[16:05:33.632472]	Exploring 0: L, LLi: L, Li: L, []b: L, cons: L -> V -> L, tr: L
[16:05:33.633492]	Exploring 0: L, LLi: L, Li: L, []b: L, cons: L -> L -> _4_, tr: L
[16:05:33.634316]	Exploring 0: L, LLi: L, Li: L, []b: L, cons: L -> L -> V, tr: L
[16:05:33.636623]	Exploring 0: L, LLi: L, Li: L, []b: L, cons: L -> L -> L, tr: L
[16:05:33.637665]	END Init search : 134 ms
[16:05:33.638385]	BEG Compile Init to Elab
[16:05:33.641033]	END Compile Init to Elab : 3 ms
[16:05:33.641569]	BEG Elab search
[16:05:33.641891]	Exploring 0: L, LLi: L, Li: L, []b: L, cons: V_5_ -> V_6_ -> V_7_, tr: L
[16:05:33.645850]	Exploring 0: L, LLi: L, Li: L, []b: L, cons: V0 -> V_6_ -> V_7_, tr: L
[16:05:33.646895]	Exploring 0: L, LLi: L, Li: L, []b: L, cons: V0 -> V0 -> V_7_, tr: L
[16:05:33.647782]	Exploring 0: L, LLi: L, Li: L, []b: L, cons: V0 -> V0 -> V0, tr: L
[16:05:33.649029]	Exploring 0: L, LLi: L, Li: L, []b: L, cons: V0 -> V0 -> V1, tr: L
[16:05:33.650327]	Exploring 0: L, LLi: L, Li: L, []b: L, cons: V0 -> V1 -> V_7_, tr: L
[16:05:33.651610]	Exploring 0: L, LLi: L, Li: L, []b: L, cons: V0 -> V1 -> V0, tr: L
[16:05:33.652641]	Exploring 0: L, LLi: L, Li: L, []b: L, cons: V0 -> V1 -> V1, tr: L
[16:05:33.653495]	Exploring 0: L, LLi: L, Li: L, []b: L, cons: V0 -> V1 -> V2, tr: L
[16:05:33.654020]	Exploring 0: L, LLi: L, Li: L, []b: L, cons: V_8_ -> V_9_ -> L, tr: L
[16:05:33.654532]	Exploring 0: L, LLi: L, Li: L, []b: L, cons: V0 -> V_9_ -> L, tr: L
[16:05:33.655095]	Exploring 0: L, LLi: L, Li: L, []b: L, cons: V0 -> V0 -> L, tr: L
[16:05:33.655977]	Exploring 0: L, LLi: L, Li: L, []b: L, cons: V0 -> V1 -> L, tr: L
[16:05:33.656956]	Exploring 0: L, LLi: L, Li: L, []b: L, cons: V_10_ -> L -> V_11_, tr: L
[16:05:33.657954]	Exploring 0: L, LLi: L, Li: L, []b: L, cons: V0 -> L -> V_11_, tr: L
[16:05:33.658947]	Exploring 0: L, LLi: L, Li: L, []b: L, cons: V0 -> L -> V0, tr: L
[16:05:33.660147]	Exploring 0: L, LLi: L, Li: L, []b: L, cons: V0 -> L -> V1, tr: L
[16:05:33.660867]	Exploring 0: L, LLi: L, Li: L, []b: L, cons: V_12_ -> L -> L, tr: L
[16:05:33.661710]	Exploring 0: L, LLi: L, Li: L, []b: L, cons: V0 -> L -> L, tr: L
[16:05:33.662331]	Exploring 0: L, LLi: L, Li: L, []b: L, cons: L -> V_13_ -> V_14_, tr: L
[16:05:33.663061]	Exploring 0: L, LLi: L, Li: L, []b: L, cons: L -> V0 -> V_14_, tr: L
[16:05:33.663739]	Exploring 0: L, LLi: L, Li: L, []b: L, cons: L -> V0 -> V0, tr: L
[16:05:33.664529]	Exploring 0: L, LLi: L, Li: L, []b: L, cons: L -> V0 -> V1, tr: L
[16:05:33.665144]	Exploring 0: L, LLi: L, Li: L, []b: L, cons: L -> V_15_ -> L, tr: L
[16:05:33.665778]	Exploring 0: L, LLi: L, Li: L, []b: L, cons: L -> V0 -> L, tr: L
[16:05:33.666255]	Exploring 0: L, LLi: L, Li: L, []b: L, cons: L -> L -> V_16_, tr: L
[16:05:33.666877]	Exploring 0: L, LLi: L, Li: L, []b: L, cons: L -> L -> V0, tr: L
[16:05:33.667305]	Exploring 0: L, LLi: L, Li: L, []b: L, cons: L -> L -> L, tr: L
[16:05:33.667649]	END Elab search : 26 ms
[16:05:33.668389]	BEG Compile Elab to Concrete
[16:05:34.791250]	END Compile Elab to Concrete : 1123 ms
[16:05:34.792177]	BEG Concrete search
[16:05:34.792387]	BEG Depth 2
[16:05:34.792463]	BEG Size 1
[16:05:34.792617]	Exploring 0: L0[], LLi: L0[], Li: L0[], []b: L3[], cons: V0 -> V0 -> V0, tr: L3[]
[16:05:34.794108]	END Size 1 : 2 ms
[16:05:34.794250]	BEG Size 2
[16:05:34.794443]	Exploring 0: L0[], LLi: L0[], Li: L0[], []b: L3[], cons: V0 -> V0 -> V0, tr: L3[]
[16:05:34.794859]	END Size 2 : 0 ms
[16:05:34.794957]	BEG Size 3
[16:05:34.795155]	Exploring 0: L0[], LLi: L0[], Li: L0[], []b: L3[], cons: V0 -> V0 -> V0, tr: L3[]
[16:05:34.795478]	END Size 3 : 1 ms
[16:05:34.795570]	BEG Size 4
[16:05:34.795735]	Exploring 0: L0[], LLi: L0[], Li: L0[], []b: L3[], cons: V0 -> V0 -> V0, tr: L3[]
[16:05:34.796014]	END Size 4 : 1 ms
[16:05:34.796097]	BEG Size 5
[16:05:34.796249]	Exploring 0: L0[], LLi: L0[], Li: L0[], []b: L3[], cons: V0 -> V0 -> V0, tr: L3[]
[16:05:34.796590]	Exploring 0: L0[], LLi: L1[_0_], Li: L1[_1_], []b: L1[_2_], cons: V0 -> L1[_3_] -> L1[_4_], tr: L6[]
[16:05:34.797946]	Exploring 0: L0[], LLi: L1[L0[]], Li: L1[_1_], []b: L1[_2_], cons: V0 -> L1[_3_] -> L1[_4_], tr: L6[]
[16:05:34.798728]	Exploring 0: L0[], LLi: L1[L0[]], Li: L1[L0[]], []b: L1[_2_], cons: V0 -> L1[_3_] -> L1[_4_], tr: L6[]
[16:05:34.799318]	Exploring 0: L0[], LLi: L1[L0[]], Li: L1[L0[]], []b: L1[L0[]], cons: V0 -> L1[_3_] -> L1[_4_], tr: L6[]
[16:05:34.800125]	Exploring 0: L0[], LLi: L1[L0[]], Li: L1[L0[]], []b: L1[L0[]], cons: V0 -> L1[L0[]] -> L1[_4_], tr: L6[]
[16:05:34.800967]	Exploring 0: L0[], LLi: L1[L0[]], Li: L1[L0[]], []b: L1[L0[]], cons: V0 -> L1[L0[]] -> L1[L0[]], tr: L6[]
[16:05:34.802283]	Exploring 0: L0[], LLi: L1[L0[]], Li: L1[L0[]], []b: L1[L6[]], cons: V0 -> L1[_3_] -> L1[_4_], tr: L6[]
[16:05:34.803028]	Exploring 0: L0[], LLi: L1[L0[]], Li: L1[L6[]], []b: L1[_2_], cons: V0 -> L1[_3_] -> L1[_4_], tr: L6[]
[16:05:34.803484]	Exploring 0: L0[], LLi: L1[L0[]], Li: L1[L6[]], []b: L1[L0[]], cons: V0 -> L1[_3_] -> L1[_4_], tr: L6[]
[16:05:34.804128]	Exploring 0: L0[], LLi: L1[L0[]], Li: L1[L6[]], []b: L1[L6[]], cons: V0 -> L1[_3_] -> L1[_4_], tr: L6[]
[16:05:34.804685]	Exploring 0: L0[], LLi: L1[L6[]], Li: L1[_1_], []b: L1[_2_], cons: V0 -> L1[_3_] -> L1[_4_], tr: L6[]
[16:05:34.805121]	Exploring 0: L0[], LLi: L1[L6[]], Li: L1[L0[]], []b: L1[_2_], cons: V0 -> L1[_3_] -> L1[_4_], tr: L6[]
[16:05:34.805453]	Exploring 0: L0[], LLi: L1[L6[]], Li: L1[L0[]], []b: L1[L0[]], cons: V0 -> L1[_3_] -> L1[_4_], tr: L6[]
[16:05:34.805956]	Exploring 0: L0[], LLi: L1[L6[]], Li: L1[L0[]], []b: L1[L6[]], cons: V0 -> L1[_3_] -> L1[_4_], tr: L6[]
[16:05:34.806511]	Exploring 0: L0[], LLi: L1[L6[]], Li: L1[L6[]], []b: L1[_2_], cons: V0 -> L1[_3_] -> L1[_4_], tr: L6[]
[16:05:34.807251]	Exploring 0: L0[], LLi: L1[L6[]], Li: L1[L6[]], []b: L1[L0[]], cons: V0 -> L1[_3_] -> L1[_4_], tr: L6[]
[16:05:34.808243]	Exploring 0: L0[], LLi: L1[L6[]], Li: L1[L6[]], []b: L1[L6[]], cons: V0 -> L1[_3_] -> L1[_4_], tr: L6[]
[16:05:34.808948]	Exploring 0: L0[], LLi: L1[L6[]], Li: L1[L6[]], []b: L1[L6[]], cons: V0 -> L1[L6[]] -> L1[_4_], tr: L6[]
[16:05:34.809457]	Exploring 0: L0[], LLi: L1[L6[]], Li: L1[L6[]], []b: L1[L6[]], cons: V0 -> L1[L6[]] -> L1[L6[]], tr: L6[]
[16:05:34.810136]	END Size 5 : 14 ms
[16:05:34.810281]	BEG Size 6
[16:05:34.810446]	Exploring 0: L0[], LLi: L0[], Li: L0[], []b: L3[], cons: V0 -> V0 -> V0, tr: L3[]
[16:05:34.810846]	Exploring 0: L0[], LLi: L1[_0_], Li: L1[_1_], []b: L1[_2_], cons: V0 -> L1[_3_] -> L1[_4_], tr: L6[]
[16:05:34.811598]	Exploring 0: L0[], LLi: L1[L0[]], Li: L1[_1_], []b: L1[_2_], cons: V0 -> L1[_3_] -> L1[_4_], tr: L6[]
[16:05:34.812236]	Exploring 0: L0[], LLi: L1[L0[]], Li: L1[L0[]], []b: L1[_2_], cons: V0 -> L1[_3_] -> L1[_4_], tr: L6[]
[16:05:34.812821]	Exploring 0: L0[], LLi: L1[L0[]], Li: L1[L0[]], []b: L1[L0[]], cons: V0 -> L1[_3_] -> L1[_4_], tr: L6[]
[16:05:34.813441]	Exploring 0: L0[], LLi: L1[L0[]], Li: L1[L0[]], []b: L1[L0[]], cons: V0 -> L1[L0[]] -> L1[_4_], tr: L6[]
[16:05:34.814395]	Exploring 0: L0[], LLi: L1[L0[]], Li: L1[L0[]], []b: L1[L0[]], cons: V0 -> L1[L0[]] -> L1[L0[]], tr: L6[]
[16:05:34.816734]	Exploring 0: L0[], LLi: L1[L0[]], Li: L1[L0[]], []b: L1[L6[]], cons: V0 -> L1[_3_] -> L1[_4_], tr: L6[]
[16:05:34.818334]	Exploring 0: L0[], LLi: L1[L0[]], Li: L1[L6[]], []b: L1[_2_], cons: V0 -> L1[_3_] -> L1[_4_], tr: L6[]
[16:05:34.819298]	Exploring 0: L0[], LLi: L1[L0[]], Li: L1[L6[]], []b: L1[L0[]], cons: V0 -> L1[_3_] -> L1[_4_], tr: L6[]
[16:05:34.821100]	Exploring 0: L0[], LLi: L1[L0[]], Li: L1[L6[]], []b: L1[L6[]], cons: V0 -> L1[_3_] -> L1[_4_], tr: L6[]
[16:05:34.822933]	Exploring 0: L0[], LLi: L1[L6[]], Li: L1[_1_], []b: L1[_2_], cons: V0 -> L1[_3_] -> L1[_4_], tr: L6[]
[16:05:34.823640]	Exploring 0: L0[], LLi: L1[L6[]], Li: L1[L0[]], []b: L1[_2_], cons: V0 -> L1[_3_] -> L1[_4_], tr: L6[]
[16:05:34.824697]	Exploring 0: L0[], LLi: L1[L6[]], Li: L1[L0[]], []b: L1[L0[]], cons: V0 -> L1[_3_] -> L1[_4_], tr: L6[]
[16:05:34.825880]	Exploring 0: L0[], LLi: L1[L6[]], Li: L1[L0[]], []b: L1[L6[]], cons: V0 -> L1[_3_] -> L1[_4_], tr: L6[]
[16:05:34.826825]	Exploring 0: L0[], LLi: L1[L6[]], Li: L1[L6[]], []b: L1[_2_], cons: V0 -> L1[_3_] -> L1[_4_], tr: L6[]
[16:05:34.827307]	Exploring 0: L0[], LLi: L1[L6[]], Li: L1[L6[]], []b: L1[L0[]], cons: V0 -> L1[_3_] -> L1[_4_], tr: L6[]
[16:05:34.827898]	Exploring 0: L0[], LLi: L1[L6[]], Li: L1[L6[]], []b: L1[L6[]], cons: V0 -> L1[_3_] -> L1[_4_], tr: L6[]
[16:05:34.828529]	Exploring 0: L0[], LLi: L1[L6[]], Li: L1[L6[]], []b: L1[L6[]], cons: V0 -> L1[L6[]] -> L1[_4_], tr: L6[]
[16:05:34.829045]	Exploring 0: L0[], LLi: L1[L6[]], Li: L1[L6[]], []b: L1[L6[]], cons: V0 -> L1[L6[]] -> L1[L6[]], tr: L6[]
[16:05:34.830174]	END Size 6 : 20 ms
[16:05:34.830553]	BEG Size 7
[16:05:34.830998]	Exploring 0: L0[], LLi: L0[], Li: L0[], []b: L3[], cons: V0 -> V0 -> V0, tr: L3[]
[16:05:34.831711]	Exploring 0: L0[], LLi: L1[_0_], Li: L1[_1_], []b: L1[_2_], cons: V0 -> L1[_3_] -> L1[_4_], tr: L6[]
[16:05:34.832415]	Exploring 0: L0[], LLi: L1[L0[]], Li: L1[_1_], []b: L1[_2_], cons: V0 -> L1[_3_] -> L1[_4_], tr: L6[]
[16:05:34.832924]	Exploring 0: L0[], LLi: L1[L0[]], Li: L1[L0[]], []b: L1[_2_], cons: V0 -> L1[_3_] -> L1[_4_], tr: L6[]
[16:05:34.833359]	Exploring 0: L0[], LLi: L1[L0[]], Li: L1[L0[]], []b: L1[L0[]], cons: V0 -> L1[_3_] -> L1[_4_], tr: L6[]
[16:05:34.833872]	Exploring 0: L0[], LLi: L1[L0[]], Li: L1[L0[]], []b: L1[L0[]], cons: V0 -> L1[L0[]] -> L1[_4_], tr: L6[]
[16:05:34.834495]	Exploring 0: L0[], LLi: L1[L0[]], Li: L1[L0[]], []b: L1[L0[]], cons: V0 -> L1[L0[]] -> L1[L0[]], tr: L6[]
[16:05:34.836202]	Exploring 0: L0[], LLi: L1[L0[]], Li: L1[L0[]], []b: L1[L6[]], cons: V0 -> L1[_3_] -> L1[_4_], tr: L6[]
[16:05:34.837014]	Exploring 0: L0[], LLi: L1[L0[]], Li: L1[L6[]], []b: L1[_2_], cons: V0 -> L1[_3_] -> L1[_4_], tr: L6[]
[16:05:34.837438]	Exploring 0: L0[], LLi: L1[L0[]], Li: L1[L6[]], []b: L1[L0[]], cons: V0 -> L1[_3_] -> L1[_4_], tr: L6[]
[16:05:34.838566]	Exploring 0: L0[], LLi: L1[L0[]], Li: L1[L6[]], []b: L1[L6[]], cons: V0 -> L1[_3_] -> L1[_4_], tr: L6[]
[16:05:34.839211]	Exploring 0: L0[], LLi: L1[L6[]], Li: L1[_1_], []b: L1[_2_], cons: V0 -> L1[_3_] -> L1[_4_], tr: L6[]
[16:05:34.839623]	Exploring 0: L0[], LLi: L1[L6[]], Li: L1[L0[]], []b: L1[_2_], cons: V0 -> L1[_3_] -> L1[_4_], tr: L6[]
[16:05:34.840205]	Exploring 0: L0[], LLi: L1[L6[]], Li: L1[L0[]], []b: L1[L0[]], cons: V0 -> L1[_3_] -> L1[_4_], tr: L6[]
[16:05:34.841171]	Exploring 0: L0[], LLi: L1[L6[]], Li: L1[L0[]], []b: L1[L6[]], cons: V0 -> L1[_3_] -> L1[_4_], tr: L6[]
[16:05:34.841962]	Exploring 0: L0[], LLi: L1[L6[]], Li: L1[L6[]], []b: L1[_2_], cons: V0 -> L1[_3_] -> L1[_4_], tr: L6[]
[16:05:34.842553]	Exploring 0: L0[], LLi: L1[L6[]], Li: L1[L6[]], []b: L1[L0[]], cons: V0 -> L1[_3_] -> L1[_4_], tr: L6[]
[16:05:34.843269]	Exploring 0: L0[], LLi: L1[L6[]], Li: L1[L6[]], []b: L1[L6[]], cons: V0 -> L1[_3_] -> L1[_4_], tr: L6[]
[16:05:34.849936]	Exploring 0: L0[], LLi: L1[L6[]], Li: L1[L6[]], []b: L1[L6[]], cons: V0 -> L1[L6[]] -> L1[_4_], tr: L6[]
[16:05:34.850767]	Exploring 0: L0[], LLi: L1[L6[]], Li: L1[L6[]], []b: L1[L6[]], cons: V0 -> L1[L6[]] -> L1[L6[]], tr: L6[]
[16:05:34.851943]	END Size 7 : 21 ms
[16:05:34.852124]	BEG Size 8
[16:05:34.852309]	Exploring 0: L0[], LLi: L0[], Li: L0[], []b: L3[], cons: V0 -> V0 -> V0, tr: L3[]
[16:05:34.852649]	Exploring 0: L0[], LLi: L1[_0_], Li: L1[_1_], []b: L1[_2_], cons: V0 -> L1[_3_] -> L1[_4_], tr: L6[]
[16:05:34.853205]	Exploring 0: L0[], LLi: L1[L0[]], Li: L1[_1_], []b: L1[_2_], cons: V0 -> L1[_3_] -> L1[_4_], tr: L6[]
[16:05:34.853616]	Exploring 0: L0[], LLi: L1[L0[]], Li: L1[L0[]], []b: L1[_2_], cons: V0 -> L1[_3_] -> L1[_4_], tr: L6[]
[16:05:34.854045]	Exploring 0: L0[], LLi: L1[L0[]], Li: L1[L0[]], []b: L1[L0[]], cons: V0 -> L1[_3_] -> L1[_4_], tr: L6[]
[16:05:34.854381]	Exploring 0: L0[], LLi: L1[L0[]], Li: L1[L0[]], []b: L1[L0[]], cons: V0 -> L1[L0[]] -> L1[_4_], tr: L6[]
[16:05:34.854673]	Exploring 0: L0[], LLi: L1[L0[]], Li: L1[L0[]], []b: L1[L0[]], cons: V0 -> L1[L0[]] -> L1[L0[]], tr: L6[]
[16:05:34.855195]	Exploring 0: L0[], LLi: L1[L0[]], Li: L1[L0[]], []b: L1[L6[]], cons: V0 -> L1[_3_] -> L1[_4_], tr: L6[]
[16:05:34.855634]	Exploring 0: L0[], LLi: L1[L0[]], Li: L1[L6[]], []b: L1[_2_], cons: V0 -> L1[_3_] -> L1[_4_], tr: L6[]
[16:05:34.856066]	Exploring 0: L0[], LLi: L1[L0[]], Li: L1[L6[]], []b: L1[L0[]], cons: V0 -> L1[_3_] -> L1[_4_], tr: L6[]
[16:05:34.856618]	Exploring 0: L0[], LLi: L1[L0[]], Li: L1[L6[]], []b: L1[L6[]], cons: V0 -> L1[_3_] -> L1[_4_], tr: L6[]
[16:05:34.857927]	Exploring 0: L0[], LLi: L1[L6[]], Li: L1[_1_], []b: L1[_2_], cons: V0 -> L1[_3_] -> L1[_4_], tr: L6[]
[16:05:34.858912]	Exploring 0: L0[], LLi: L1[L6[]], Li: L1[L0[]], []b: L1[_2_], cons: V0 -> L1[_3_] -> L1[_4_], tr: L6[]
[16:05:34.860174]	Exploring 0: L0[], LLi: L1[L6[]], Li: L1[L0[]], []b: L1[L0[]], cons: V0 -> L1[_3_] -> L1[_4_], tr: L6[]
[16:05:34.861590]	Exploring 0: L0[], LLi: L1[L6[]], Li: L1[L0[]], []b: L1[L6[]], cons: V0 -> L1[_3_] -> L1[_4_], tr: L6[]
[16:05:34.862696]	Exploring 0: L0[], LLi: L1[L6[]], Li: L1[L6[]], []b: L1[_2_], cons: V0 -> L1[_3_] -> L1[_4_], tr: L6[]
[16:05:34.863596]	Exploring 0: L0[], LLi: L1[L6[]], Li: L1[L6[]], []b: L1[L0[]], cons: V0 -> L1[_3_] -> L1[_4_], tr: L6[]
[16:05:34.865079]	Exploring 0: L0[], LLi: L1[L6[]], Li: L1[L6[]], []b: L1[L6[]], cons: V0 -> L1[_3_] -> L1[_4_], tr: L6[]
[16:05:34.866245]	Exploring 0: L0[], LLi: L1[L6[]], Li: L1[L6[]], []b: L1[L6[]], cons: V0 -> L1[L6[]] -> L1[_4_], tr: L6[]
[16:05:34.867077]	Exploring 0: L0[], LLi: L1[L6[]], Li: L1[L6[]], []b: L1[L6[]], cons: V0 -> L1[L6[]] -> L1[L6[]], tr: L6[]
[16:05:34.868121]	END Size 8 : 16 ms
[16:05:34.868345]	BEG Size 9
[16:05:34.868547]	Exploring 0: L0[], LLi: L0[], Li: L0[], []b: L3[], cons: V0 -> V0 -> V0, tr: L3[]
[16:05:34.868991]	Exploring 0: L0[], LLi: L1[_0_], Li: L1[_1_], []b: L1[_2_], cons: V0 -> L1[_3_] -> L1[_4_], tr: L6[]
[16:05:34.869695]	Exploring 0: L0[], LLi: L1[L0[]], Li: L1[_1_], []b: L1[_2_], cons: V0 -> L1[_3_] -> L1[_4_], tr: L6[]
[16:05:34.870157]	Exploring 0: L0[], LLi: L1[L0[]], Li: L1[L0[]], []b: L1[_2_], cons: V0 -> L1[_3_] -> L1[_4_], tr: L6[]
[16:05:34.870583]	Exploring 0: L0[], LLi: L1[L0[]], Li: L1[L0[]], []b: L1[L0[]], cons: V0 -> L1[_3_] -> L1[_4_], tr: L6[]
[16:05:34.871127]	Exploring 0: L0[], LLi: L1[L0[]], Li: L1[L0[]], []b: L1[L0[]], cons: V0 -> L1[L0[]] -> L1[_4_], tr: L6[]
[16:05:34.871577]	Exploring 0: L0[], LLi: L1[L0[]], Li: L1[L0[]], []b: L1[L0[]], cons: V0 -> L1[L0[]] -> L1[L0[]], tr: L6[]
[16:05:34.872455]	Exploring 0: L0[], LLi: L1[L0[]], Li: L1[L0[]], []b: L1[L6[]], cons: V0 -> L1[_3_] -> L1[_4_], tr: L6[]
[16:05:34.873026]	Exploring 0: L0[], LLi: L1[L0[]], Li: L1[L6[]], []b: L1[_2_], cons: V0 -> L1[_3_] -> L1[_4_], tr: L6[]
[16:05:34.873394]	Exploring 0: L0[], LLi: L1[L0[]], Li: L1[L6[]], []b: L1[L0[]], cons: V0 -> L1[_3_] -> L1[_4_], tr: L6[]
[16:05:34.873938]	Exploring 0: L0[], LLi: L1[L0[]], Li: L1[L6[]], []b: L1[L6[]], cons: V0 -> L1[_3_] -> L1[_4_], tr: L6[]
[16:05:34.874475]	Exploring 0: L0[], LLi: L1[L6[]], Li: L1[_1_], []b: L1[_2_], cons: V0 -> L1[_3_] -> L1[_4_], tr: L6[]
[16:05:34.874850]	Exploring 0: L0[], LLi: L1[L6[]], Li: L1[L0[]], []b: L1[_2_], cons: V0 -> L1[_3_] -> L1[_4_], tr: L6[]
[16:05:34.875252]	Exploring 0: L0[], LLi: L1[L6[]], Li: L1[L0[]], []b: L1[L0[]], cons: V0 -> L1[_3_] -> L1[_4_], tr: L6[]
[16:05:34.876093]	Exploring 0: L0[], LLi: L1[L6[]], Li: L1[L0[]], []b: L1[L6[]], cons: V0 -> L1[_3_] -> L1[_4_], tr: L6[]
[16:05:34.877105]	Exploring 0: L0[], LLi: L1[L6[]], Li: L1[L6[]], []b: L1[_2_], cons: V0 -> L1[_3_] -> L1[_4_], tr: L6[]
[16:05:34.877648]	Exploring 0: L0[], LLi: L1[L6[]], Li: L1[L6[]], []b: L1[L0[]], cons: V0 -> L1[_3_] -> L1[_4_], tr: L6[]
[16:05:34.878304]	Exploring 0: L0[], LLi: L1[L6[]], Li: L1[L6[]], []b: L1[L6[]], cons: V0 -> L1[_3_] -> L1[_4_], tr: L6[]
[16:05:34.878919]	Exploring 0: L0[], LLi: L1[L6[]], Li: L1[L6[]], []b: L1[L6[]], cons: V0 -> L1[L6[]] -> L1[_4_], tr: L6[]
[16:05:34.879652]	Exploring 0: L0[], LLi: L1[L6[]], Li: L1[L6[]], []b: L1[L6[]], cons: V0 -> L1[L6[]] -> L1[L6[]], tr: L6[]
[16:05:34.880466]	END Size 9 : 12 ms
[16:05:34.880584]	BEG Size 10
[16:05:34.880714]	Exploring 0: L0[], LLi: L0[], Li: L0[], []b: L3[], cons: V0 -> V0 -> V0, tr: L3[]
[16:05:34.881009]	Exploring 0: L0[], LLi: L1[_0_], Li: L1[_1_], []b: L1[_2_], cons: V0 -> L1[_3_] -> L1[_4_], tr: L6[]
[16:05:34.881515]	Exploring 0: L0[], LLi: L1[L0[]], Li: L1[_1_], []b: L1[_2_], cons: V0 -> L1[_3_] -> L1[_4_], tr: L6[]
[16:05:34.881913]	Exploring 0: L0[], LLi: L1[L0[]], Li: L1[L0[]], []b: L1[_2_], cons: V0 -> L1[_3_] -> L1[_4_], tr: L6[]
[16:05:34.882172]	Exploring 0: L0[], LLi: L1[L0[]], Li: L1[L0[]], []b: L1[L0[]], cons: V0 -> L1[_3_] -> L1[_4_], tr: L6[]
[16:05:34.882434]	Exploring 0: L0[], LLi: L1[L0[]], Li: L1[L0[]], []b: L1[L0[]], cons: V0 -> L1[L0[]] -> L1[_4_], tr: L6[]
[16:05:34.882750]	Exploring 0: L0[], LLi: L1[L0[]], Li: L1[L0[]], []b: L1[L0[]], cons: V0 -> L1[L0[]] -> L1[L0[]], tr: L6[]
[16:05:34.883480]	Exploring 0: L0[], LLi: L1[L0[]], Li: L1[L0[]], []b: L1[L6[]], cons: V0 -> L1[_3_] -> L1[_4_], tr: L6[]
[16:05:34.883865]	Exploring 0: L0[], LLi: L1[L0[]], Li: L1[L6[]], []b: L1[_2_], cons: V0 -> L1[_3_] -> L1[_4_], tr: L6[]
[16:05:34.884106]	Exploring 0: L0[], LLi: L1[L0[]], Li: L1[L6[]], []b: L1[L0[]], cons: V0 -> L1[_3_] -> L1[_4_], tr: L6[]
[16:05:34.884389]	Exploring 0: L0[], LLi: L1[L0[]], Li: L1[L6[]], []b: L1[L6[]], cons: V0 -> L1[_3_] -> L1[_4_], tr: L6[]
[16:05:34.884871]	Exploring 0: L0[], LLi: L1[L6[]], Li: L1[_1_], []b: L1[_2_], cons: V0 -> L1[_3_] -> L1[_4_], tr: L6[]
[16:05:34.885229]	Exploring 0: L0[], LLi: L1[L6[]], Li: L1[L0[]], []b: L1[_2_], cons: V0 -> L1[_3_] -> L1[_4_], tr: L6[]
[16:05:34.885511]	Exploring 0: L0[], LLi: L1[L6[]], Li: L1[L0[]], []b: L1[L0[]], cons: V0 -> L1[_3_] -> L1[_4_], tr: L6[]
[16:05:34.885928]	Exploring 0: L0[], LLi: L1[L6[]], Li: L1[L0[]], []b: L1[L6[]], cons: V0 -> L1[_3_] -> L1[_4_], tr: L6[]
[16:05:34.886421]	Exploring 0: L0[], LLi: L1[L6[]], Li: L1[L6[]], []b: L1[_2_], cons: V0 -> L1[_3_] -> L1[_4_], tr: L6[]
[16:05:34.886758]	Exploring 0: L0[], LLi: L1[L6[]], Li: L1[L6[]], []b: L1[L0[]], cons: V0 -> L1[_3_] -> L1[_4_], tr: L6[]
[16:05:34.887087]	Exploring 0: L0[], LLi: L1[L6[]], Li: L1[L6[]], []b: L1[L6[]], cons: V0 -> L1[_3_] -> L1[_4_], tr: L6[]
[16:05:34.887333]	Exploring 0: L0[], LLi: L1[L6[]], Li: L1[L6[]], []b: L1[L6[]], cons: V0 -> L1[L6[]] -> L1[_4_], tr: L6[]
[16:05:34.887613]	Exploring 0: L0[], LLi: L1[L6[]], Li: L1[L6[]], []b: L1[L6[]], cons: V0 -> L1[L6[]] -> L1[L6[]], tr: L6[]
[16:05:34.888406]	END Size 10 : 8 ms
[16:05:34.888571]	BEG Size 11
[16:05:34.888798]	Exploring 0: L0[], LLi: L0[], Li: L0[], []b: L3[], cons: V0 -> V0 -> V0, tr: L3[]
[16:05:34.889092]	Exploring 0: L0[], LLi: L1[_0_], Li: L1[_1_], []b: L1[_2_], cons: V0 -> L1[_3_] -> L1[_4_], tr: L6[]
[16:05:34.889677]	Exploring 0: L0[], LLi: L1[L0[]], Li: L1[_1_], []b: L1[_2_], cons: V0 -> L1[_3_] -> L1[_4_], tr: L6[]
[16:05:34.890103]	Exploring 0: L0[], LLi: L1[L0[]], Li: L1[L0[]], []b: L1[_2_], cons: V0 -> L1[_3_] -> L1[_4_], tr: L6[]
[16:05:34.890438]	Exploring 0: L0[], LLi: L1[L0[]], Li: L1[L0[]], []b: L1[L0[]], cons: V0 -> L1[_3_] -> L1[_4_], tr: L6[]
[16:05:34.890979]	Exploring 0: L0[], LLi: L1[L0[]], Li: L1[L0[]], []b: L1[L0[]], cons: V0 -> L1[L0[]] -> L1[_4_], tr: L6[]
[16:05:34.891537]	Exploring 0: L0[], LLi: L1[L0[]], Li: L1[L0[]], []b: L1[L0[]], cons: V0 -> L1[L0[]] -> L1[L0[]], tr: L6[]
[16:05:34.892656]	Exploring 0: L0[], LLi: L1[L0[]], Li: L1[L0[]], []b: L1[L6[]], cons: V0 -> L1[_3_] -> L1[_4_], tr: L6[]
[16:05:34.893301]	Exploring 0: L0[], LLi: L1[L0[]], Li: L1[L6[]], []b: L1[_2_], cons: V0 -> L1[_3_] -> L1[_4_], tr: L6[]
[16:05:34.893715]	Exploring 0: L0[], LLi: L1[L0[]], Li: L1[L6[]], []b: L1[L0[]], cons: V0 -> L1[_3_] -> L1[_4_], tr: L6[]
[16:05:34.894236]	Exploring 0: L0[], LLi: L1[L0[]], Li: L1[L6[]], []b: L1[L6[]], cons: V0 -> L1[_3_] -> L1[_4_], tr: L6[]
[16:05:34.894740]	Exploring 0: L0[], LLi: L1[L6[]], Li: L1[_1_], []b: L1[_2_], cons: V0 -> L1[_3_] -> L1[_4_], tr: L6[]
[16:05:34.895084]	Exploring 0: L0[], LLi: L1[L6[]], Li: L1[L0[]], []b: L1[_2_], cons: V0 -> L1[_3_] -> L1[_4_], tr: L6[]
[16:05:34.895415]	Exploring 0: L0[], LLi: L1[L6[]], Li: L1[L0[]], []b: L1[L0[]], cons: V0 -> L1[_3_] -> L1[_4_], tr: L6[]
[16:05:34.895919]	Exploring 0: L0[], LLi: L1[L6[]], Li: L1[L0[]], []b: L1[L6[]], cons: V0 -> L1[_3_] -> L1[_4_], tr: L6[]
[16:05:34.896298]	Exploring 0: L0[], LLi: L1[L6[]], Li: L1[L6[]], []b: L1[_2_], cons: V0 -> L1[_3_] -> L1[_4_], tr: L6[]
[16:05:34.896605]	Exploring 0: L0[], LLi: L1[L6[]], Li: L1[L6[]], []b: L1[L0[]], cons: V0 -> L1[_3_] -> L1[_4_], tr: L6[]
[16:05:34.897079]	Exploring 0: L0[], LLi: L1[L6[]], Li: L1[L6[]], []b: L1[L6[]], cons: V0 -> L1[_3_] -> L1[_4_], tr: L6[]
[16:05:34.897436]	Exploring 0: L0[], LLi: L1[L6[]], Li: L1[L6[]], []b: L1[L6[]], cons: V0 -> L1[L6[]] -> L1[_4_], tr: L6[]
[16:05:34.897752]	Exploring 0: L0[], LLi: L1[L6[]], Li: L1[L6[]], []b: L1[L6[]], cons: V0 -> L1[L6[]] -> L1[L6[]], tr: L6[]
[16:05:34.898327]	END Size 11 : 10 ms
[16:05:34.898463]	BEG Size 12
[16:05:34.898635]	Exploring 0: L0[], LLi: L0[], Li: L0[], []b: L3[], cons: V0 -> V0 -> V0, tr: L3[]
[16:05:34.899061]	Exploring 0: L0[], LLi: L1[_0_], Li: L1[_1_], []b: L1[_2_], cons: V0 -> L1[_3_] -> L1[_4_], tr: L6[]
[16:05:34.899778]	Exploring 0: L0[], LLi: L1[L0[]], Li: L1[_1_], []b: L1[_2_], cons: V0 -> L1[_3_] -> L1[_4_], tr: L6[]
[16:05:34.900268]	Exploring 0: L0[], LLi: L1[L0[]], Li: L1[L0[]], []b: L1[_2_], cons: V0 -> L1[_3_] -> L1[_4_], tr: L6[]
[16:05:34.900677]	Exploring 0: L0[], LLi: L1[L0[]], Li: L1[L0[]], []b: L1[L0[]], cons: V0 -> L1[_3_] -> L1[_4_], tr: L6[]
[16:05:34.901091]	Exploring 0: L0[], LLi: L1[L0[]], Li: L1[L0[]], []b: L1[L0[]], cons: V0 -> L1[L0[]] -> L1[_4_], tr: L6[]
[16:05:34.901595]	Exploring 0: L0[], LLi: L1[L0[]], Li: L1[L0[]], []b: L1[L0[]], cons: V0 -> L1[L0[]] -> L1[L0[]], tr: L6[]
[16:05:34.902291]	Exploring 0: L0[], LLi: L1[L0[]], Li: L1[L0[]], []b: L1[L6[]], cons: V0 -> L1[_3_] -> L1[_4_], tr: L6[]
[16:05:34.902868]	Exploring 0: L0[], LLi: L1[L0[]], Li: L1[L6[]], []b: L1[_2_], cons: V0 -> L1[_3_] -> L1[_4_], tr: L6[]
[16:05:34.903230]	Exploring 0: L0[], LLi: L1[L0[]], Li: L1[L6[]], []b: L1[L0[]], cons: V0 -> L1[_3_] -> L1[_4_], tr: L6[]
[16:05:34.903724]	Exploring 0: L0[], LLi: L1[L0[]], Li: L1[L6[]], []b: L1[L6[]], cons: V0 -> L1[_3_] -> L1[_4_], tr: L6[]
[16:05:34.904265]	Exploring 0: L0[], LLi: L1[L6[]], Li: L1[_1_], []b: L1[_2_], cons: V0 -> L1[_3_] -> L1[_4_], tr: L6[]
[16:05:34.904650]	Exploring 0: L0[], LLi: L1[L6[]], Li: L1[L0[]], []b: L1[_2_], cons: V0 -> L1[_3_] -> L1[_4_], tr: L6[]
[16:05:34.905021]	Exploring 0: L0[], LLi: L1[L6[]], Li: L1[L0[]], []b: L1[L0[]], cons: V0 -> L1[_3_] -> L1[_4_], tr: L6[]
[16:05:34.905596]	Exploring 0: L0[], LLi: L1[L6[]], Li: L1[L0[]], []b: L1[L6[]], cons: V0 -> L1[_3_] -> L1[_4_], tr: L6[]
[16:05:34.906137]	Exploring 0: L0[], LLi: L1[L6[]], Li: L1[L6[]], []b: L1[_2_], cons: V0 -> L1[_3_] -> L1[_4_], tr: L6[]
[16:05:34.906534]	Exploring 0: L0[], LLi: L1[L6[]], Li: L1[L6[]], []b: L1[L0[]], cons: V0 -> L1[_3_] -> L1[_4_], tr: L6[]
[16:05:34.907004]	Exploring 0: L0[], LLi: L1[L6[]], Li: L1[L6[]], []b: L1[L6[]], cons: V0 -> L1[_3_] -> L1[_4_], tr: L6[]
[16:05:34.907392]	Exploring 0: L0[], LLi: L1[L6[]], Li: L1[L6[]], []b: L1[L6[]], cons: V0 -> L1[L6[]] -> L1[_4_], tr: L6[]
[16:05:34.907825]	Exploring 0: L0[], LLi: L1[L6[]], Li: L1[L6[]], []b: L1[L6[]], cons: V0 -> L1[L6[]] -> L1[L6[]], tr: L6[]
[16:05:34.908404]	END Size 12 : 10 ms
[16:05:34.908507]	BEG Size 13
[16:05:34.908614]	Exploring 0: L0[], LLi: L0[], Li: L0[], []b: L3[], cons: V0 -> V0 -> V0, tr: L3[]
[16:05:34.908917]	Exploring 0: L0[], LLi: L1[_0_], Li: L1[_1_], []b: L1[_2_], cons: V0 -> L1[_3_] -> L1[_4_], tr: L6[]
[16:05:34.909347]	Exploring 0: L0[], LLi: L1[L0[]], Li: L1[_1_], []b: L1[_2_], cons: V0 -> L1[_3_] -> L1[_4_], tr: L6[]
[16:05:34.909666]	Exploring 0: L0[], LLi: L1[L0[]], Li: L1[L0[]], []b: L1[_2_], cons: V0 -> L1[_3_] -> L1[_4_], tr: L6[]
[16:05:34.909985]	Exploring 0: L0[], LLi: L1[L0[]], Li: L1[L0[]], []b: L1[L0[]], cons: V0 -> L1[_3_] -> L1[_4_], tr: L6[]
[16:05:34.910372]	Exploring 0: L0[], LLi: L1[L0[]], Li: L1[L0[]], []b: L1[L0[]], cons: V0 -> L1[L0[]] -> L1[_4_], tr: L6[]
[16:05:34.910834]	Exploring 0: L0[], LLi: L1[L0[]], Li: L1[L0[]], []b: L1[L0[]], cons: V0 -> L1[L0[]] -> L1[L0[]], tr: L6[]
[16:05:34.911617]	Exploring 0: L0[], LLi: L1[L0[]], Li: L1[L0[]], []b: L1[L6[]], cons: V0 -> L1[_3_] -> L1[_4_], tr: L6[]
[16:05:34.912280]	Exploring 0: L0[], LLi: L1[L0[]], Li: L1[L6[]], []b: L1[_2_], cons: V0 -> L1[_3_] -> L1[_4_], tr: L6[]
[16:05:34.913021]	Exploring 0: L0[], LLi: L1[L0[]], Li: L1[L6[]], []b: L1[L0[]], cons: V0 -> L1[_3_] -> L1[_4_], tr: L6[]
[16:05:34.914092]	Exploring 0: L0[], LLi: L1[L0[]], Li: L1[L6[]], []b: L1[L6[]], cons: V0 -> L1[_3_] -> L1[_4_], tr: L6[]
[16:05:34.915261]	Exploring 0: L0[], LLi: L1[L6[]], Li: L1[_1_], []b: L1[_2_], cons: V0 -> L1[_3_] -> L1[_4_], tr: L6[]
[16:05:34.932904]	Exploring 0: L0[], LLi: L1[L6[]], Li: L1[L0[]], []b: L1[_2_], cons: V0 -> L1[_3_] -> L1[_4_], tr: L6[]
[16:05:34.933374]	Exploring 0: L0[], LLi: L1[L6[]], Li: L1[L0[]], []b: L1[L0[]], cons: V0 -> L1[_3_] -> L1[_4_], tr: L6[]
[16:05:34.933878]	Exploring 0: L0[], LLi: L1[L6[]], Li: L1[L0[]], []b: L1[L6[]], cons: V0 -> L1[_3_] -> L1[_4_], tr: L6[]
[16:05:34.934300]	Exploring 0: L0[], LLi: L1[L6[]], Li: L1[L6[]], []b: L1[_2_], cons: V0 -> L1[_3_] -> L1[_4_], tr: L6[]
[16:05:34.934583]	Exploring 0: L0[], LLi: L1[L6[]], Li: L1[L6[]], []b: L1[L0[]], cons: V0 -> L1[_3_] -> L1[_4_], tr: L6[]
[16:05:34.934982]	Exploring 0: L0[], LLi: L1[L6[]], Li: L1[L6[]], []b: L1[L6[]], cons: V0 -> L1[_3_] -> L1[_4_], tr: L6[]
[16:05:34.935292]	Exploring 0: L0[], LLi: L1[L6[]], Li: L1[L6[]], []b: L1[L6[]], cons: V0 -> L1[L6[]] -> L1[_4_], tr: L6[]
[16:05:34.935629]	Exploring 0: L0[], LLi: L1[L6[]], Li: L1[L6[]], []b: L1[L6[]], cons: V0 -> L1[L6[]] -> L1[L6[]], tr: L6[]
[16:05:34.936140]	END Size 13 : 28 ms
[16:05:34.936242]	BEG Size 14
[16:05:34.936337]	Exploring 0: L0[], LLi: L0[], Li: L0[], []b: L3[], cons: V0 -> V0 -> V0, tr: L3[]
[16:05:34.936528]	Exploring 0: L0[], LLi: L1[_0_], Li: L1[_1_], []b: L1[_2_], cons: V0 -> L1[_3_] -> L1[_4_], tr: L6[]
[16:05:34.936903]	Exploring 0: L0[], LLi: L1[L0[]], Li: L1[_1_], []b: L1[_2_], cons: V0 -> L1[_3_] -> L1[_4_], tr: L6[]
[16:05:34.937209]	Exploring 0: L0[], LLi: L1[L0[]], Li: L1[L0[]], []b: L1[_2_], cons: V0 -> L1[_3_] -> L1[_4_], tr: L6[]
[16:05:34.937502]	Exploring 0: L0[], LLi: L1[L0[]], Li: L1[L0[]], []b: L1[L0[]], cons: V0 -> L1[_3_] -> L1[_4_], tr: L6[]
[16:05:34.937842]	Exploring 0: L0[], LLi: L1[L0[]], Li: L1[L0[]], []b: L1[L0[]], cons: V0 -> L1[L0[]] -> L1[_4_], tr: L6[]
[16:05:34.938193]	Exploring 0: L0[], LLi: L1[L0[]], Li: L1[L0[]], []b: L1[L0[]], cons: V0 -> L1[L0[]] -> L1[L0[]], tr: L6[]
[16:05:34.938844]	Exploring 0: L0[], LLi: L1[L0[]], Li: L1[L0[]], []b: L1[L6[]], cons: V0 -> L1[_3_] -> L1[_4_], tr: L6[]
[16:05:34.939571]	Exploring 0: L0[], LLi: L1[L0[]], Li: L1[L6[]], []b: L1[_2_], cons: V0 -> L1[_3_] -> L1[_4_], tr: L6[]
[16:05:34.940169]	Exploring 0: L0[], LLi: L1[L0[]], Li: L1[L6[]], []b: L1[L0[]], cons: V0 -> L1[_3_] -> L1[_4_], tr: L6[]
[16:05:34.940848]	Exploring 0: L0[], LLi: L1[L0[]], Li: L1[L6[]], []b: L1[L6[]], cons: V0 -> L1[_3_] -> L1[_4_], tr: L6[]
[16:05:34.941362]	Exploring 0: L0[], LLi: L1[L6[]], Li: L1[_1_], []b: L1[_2_], cons: V0 -> L1[_3_] -> L1[_4_], tr: L6[]
[16:05:34.941753]	Exploring 0: L0[], LLi: L1[L6[]], Li: L1[L0[]], []b: L1[_2_], cons: V0 -> L1[_3_] -> L1[_4_], tr: L6[]
[16:05:34.942196]	Exploring 0: L0[], LLi: L1[L6[]], Li: L1[L0[]], []b: L1[L0[]], cons: V0 -> L1[_3_] -> L1[_4_], tr: L6[]
[16:05:34.942721]	Exploring 0: L0[], LLi: L1[L6[]], Li: L1[L0[]], []b: L1[L6[]], cons: V0 -> L1[_3_] -> L1[_4_], tr: L6[]
[16:05:34.943241]	Exploring 0: L0[], LLi: L1[L6[]], Li: L1[L6[]], []b: L1[_2_], cons: V0 -> L1[_3_] -> L1[_4_], tr: L6[]
[16:05:34.943559]	Exploring 0: L0[], LLi: L1[L6[]], Li: L1[L6[]], []b: L1[L0[]], cons: V0 -> L1[_3_] -> L1[_4_], tr: L6[]
[16:05:34.943906]	Exploring 0: L0[], LLi: L1[L6[]], Li: L1[L6[]], []b: L1[L6[]], cons: V0 -> L1[_3_] -> L1[_4_], tr: L6[]
[16:05:34.944191]	Exploring 0: L0[], LLi: L1[L6[]], Li: L1[L6[]], []b: L1[L6[]], cons: V0 -> L1[L6[]] -> L1[_4_], tr: L6[]
[16:05:34.944577]	Exploring 0: L0[], LLi: L1[L6[]], Li: L1[L6[]], []b: L1[L6[]], cons: V0 -> L1[L6[]] -> L1[L6[]], tr: L6[]
[16:05:34.945007]	END Size 14 : 8 ms
[16:05:34.945091]	BEG Size 15
[16:05:34.945178]	Exploring 0: L0[], LLi: L0[], Li: L0[], []b: L3[], cons: V0 -> V0 -> V0, tr: L3[]
[16:05:34.945368]	Exploring 0: L0[], LLi: L1[_0_], Li: L1[_1_], []b: L1[_2_], cons: V0 -> L1[_3_] -> L1[_4_], tr: L6[]
[16:05:34.945709]	Exploring 0: L0[], LLi: L1[L0[]], Li: L1[_1_], []b: L1[_2_], cons: V0 -> L1[_3_] -> L1[_4_], tr: L6[]
[16:05:34.945961]	Exploring 0: L0[], LLi: L1[L0[]], Li: L1[L0[]], []b: L1[_2_], cons: V0 -> L1[_3_] -> L1[_4_], tr: L6[]
[16:05:34.946227]	Exploring 0: L0[], LLi: L1[L0[]], Li: L1[L0[]], []b: L1[L0[]], cons: V0 -> L1[_3_] -> L1[_4_], tr: L6[]
[16:05:34.946556]	Exploring 0: L0[], LLi: L1[L0[]], Li: L1[L0[]], []b: L1[L0[]], cons: V0 -> L1[L0[]] -> L1[_4_], tr: L6[]
[16:05:34.946832]	Exploring 0: L0[], LLi: L1[L0[]], Li: L1[L0[]], []b: L1[L0[]], cons: V0 -> L1[L0[]] -> L1[L0[]], tr: L6[]
[16:05:34.947349]	Exploring 0: L0[], LLi: L1[L0[]], Li: L1[L0[]], []b: L1[L6[]], cons: V0 -> L1[_3_] -> L1[_4_], tr: L6[]
[16:05:34.947796]	Exploring 0: L0[], LLi: L1[L0[]], Li: L1[L6[]], []b: L1[_2_], cons: V0 -> L1[_3_] -> L1[_4_], tr: L6[]
[16:05:34.948232]	Exploring 0: L0[], LLi: L1[L0[]], Li: L1[L6[]], []b: L1[L0[]], cons: V0 -> L1[_3_] -> L1[_4_], tr: L6[]
[16:05:34.948913]	Exploring 0: L0[], LLi: L1[L0[]], Li: L1[L6[]], []b: L1[L6[]], cons: V0 -> L1[_3_] -> L1[_4_], tr: L6[]
[16:05:34.949565]	Exploring 0: L0[], LLi: L1[L6[]], Li: L1[_1_], []b: L1[_2_], cons: V0 -> L1[_3_] -> L1[_4_], tr: L6[]
[16:05:34.949968]	Exploring 0: L0[], LLi: L1[L6[]], Li: L1[L0[]], []b: L1[_2_], cons: V0 -> L1[_3_] -> L1[_4_], tr: L6[]
[16:05:34.950281]	Exploring 0: L0[], LLi: L1[L6[]], Li: L1[L0[]], []b: L1[L0[]], cons: V0 -> L1[_3_] -> L1[_4_], tr: L6[]
[16:05:34.950686]	Exploring 0: L0[], LLi: L1[L6[]], Li: L1[L0[]], []b: L1[L6[]], cons: V0 -> L1[_3_] -> L1[_4_], tr: L6[]
[16:05:34.951184]	Exploring 0: L0[], LLi: L1[L6[]], Li: L1[L6[]], []b: L1[_2_], cons: V0 -> L1[_3_] -> L1[_4_], tr: L6[]
[16:05:34.951550]	Exploring 0: L0[], LLi: L1[L6[]], Li: L1[L6[]], []b: L1[L0[]], cons: V0 -> L1[_3_] -> L1[_4_], tr: L6[]
[16:05:34.951919]	Exploring 0: L0[], LLi: L1[L6[]], Li: L1[L6[]], []b: L1[L6[]], cons: V0 -> L1[_3_] -> L1[_4_], tr: L6[]
[16:05:34.952220]	Exploring 0: L0[], LLi: L1[L6[]], Li: L1[L6[]], []b: L1[L6[]], cons: V0 -> L1[L6[]] -> L1[_4_], tr: L6[]
[16:05:34.952522]	Exploring 0: L0[], LLi: L1[L6[]], Li: L1[L6[]], []b: L1[L6[]], cons: V0 -> L1[L6[]] -> L1[L6[]], tr: L6[]
[16:05:34.952974]	END Size 15 : 7 ms
[16:05:34.953060]	BEG Size 16
[16:05:34.953145]	Exploring 0: L0[], LLi: L0[], Li: L0[], []b: L3[], cons: V0 -> V0 -> V0, tr: L3[]
[16:05:34.953363]	Exploring 0: L0[], LLi: L1[_0_], Li: L1[_1_], []b: L1[_2_], cons: V0 -> L1[_3_] -> L1[_4_], tr: L6[]
[16:05:34.953690]	Exploring 0: L0[], LLi: L1[L0[]], Li: L1[_1_], []b: L1[_2_], cons: V0 -> L1[_3_] -> L1[_4_], tr: L6[]
[16:05:34.953935]	Exploring 0: L0[], LLi: L1[L0[]], Li: L1[L0[]], []b: L1[_2_], cons: V0 -> L1[_3_] -> L1[_4_], tr: L6[]
[16:05:34.954163]	Exploring 0: L0[], LLi: L1[L0[]], Li: L1[L0[]], []b: L1[L0[]], cons: V0 -> L1[_3_] -> L1[_4_], tr: L6[]
[16:05:34.954476]	Exploring 0: L0[], LLi: L1[L0[]], Li: L1[L0[]], []b: L1[L0[]], cons: V0 -> L1[L0[]] -> L1[_4_], tr: L6[]
[16:05:34.954754]	Exploring 0: L0[], LLi: L1[L0[]], Li: L1[L0[]], []b: L1[L0[]], cons: V0 -> L1[L0[]] -> L1[L0[]], tr: L6[]
[16:05:34.955295]	Exploring 0: L0[], LLi: L1[L0[]], Li: L1[L0[]], []b: L1[L6[]], cons: V0 -> L1[_3_] -> L1[_4_], tr: L6[]
[16:05:34.955944]	Exploring 0: L0[], LLi: L1[L0[]], Li: L1[L6[]], []b: L1[_2_], cons: V0 -> L1[_3_] -> L1[_4_], tr: L6[]
[16:05:34.956688]	Exploring 0: L0[], LLi: L1[L0[]], Li: L1[L6[]], []b: L1[L0[]], cons: V0 -> L1[_3_] -> L1[_4_], tr: L6[]
[16:05:34.957401]	Exploring 0: L0[], LLi: L1[L0[]], Li: L1[L6[]], []b: L1[L6[]], cons: V0 -> L1[_3_] -> L1[_4_], tr: L6[]
[16:05:34.958045]	Exploring 0: L0[], LLi: L1[L6[]], Li: L1[_1_], []b: L1[_2_], cons: V0 -> L1[_3_] -> L1[_4_], tr: L6[]
[16:05:34.958466]	Exploring 0: L0[], LLi: L1[L6[]], Li: L1[L0[]], []b: L1[_2_], cons: V0 -> L1[_3_] -> L1[_4_], tr: L6[]
[16:05:34.958794]	Exploring 0: L0[], LLi: L1[L6[]], Li: L1[L0[]], []b: L1[L0[]], cons: V0 -> L1[_3_] -> L1[_4_], tr: L6[]
[16:05:34.959132]	Exploring 0: L0[], LLi: L1[L6[]], Li: L1[L0[]], []b: L1[L6[]], cons: V0 -> L1[_3_] -> L1[_4_], tr: L6[]
[16:05:34.959477]	Exploring 0: L0[], LLi: L1[L6[]], Li: L1[L6[]], []b: L1[_2_], cons: V0 -> L1[_3_] -> L1[_4_], tr: L6[]
[16:05:34.959736]	Exploring 0: L0[], LLi: L1[L6[]], Li: L1[L6[]], []b: L1[L0[]], cons: V0 -> L1[_3_] -> L1[_4_], tr: L6[]
[16:05:34.960053]	Exploring 0: L0[], LLi: L1[L6[]], Li: L1[L6[]], []b: L1[L6[]], cons: V0 -> L1[_3_] -> L1[_4_], tr: L6[]
[16:05:34.960385]	Exploring 0: L0[], LLi: L1[L6[]], Li: L1[L6[]], []b: L1[L6[]], cons: V0 -> L1[L6[]] -> L1[_4_], tr: L6[]
[16:05:34.960769]	Exploring 0: L0[], LLi: L1[L6[]], Li: L1[L6[]], []b: L1[L6[]], cons: V0 -> L1[L6[]] -> L1[L6[]], tr: L6[]
[16:05:34.961213]	END Size 16 : 8 ms
[16:05:34.961292]	BEG Size 17
[16:05:34.961378]	Exploring 0: L0[], LLi: L0[], Li: L0[], []b: L3[], cons: V0 -> V0 -> V0, tr: L3[]
[16:05:34.961588]	Exploring 0: L0[], LLi: L1[_0_], Li: L1[_1_], []b: L1[_2_], cons: V0 -> L1[_3_] -> L1[_4_], tr: L6[]
[16:05:34.961969]	Exploring 0: L0[], LLi: L1[L0[]], Li: L1[_1_], []b: L1[_2_], cons: V0 -> L1[_3_] -> L1[_4_], tr: L6[]
[16:05:34.962255]	Exploring 0: L0[], LLi: L1[L0[]], Li: L1[L0[]], []b: L1[_2_], cons: V0 -> L1[_3_] -> L1[_4_], tr: L6[]
[16:05:34.962777]	Exploring 0: L0[], LLi: L1[L0[]], Li: L1[L0[]], []b: L1[L0[]], cons: V0 -> L1[_3_] -> L1[_4_], tr: L6[]
[16:05:34.963535]	Exploring 0: L0[], LLi: L1[L0[]], Li: L1[L0[]], []b: L1[L0[]], cons: V0 -> L1[L0[]] -> L1[_4_], tr: L6[]
[16:05:34.963983]	Exploring 0: L0[], LLi: L1[L0[]], Li: L1[L0[]], []b: L1[L0[]], cons: V0 -> L1[L0[]] -> L1[L0[]], tr: L6[]
[16:05:34.964627]	Exploring 0: L0[], LLi: L1[L0[]], Li: L1[L0[]], []b: L1[L6[]], cons: V0 -> L1[_3_] -> L1[_4_], tr: L6[]
[16:05:34.965198]	Exploring 0: L0[], LLi: L1[L0[]], Li: L1[L6[]], []b: L1[_2_], cons: V0 -> L1[_3_] -> L1[_4_], tr: L6[]
[16:05:34.965445]	Exploring 0: L0[], LLi: L1[L0[]], Li: L1[L6[]], []b: L1[L0[]], cons: V0 -> L1[_3_] -> L1[_4_], tr: L6[]
[16:05:34.965736]	Exploring 0: L0[], LLi: L1[L0[]], Li: L1[L6[]], []b: L1[L6[]], cons: V0 -> L1[_3_] -> L1[_4_], tr: L6[]
[16:05:34.966034]	Exploring 0: L0[], LLi: L1[L6[]], Li: L1[_1_], []b: L1[_2_], cons: V0 -> L1[_3_] -> L1[_4_], tr: L6[]
[16:05:34.966246]	Exploring 0: L0[], LLi: L1[L6[]], Li: L1[L0[]], []b: L1[_2_], cons: V0 -> L1[_3_] -> L1[_4_], tr: L6[]
[16:05:34.966456]	Exploring 0: L0[], LLi: L1[L6[]], Li: L1[L0[]], []b: L1[L0[]], cons: V0 -> L1[_3_] -> L1[_4_], tr: L6[]
[16:05:34.966764]	Exploring 0: L0[], LLi: L1[L6[]], Li: L1[L0[]], []b: L1[L6[]], cons: V0 -> L1[_3_] -> L1[_4_], tr: L6[]
[16:05:34.967071]	Exploring 0: L0[], LLi: L1[L6[]], Li: L1[L6[]], []b: L1[_2_], cons: V0 -> L1[_3_] -> L1[_4_], tr: L6[]
[16:05:34.967288]	Exploring 0: L0[], LLi: L1[L6[]], Li: L1[L6[]], []b: L1[L0[]], cons: V0 -> L1[_3_] -> L1[_4_], tr: L6[]
[16:05:34.967920]	Exploring 0: L0[], LLi: L1[L6[]], Li: L1[L6[]], []b: L1[L6[]], cons: V0 -> L1[_3_] -> L1[_4_], tr: L6[]
[16:05:34.968682]	Exploring 0: L0[], LLi: L1[L6[]], Li: L1[L6[]], []b: L1[L6[]], cons: V0 -> L1[L6[]] -> L1[_4_], tr: L6[]
[16:05:34.969212]	Exploring 0: L0[], LLi: L1[L6[]], Li: L1[L6[]], []b: L1[L6[]], cons: V0 -> L1[L6[]] -> L1[L6[]], tr: L6[]
[16:05:34.969785]	END Size 17 : 8 ms
[16:05:34.969888]	BEG Size 18
[16:05:34.969975]	Exploring 0: L0[], LLi: L0[], Li: L0[], []b: L3[], cons: V0 -> V0 -> V0, tr: L3[]
[16:05:34.970156]	Exploring 0: L0[], LLi: L1[_0_], Li: L1[_1_], []b: L1[_2_], cons: V0 -> L1[_3_] -> L1[_4_], tr: L6[]
[16:05:34.970699]	Exploring 0: L0[], LLi: L1[L0[]], Li: L1[_1_], []b: L1[_2_], cons: V0 -> L1[_3_] -> L1[_4_], tr: L6[]
[16:05:34.971241]	Exploring 0: L0[], LLi: L1[L0[]], Li: L1[L0[]], []b: L1[_2_], cons: V0 -> L1[_3_] -> L1[_4_], tr: L6[]
[16:05:34.971733]	Exploring 0: L0[], LLi: L1[L0[]], Li: L1[L0[]], []b: L1[L0[]], cons: V0 -> L1[_3_] -> L1[_4_], tr: L6[]
[16:05:34.972334]	Exploring 0: L0[], LLi: L1[L0[]], Li: L1[L0[]], []b: L1[L0[]], cons: V0 -> L1[L0[]] -> L1[_4_], tr: L6[]
[16:05:34.973274]	Exploring 0: L0[], LLi: L1[L0[]], Li: L1[L0[]], []b: L1[L0[]], cons: V0 -> L1[L0[]] -> L1[L0[]], tr: L6[]
[16:05:34.974878]	Exploring 0: L0[], LLi: L1[L0[]], Li: L1[L0[]], []b: L1[L6[]], cons: V0 -> L1[_3_] -> L1[_4_], tr: L6[]
[16:05:34.976258]	Exploring 0: L0[], LLi: L1[L0[]], Li: L1[L6[]], []b: L1[_2_], cons: V0 -> L1[_3_] -> L1[_4_], tr: L6[]
[16:05:34.977080]	Exploring 0: L0[], LLi: L1[L0[]], Li: L1[L6[]], []b: L1[L0[]], cons: V0 -> L1[_3_] -> L1[_4_], tr: L6[]
[16:05:34.978269]	Exploring 0: L0[], LLi: L1[L0[]], Li: L1[L6[]], []b: L1[L6[]], cons: V0 -> L1[_3_] -> L1[_4_], tr: L6[]
[16:05:34.979675]	Exploring 0: L0[], LLi: L1[L6[]], Li: L1[_1_], []b: L1[_2_], cons: V0 -> L1[_3_] -> L1[_4_], tr: L6[]
[16:05:34.980714]	Exploring 0: L0[], LLi: L1[L6[]], Li: L1[L0[]], []b: L1[_2_], cons: V0 -> L1[_3_] -> L1[_4_], tr: L6[]
[16:05:34.981210]	Exploring 0: L0[], LLi: L1[L6[]], Li: L1[L0[]], []b: L1[L0[]], cons: V0 -> L1[_3_] -> L1[_4_], tr: L6[]
[16:05:34.982535]	Exploring 0: L0[], LLi: L1[L6[]], Li: L1[L0[]], []b: L1[L6[]], cons: V0 -> L1[_3_] -> L1[_4_], tr: L6[]
[16:05:34.983193]	Exploring 0: L0[], LLi: L1[L6[]], Li: L1[L6[]], []b: L1[_2_], cons: V0 -> L1[_3_] -> L1[_4_], tr: L6[]
[16:05:34.983556]	Exploring 0: L0[], LLi: L1[L6[]], Li: L1[L6[]], []b: L1[L0[]], cons: V0 -> L1[_3_] -> L1[_4_], tr: L6[]
[16:05:34.983933]	Exploring 0: L0[], LLi: L1[L6[]], Li: L1[L6[]], []b: L1[L6[]], cons: V0 -> L1[_3_] -> L1[_4_], tr: L6[]
[16:05:34.984257]	Exploring 0: L0[], LLi: L1[L6[]], Li: L1[L6[]], []b: L1[L6[]], cons: V0 -> L1[L6[]] -> L1[_4_], tr: L6[]
[16:05:34.984565]	Exploring 0: L0[], LLi: L1[L6[]], Li: L1[L6[]], []b: L1[L6[]], cons: V0 -> L1[L6[]] -> L1[L6[]], tr: L6[]
[16:05:34.984994]	END Size 18 : 15 ms
[16:05:34.985061]	BEG Size 19
[16:05:34.985139]	Exploring 0: L0[], LLi: L0[], Li: L0[], []b: L3[], cons: V0 -> V0 -> V0, tr: L3[]
[16:05:34.985339]	Exploring 0: L0[], LLi: L1[_0_], Li: L1[_1_], []b: L1[_2_], cons: V0 -> L1[_3_] -> L1[_4_], tr: L6[]
[16:05:34.985680]	Exploring 0: L0[], LLi: L1[L0[]], Li: L1[_1_], []b: L1[_2_], cons: V0 -> L1[_3_] -> L1[_4_], tr: L6[]
[16:05:34.985929]	Exploring 0: L0[], LLi: L1[L0[]], Li: L1[L0[]], []b: L1[_2_], cons: V0 -> L1[_3_] -> L1[_4_], tr: L6[]
[16:05:34.986183]	Exploring 0: L0[], LLi: L1[L0[]], Li: L1[L0[]], []b: L1[L0[]], cons: V0 -> L1[_3_] -> L1[_4_], tr: L6[]
[16:05:34.986490]	Exploring 0: L0[], LLi: L1[L0[]], Li: L1[L0[]], []b: L1[L0[]], cons: V0 -> L1[L0[]] -> L1[_4_], tr: L6[]
[16:05:34.986800]	Exploring 0: L0[], LLi: L1[L0[]], Li: L1[L0[]], []b: L1[L0[]], cons: V0 -> L1[L0[]] -> L1[L0[]], tr: L6[]
[16:05:34.987380]	Exploring 0: L0[], LLi: L1[L0[]], Li: L1[L0[]], []b: L1[L6[]], cons: V0 -> L1[_3_] -> L1[_4_], tr: L6[]
[16:05:34.987941]	Exploring 0: L0[], LLi: L1[L0[]], Li: L1[L6[]], []b: L1[_2_], cons: V0 -> L1[_3_] -> L1[_4_], tr: L6[]
[16:05:34.988443]	Exploring 0: L0[], LLi: L1[L0[]], Li: L1[L6[]], []b: L1[L0[]], cons: V0 -> L1[_3_] -> L1[_4_], tr: L6[]
[16:05:34.989033]	Exploring 0: L0[], LLi: L1[L0[]], Li: L1[L6[]], []b: L1[L6[]], cons: V0 -> L1[_3_] -> L1[_4_], tr: L6[]
[16:05:34.989580]	Exploring 0: L0[], LLi: L1[L6[]], Li: L1[_1_], []b: L1[_2_], cons: V0 -> L1[_3_] -> L1[_4_], tr: L6[]
[16:05:34.989931]	Exploring 0: L0[], LLi: L1[L6[]], Li: L1[L0[]], []b: L1[_2_], cons: V0 -> L1[_3_] -> L1[_4_], tr: L6[]
[16:05:34.990191]	Exploring 0: L0[], LLi: L1[L6[]], Li: L1[L0[]], []b: L1[L0[]], cons: V0 -> L1[_3_] -> L1[_4_], tr: L6[]
[16:05:34.990521]	Exploring 0: L0[], LLi: L1[L6[]], Li: L1[L0[]], []b: L1[L6[]], cons: V0 -> L1[_3_] -> L1[_4_], tr: L6[]
[16:05:34.990848]	Exploring 0: L0[], LLi: L1[L6[]], Li: L1[L6[]], []b: L1[_2_], cons: V0 -> L1[_3_] -> L1[_4_], tr: L6[]
[16:05:34.991081]	Exploring 0: L0[], LLi: L1[L6[]], Li: L1[L6[]], []b: L1[L0[]], cons: V0 -> L1[_3_] -> L1[_4_], tr: L6[]
[16:05:34.991399]	Exploring 0: L0[], LLi: L1[L6[]], Li: L1[L6[]], []b: L1[L6[]], cons: V0 -> L1[_3_] -> L1[_4_], tr: L6[]
[16:05:34.991726]	Exploring 0: L0[], LLi: L1[L6[]], Li: L1[L6[]], []b: L1[L6[]], cons: V0 -> L1[L6[]] -> L1[_4_], tr: L6[]
[16:05:34.992273]	Exploring 0: L0[], LLi: L1[L6[]], Li: L1[L6[]], []b: L1[L6[]], cons: V0 -> L1[L6[]] -> L1[L6[]], tr: L6[]
[16:05:34.993016]	END Size 19 : 7 ms
[16:05:34.993186]	BEG Size 20
[16:05:34.993318]	Exploring 0: L0[], LLi: L0[], Li: L0[], []b: L3[], cons: V0 -> V0 -> V0, tr: L3[]
[16:05:34.993622]	Exploring 0: L0[], LLi: L1[_0_], Li: L1[_1_], []b: L1[_2_], cons: V0 -> L1[_3_] -> L1[_4_], tr: L6[]
[16:05:34.994387]	Exploring 0: L0[], LLi: L1[L0[]], Li: L1[_1_], []b: L1[_2_], cons: V0 -> L1[_3_] -> L1[_4_], tr: L6[]
[16:05:34.994952]	Exploring 0: L0[], LLi: L1[L0[]], Li: L1[L0[]], []b: L1[_2_], cons: V0 -> L1[_3_] -> L1[_4_], tr: L6[]
[16:05:34.995439]	Exploring 0: L0[], LLi: L1[L0[]], Li: L1[L0[]], []b: L1[L0[]], cons: V0 -> L1[_3_] -> L1[_4_], tr: L6[]
[16:05:34.996039]	Exploring 0: L0[], LLi: L1[L0[]], Li: L1[L0[]], []b: L1[L0[]], cons: V0 -> L1[L0[]] -> L1[_4_], tr: L6[]
[16:05:34.996682]	Exploring 0: L0[], LLi: L1[L0[]], Li: L1[L0[]], []b: L1[L0[]], cons: V0 -> L1[L0[]] -> L1[L0[]], tr: L6[]
[16:05:34.997588]	Exploring 0: L0[], LLi: L1[L0[]], Li: L1[L0[]], []b: L1[L6[]], cons: V0 -> L1[_3_] -> L1[_4_], tr: L6[]
[16:05:34.998189]	Exploring 0: L0[], LLi: L1[L0[]], Li: L1[L6[]], []b: L1[_2_], cons: V0 -> L1[_3_] -> L1[_4_], tr: L6[]
[16:05:34.998699]	Exploring 0: L0[], LLi: L1[L0[]], Li: L1[L6[]], []b: L1[L0[]], cons: V0 -> L1[_3_] -> L1[_4_], tr: L6[]
[16:05:34.999199]	Exploring 0: L0[], LLi: L1[L0[]], Li: L1[L6[]], []b: L1[L6[]], cons: V0 -> L1[_3_] -> L1[_4_], tr: L6[]
[16:05:34.999846]	Exploring 0: L0[], LLi: L1[L6[]], Li: L1[_1_], []b: L1[_2_], cons: V0 -> L1[_3_] -> L1[_4_], tr: L6[]
[16:05:35.000454]	Exploring 0: L0[], LLi: L1[L6[]], Li: L1[L0[]], []b: L1[_2_], cons: V0 -> L1[_3_] -> L1[_4_], tr: L6[]
[16:05:35.000994]	Exploring 0: L0[], LLi: L1[L6[]], Li: L1[L0[]], []b: L1[L0[]], cons: V0 -> L1[_3_] -> L1[_4_], tr: L6[]
[16:05:35.001652]	Exploring 0: L0[], LLi: L1[L6[]], Li: L1[L0[]], []b: L1[L6[]], cons: V0 -> L1[_3_] -> L1[_4_], tr: L6[]
[16:05:35.002335]	Exploring 0: L0[], LLi: L1[L6[]], Li: L1[L6[]], []b: L1[_2_], cons: V0 -> L1[_3_] -> L1[_4_], tr: L6[]
[16:05:35.002927]	Exploring 0: L0[], LLi: L1[L6[]], Li: L1[L6[]], []b: L1[L0[]], cons: V0 -> L1[_3_] -> L1[_4_], tr: L6[]
[16:05:35.003579]	Exploring 0: L0[], LLi: L1[L6[]], Li: L1[L6[]], []b: L1[L6[]], cons: V0 -> L1[_3_] -> L1[_4_], tr: L6[]
[16:05:35.004031]	Exploring 0: L0[], LLi: L1[L6[]], Li: L1[L6[]], []b: L1[L6[]], cons: V0 -> L1[L6[]] -> L1[_4_], tr: L6[]
[16:05:35.004434]	Exploring 0: L0[], LLi: L1[L6[]], Li: L1[L6[]], []b: L1[L6[]], cons: V0 -> L1[L6[]] -> L1[L6[]], tr: L6[]
[16:05:35.004915]	END Size 20 : 11 ms
[16:05:35.005015]	END Depth 2 : 213 ms
[16:05:35.005072]	BEG Depth 3
[16:05:35.005142]	BEG Size 1
[16:05:35.005241]	Exploring 0: L0[], LLi: L0[], Li: L0[], []b: L3[], cons: V0 -> V0 -> V0, tr: L3[]
[16:05:35.005463]	END Size 1 : 0 ms
[16:05:35.005563]	BEG Size 2
[16:05:35.005677]	Exploring 0: L0[], LLi: L0[], Li: L0[], []b: L3[], cons: V0 -> V0 -> V0, tr: L3[]
[16:05:35.005964]	END Size 2 : 0 ms
[16:05:35.006076]	BEG Size 3
[16:05:35.006215]	Exploring 0: L0[], LLi: L0[], Li: L0[], []b: L3[], cons: V0 -> V0 -> V0, tr: L3[]
[16:05:35.006437]	END Size 3 : 0 ms
[16:05:35.006511]	BEG Size 4
[16:05:35.006609]	Exploring 0: L0[], LLi: L0[], Li: L0[], []b: L3[], cons: V0 -> V0 -> V0, tr: L3[]
[16:05:35.006844]	END Size 4 : 0 ms
[16:05:35.006925]	BEG Size 5
[16:05:35.007015]	Exploring 0: L0[], LLi: L0[], Li: L0[], []b: L3[], cons: V0 -> V0 -> V0, tr: L3[]
[16:05:35.007265]	Exploring 0: L0[], LLi: L1[_0_], Li: L1[_1_], []b: L1[_2_], cons: V0 -> L1[_3_] -> L1[_4_], tr: L6[]
[16:05:35.007717]	Exploring 0: L0[], LLi: L1[L0[]], Li: L1[_1_], []b: L1[_2_], cons: V0 -> L1[_3_] -> L1[_4_], tr: L6[]
[16:05:35.008023]	Exploring 0: L0[], LLi: L1[L0[]], Li: L1[L0[]], []b: L1[_2_], cons: V0 -> L1[_3_] -> L1[_4_], tr: L6[]
[16:05:35.008284]	Exploring 0: L0[], LLi: L1[L0[]], Li: L1[L0[]], []b: L1[L0[]], cons: V0 -> L1[_3_] -> L1[_4_], tr: L6[]
[16:05:35.008604]	Exploring 0: L0[], LLi: L1[L0[]], Li: L1[L0[]], []b: L1[L0[]], cons: V0 -> L1[L0[]] -> L1[_4_], tr: L6[]
[16:05:35.008920]	Exploring 0: L0[], LLi: L1[L0[]], Li: L1[L0[]], []b: L1[L0[]], cons: V0 -> L1[L0[]] -> L1[L0[]], tr: L6[]
[16:05:35.009480]	Exploring 0: L0[], LLi: L1[L0[]], Li: L1[L0[]], []b: L1[L1[_11_]], cons: V0 -> L1[_3_] -> L1[_4_], tr: L6[]
[16:05:35.009798]	Exploring 0: L0[], LLi: L1[L0[]], Li: L1[L0[]], []b: L1[L1[L0[]]], cons: V0 -> L1[_3_] -> L1[_4_], tr: L6[]
[16:05:35.010180]	Exploring 0: L0[], LLi: L1[L0[]], Li: L1[L0[]], []b: L1[L1[L6[]]], cons: V0 -> L1[_3_] -> L1[_4_], tr: L6[]
[16:05:35.010555]	Exploring 0: L0[], LLi: L1[L0[]], Li: L1[L0[]], []b: L1[L6[]], cons: V0 -> L1[_3_] -> L1[_4_], tr: L6[]
[16:05:35.011012]	Exploring 0: L0[], LLi: L1[L0[]], Li: L1[L0[]], []b: L1[_12_ -> _13_], cons: V0 -> L1[_3_] -> L1[_4_], tr: L6[]
[16:05:35.011379]	Exploring 0: L0[], LLi: L1[L0[]], Li: L1[L0[]], []b: L1[L0[] -> _13_], cons: V0 -> L1[_3_] -> L1[_4_], tr: L6[]
[16:05:35.011722]	Exploring 0: L0[], LLi: L1[L0[]], Li: L1[L0[]], []b: L1[L0[] -> L0[]], cons: V0 -> L1[_3_] -> L1[_4_], tr: L6[]
[16:05:35.012240]		Fast forwarded from
		0: L0[], LLi: L1[L0[]], Li: L1[L0[]], []b: L1[L0[] -> L0[]], cons: V0 -> L1[_3_] -> L1[_4_], tr: L6[]
		0: L0[], LLi: L1[L0[]], Li: L1[L0[]], []b: L1[L0[] -> L0[]], cons: V0 -> L1[V0] -> L1[V0], tr: L6[]
[16:05:35.012743]	Exploring 0: L0[], LLi: L1[L0[]], Li: L1[L0[]], []b: L1[L0[] -> L6[]], cons: V0 -> L1[_3_] -> L1[_4_], tr: L6[]
[16:05:35.013175]		Fast forwarded from
		0: L0[], LLi: L1[L0[]], Li: L1[L0[]], []b: L1[L0[] -> L6[]], cons: V0 -> L1[_3_] -> L1[_4_], tr: L6[]
		0: L0[], LLi: L1[L0[]], Li: L1[L0[]], []b: L1[L0[] -> L6[]], cons: V0 -> L1[V0] -> L1[V0], tr: L6[]
[16:05:35.013670]	Exploring 0: L0[], LLi: L1[L0[]], Li: L1[L0[]], []b: L1[L6[] -> _13_], cons: V0 -> L1[_3_] -> L1[_4_], tr: L6[]
[16:05:35.014154]	Exploring 0: L0[], LLi: L1[L0[]], Li: L1[L0[]], []b: L1[L6[] -> L0[]], cons: V0 -> L1[_3_] -> L1[_4_], tr: L6[]
[16:05:35.014545]		Fast forwarded from
		0: L0[], LLi: L1[L0[]], Li: L1[L0[]], []b: L1[L6[] -> L0[]], cons: V0 -> L1[_3_] -> L1[_4_], tr: L6[]
		0: L0[], LLi: L1[L0[]], Li: L1[L0[]], []b: L1[L6[] -> L0[]], cons: V0 -> L1[V0] -> L1[V0], tr: L6[]
[16:05:35.015065]	Exploring 0: L0[], LLi: L1[L0[]], Li: L1[L0[]], []b: L1[L6[] -> L6[]], cons: V0 -> L1[_3_] -> L1[_4_], tr: L6[]
[16:05:35.015618]		Fast forwarded from
		0: L0[], LLi: L1[L0[]], Li: L1[L0[]], []b: L1[L6[] -> L6[]], cons: V0 -> L1[_3_] -> L1[_4_], tr: L6[]
		0: L0[], LLi: L1[L0[]], Li: L1[L0[]], []b: L1[L6[] -> L6[]], cons: V0 -> L1[V0] -> L1[V0], tr: L6[]
[16:05:35.016032]	Exploring 0: L0[], LLi: L1[L0[]], Li: L1[L1[_8_]], []b: L1[_2_], cons: V0 -> L1[_3_] -> L1[_4_], tr: L6[]
[16:05:35.016444]	Exploring 0: L0[], LLi: L1[L0[]], Li: L1[L1[L0[]]], []b: L1[_2_], cons: V0 -> L1[_3_] -> L1[_4_], tr: L6[]
[16:05:35.016815]	Exploring 0: L0[], LLi: L1[L0[]], Li: L1[L1[L0[]]], []b: L1[L0[]], cons: V0 -> L1[_3_] -> L1[_4_], tr: L6[]
[16:05:35.017497]	Exploring 0: L0[], LLi: L1[L0[]], Li: L1[L1[L0[]]], []b: L1[L1[_11_]], cons: V0 -> L1[_3_] -> L1[_4_], tr: L6[]
[16:05:35.018016]	Exploring 0: L0[], LLi: L1[L0[]], Li: L1[L1[L0[]]], []b: L1[L1[L0[]]], cons: V0 -> L1[_3_] -> L1[_4_], tr: L6[]
[16:05:35.018545]		Fast forwarded from
		0: L0[], LLi: L1[L0[]], Li: L1[L1[L0[]]], []b: L1[L1[L0[]]], cons: V0 -> L1[_3_] -> L1[_4_], tr: L6[]
		0: L0[], LLi: L1[L0[]], Li: L1[L1[L0[]]], []b: L1[L1[L0[]]], cons: V0 -> L1[V0] -> L1[V0], tr: L6[]
[16:05:35.019045]	Exploring 0: L0[], LLi: L1[L0[]], Li: L1[L1[L0[]]], []b: L1[L1[L6[]]], cons: V0 -> L1[_3_] -> L1[_4_], tr: L6[]
[16:05:35.019621]		Fast forwarded from
		0: L0[], LLi: L1[L0[]], Li: L1[L1[L0[]]], []b: L1[L1[L6[]]], cons: V0 -> L1[_3_] -> L1[_4_], tr: L6[]
		0: L0[], LLi: L1[L0[]], Li: L1[L1[L0[]]], []b: L1[L1[L6[]]], cons: V0 -> L1[V0] -> L1[V0], tr: L6[]
[16:05:35.020172]	Exploring 0: L0[], LLi: L1[L0[]], Li: L1[L1[L0[]]], []b: L1[L6[]], cons: V0 -> L1[_3_] -> L1[_4_], tr: L6[]
[16:05:35.020699]	Exploring 0: L0[], LLi: L1[L0[]], Li: L1[L1[L0[]]], []b: L1[_12_ -> _13_], cons: V0 -> L1[_3_] -> L1[_4_], tr: L6[]
[16:05:35.021234]	Exploring 0: L0[], LLi: L1[L0[]], Li: L1[L1[L0[]]], []b: L1[L0[] -> _13_], cons: V0 -> L1[_3_] -> L1[_4_], tr: L6[]
[16:05:35.021669]	Exploring 0: L0[], LLi: L1[L0[]], Li: L1[L1[L0[]]], []b: L1[L6[] -> _13_], cons: V0 -> L1[_3_] -> L1[_4_], tr: L6[]
[16:05:35.022164]	Exploring 0: L0[], LLi: L1[L0[]], Li: L1[L1[L6[]]], []b: L1[_2_], cons: V0 -> L1[_3_] -> L1[_4_], tr: L6[]
[16:05:35.022535]	Exploring 0: L0[], LLi: L1[L0[]], Li: L1[L1[L6[]]], []b: L1[L0[]], cons: V0 -> L1[_3_] -> L1[_4_], tr: L6[]
[16:05:35.023489]	Exploring 0: L0[], LLi: L1[L0[]], Li: L1[L1[L6[]]], []b: L1[L1[_11_]], cons: V0 -> L1[_3_] -> L1[_4_], tr: L6[]
[16:05:35.024182]	Exploring 0: L0[], LLi: L1[L0[]], Li: L1[L1[L6[]]], []b: L1[L1[L0[]]], cons: V0 -> L1[_3_] -> L1[_4_], tr: L6[]
[16:05:35.024803]		Fast forwarded from
		0: L0[], LLi: L1[L0[]], Li: L1[L1[L6[]]], []b: L1[L1[L0[]]], cons: V0 -> L1[_3_] -> L1[_4_], tr: L6[]
		0: L0[], LLi: L1[L0[]], Li: L1[L1[L6[]]], []b: L1[L1[L0[]]], cons: V0 -> L1[V0] -> L1[V0], tr: L6[]
[16:05:35.025488]	Exploring 0: L0[], LLi: L1[L0[]], Li: L1[L1[L6[]]], []b: L1[L1[L6[]]], cons: V0 -> L1[_3_] -> L1[_4_], tr: L6[]
[16:05:35.026153]		Fast forwarded from
		0: L0[], LLi: L1[L0[]], Li: L1[L1[L6[]]], []b: L1[L1[L6[]]], cons: V0 -> L1[_3_] -> L1[_4_], tr: L6[]
		0: L0[], LLi: L1[L0[]], Li: L1[L1[L6[]]], []b: L1[L1[L6[]]], cons: V0 -> L1[V0] -> L1[V0], tr: L6[]
[16:05:35.026887]	Exploring 0: L0[], LLi: L1[L0[]], Li: L1[L1[L6[]]], []b: L1[L6[]], cons: V0 -> L1[_3_] -> L1[_4_], tr: L6[]
[16:05:35.027502]	Exploring 0: L0[], LLi: L1[L0[]], Li: L1[L1[L6[]]], []b: L1[_12_ -> _13_], cons: V0 -> L1[_3_] -> L1[_4_], tr: L6[]
[16:05:35.028058]	Exploring 0: L0[], LLi: L1[L0[]], Li: L1[L1[L6[]]], []b: L1[L0[] -> _13_], cons: V0 -> L1[_3_] -> L1[_4_], tr: L6[]
[16:05:35.028940]	Exploring 0: L0[], LLi: L1[L0[]], Li: L1[L1[L6[]]], []b: L1[L6[] -> _13_], cons: V0 -> L1[_3_] -> L1[_4_], tr: L6[]
[16:05:35.029795]	Exploring 0: L0[], LLi: L1[L0[]], Li: L1[L6[]], []b: L1[_2_], cons: V0 -> L1[_3_] -> L1[_4_], tr: L6[]
[16:05:35.030244]	Exploring 0: L0[], LLi: L1[L0[]], Li: L1[L6[]], []b: L1[L0[]], cons: V0 -> L1[_3_] -> L1[_4_], tr: L6[]
[16:05:35.030657]	Exploring 0: L0[], LLi: L1[L0[]], Li: L1[L6[]], []b: L1[L1[_11_]], cons: V0 -> L1[_3_] -> L1[_4_], tr: L6[]
[16:05:35.031025]	Exploring 0: L0[], LLi: L1[L0[]], Li: L1[L6[]], []b: L1[L1[L0[]]], cons: V0 -> L1[_3_] -> L1[_4_], tr: L6[]
[16:05:35.031512]	Exploring 0: L0[], LLi: L1[L0[]], Li: L1[L6[]], []b: L1[L1[L6[]]], cons: V0 -> L1[_3_] -> L1[_4_], tr: L6[]
[16:05:35.032046]	Exploring 0: L0[], LLi: L1[L0[]], Li: L1[L6[]], []b: L1[L6[]], cons: V0 -> L1[_3_] -> L1[_4_], tr: L6[]
[16:05:35.032461]	Exploring 0: L0[], LLi: L1[L0[]], Li: L1[L6[]], []b: L1[_12_ -> _13_], cons: V0 -> L1[_3_] -> L1[_4_], tr: L6[]
[16:05:35.032743]	Exploring 0: L0[], LLi: L1[L0[]], Li: L1[L6[]], []b: L1[L0[] -> _13_], cons: V0 -> L1[_3_] -> L1[_4_], tr: L6[]
[16:05:35.033015]	Exploring 0: L0[], LLi: L1[L0[]], Li: L1[L6[]], []b: L1[L0[] -> L0[]], cons: V0 -> L1[_3_] -> L1[_4_], tr: L6[]
[16:05:35.033272]		Fast forwarded from
		0: L0[], LLi: L1[L0[]], Li: L1[L6[]], []b: L1[L0[] -> L0[]], cons: V0 -> L1[_3_] -> L1[_4_], tr: L6[]
		0: L0[], LLi: L1[L0[]], Li: L1[L6[]], []b: L1[L0[] -> L0[]], cons: V0 -> L1[V0] -> L1[V0], tr: L6[]
[16:05:35.033607]	Exploring 0: L0[], LLi: L1[L0[]], Li: L1[L6[]], []b: L1[L0[] -> L6[]], cons: V0 -> L1[_3_] -> L1[_4_], tr: L6[]
[16:05:35.033947]		Fast forwarded from
		0: L0[], LLi: L1[L0[]], Li: L1[L6[]], []b: L1[L0[] -> L6[]], cons: V0 -> L1[_3_] -> L1[_4_], tr: L6[]
		0: L0[], LLi: L1[L0[]], Li: L1[L6[]], []b: L1[L0[] -> L6[]], cons: V0 -> L1[V0] -> L1[V0], tr: L6[]
[16:05:35.034437]	Exploring 0: L0[], LLi: L1[L0[]], Li: L1[L6[]], []b: L1[L6[] -> _13_], cons: V0 -> L1[_3_] -> L1[_4_], tr: L6[]
[16:05:35.035032]	Exploring 0: L0[], LLi: L1[L0[]], Li: L1[L6[]], []b: L1[L6[] -> L0[]], cons: V0 -> L1[_3_] -> L1[_4_], tr: L6[]
[16:05:35.035540]		Fast forwarded from
		0: L0[], LLi: L1[L0[]], Li: L1[L6[]], []b: L1[L6[] -> L0[]], cons: V0 -> L1[_3_] -> L1[_4_], tr: L6[]
		0: L0[], LLi: L1[L0[]], Li: L1[L6[]], []b: L1[L6[] -> L0[]], cons: V0 -> L1[V0] -> L1[V0], tr: L6[]
[16:05:35.036090]	Exploring 0: L0[], LLi: L1[L0[]], Li: L1[L6[]], []b: L1[L6[] -> L6[]], cons: V0 -> L1[_3_] -> L1[_4_], tr: L6[]
[16:05:35.036524]		Fast forwarded from
		0: L0[], LLi: L1[L0[]], Li: L1[L6[]], []b: L1[L6[] -> L6[]], cons: V0 -> L1[_3_] -> L1[_4_], tr: L6[]
		0: L0[], LLi: L1[L0[]], Li: L1[L6[]], []b: L1[L6[] -> L6[]], cons: V0 -> L1[V0] -> L1[V0], tr: L6[]
[16:05:35.036920]	Exploring 0: L0[], LLi: L1[L0[]], Li: L1[_9_ -> _10_], []b: L1[_2_], cons: V0 -> L1[_3_] -> L1[_4_], tr: L6[]
[16:05:35.037402]	Exploring 0: L0[], LLi: L1[L0[]], Li: L1[L0[] -> _10_], []b: L1[_2_], cons: V0 -> L1[_3_] -> L1[_4_], tr: L6[]
[16:05:35.037846]	Exploring 0: L0[], LLi: L1[L0[]], Li: L1[L0[] -> L0[]], []b: L1[_2_], cons: V0 -> L1[_3_] -> L1[_4_], tr: L6[]
[16:05:35.038250]	Exploring 0: L0[], LLi: L1[L0[]], Li: L1[L0[] -> L0[]], []b: L1[L0[]], cons: V0 -> L1[_3_] -> L1[_4_], tr: L6[]
[16:05:35.038648]		Fast forwarded from
		0: L0[], LLi: L1[L0[]], Li: L1[L0[] -> L0[]], []b: L1[L0[]], cons: V0 -> L1[_3_] -> L1[_4_], tr: L6[]
		0: L0[], LLi: L1[L0[]], Li: L1[L0[] -> L0[]], []b: L1[L0[]], cons: V0 -> L1[V0] -> L1[V0], tr: L6[]
[16:05:35.039156]	Exploring 0: L0[], LLi: L1[L0[]], Li: L1[L0[] -> L0[]], []b: L1[L6[]], cons: V0 -> L1[_3_] -> L1[_4_], tr: L6[]
[16:05:35.039612]		Fast forwarded from
		0: L0[], LLi: L1[L0[]], Li: L1[L0[] -> L0[]], []b: L1[L6[]], cons: V0 -> L1[_3_] -> L1[_4_], tr: L6[]
		0: L0[], LLi: L1[L0[]], Li: L1[L0[] -> L0[]], []b: L1[L6[]], cons: V0 -> L1[V0] -> L1[V0], tr: L6[]
[16:05:35.040130]	Exploring 0: L0[], LLi: L1[L0[]], Li: L1[L0[] -> L6[]], []b: L1[_2_], cons: V0 -> L1[_3_] -> L1[_4_], tr: L6[]
[16:05:35.040649]	Exploring 0: L0[], LLi: L1[L0[]], Li: L1[L0[] -> L6[]], []b: L1[L0[]], cons: V0 -> L1[_3_] -> L1[_4_], tr: L6[]
[16:05:35.041013]		Fast forwarded from
		0: L0[], LLi: L1[L0[]], Li: L1[L0[] -> L6[]], []b: L1[L0[]], cons: V0 -> L1[_3_] -> L1[_4_], tr: L6[]
		0: L0[], LLi: L1[L0[]], Li: L1[L0[] -> L6[]], []b: L1[L0[]], cons: V0 -> L1[V0] -> L1[V0], tr: L6[]
[16:05:35.041502]	Exploring 0: L0[], LLi: L1[L0[]], Li: L1[L0[] -> L6[]], []b: L1[L6[]], cons: V0 -> L1[_3_] -> L1[_4_], tr: L6[]
[16:05:35.042146]		Fast forwarded from
		0: L0[], LLi: L1[L0[]], Li: L1[L0[] -> L6[]], []b: L1[L6[]], cons: V0 -> L1[_3_] -> L1[_4_], tr: L6[]
		0: L0[], LLi: L1[L0[]], Li: L1[L0[] -> L6[]], []b: L1[L6[]], cons: V0 -> L1[V0] -> L1[V0], tr: L6[]
[16:05:35.042537]	Exploring 0: L0[], LLi: L1[L0[]], Li: L1[L6[] -> _10_], []b: L1[_2_], cons: V0 -> L1[_3_] -> L1[_4_], tr: L6[]
[16:05:35.042992]	Exploring 0: L0[], LLi: L1[L0[]], Li: L1[L6[] -> L0[]], []b: L1[_2_], cons: V0 -> L1[_3_] -> L1[_4_], tr: L6[]
[16:05:35.043965]	Exploring 0: L0[], LLi: L1[L0[]], Li: L1[L6[] -> L0[]], []b: L1[L0[]], cons: V0 -> L1[_3_] -> L1[_4_], tr: L6[]
[16:05:35.044700]		Fast forwarded from
		0: L0[], LLi: L1[L0[]], Li: L1[L6[] -> L0[]], []b: L1[L0[]], cons: V0 -> L1[_3_] -> L1[_4_], tr: L6[]
		0: L0[], LLi: L1[L0[]], Li: L1[L6[] -> L0[]], []b: L1[L0[]], cons: V0 -> L1[V0] -> L1[V0], tr: L6[]
[16:05:35.045240]	Exploring 0: L0[], LLi: L1[L0[]], Li: L1[L6[] -> L0[]], []b: L1[L6[]], cons: V0 -> L1[_3_] -> L1[_4_], tr: L6[]
[16:05:35.045701]		Fast forwarded from
		0: L0[], LLi: L1[L0[]], Li: L1[L6[] -> L0[]], []b: L1[L6[]], cons: V0 -> L1[_3_] -> L1[_4_], tr: L6[]
		0: L0[], LLi: L1[L0[]], Li: L1[L6[] -> L0[]], []b: L1[L6[]], cons: V0 -> L1[V0] -> L1[V0], tr: L6[]
[16:05:35.046008]	Exploring 0: L0[], LLi: L1[L0[]], Li: L1[L6[] -> L6[]], []b: L1[_2_], cons: V0 -> L1[_3_] -> L1[_4_], tr: L6[]
[16:05:35.046246]	Exploring 0: L0[], LLi: L1[L0[]], Li: L1[L6[] -> L6[]], []b: L1[L0[]], cons: V0 -> L1[_3_] -> L1[_4_], tr: L6[]
[16:05:35.046535]		Fast forwarded from
		0: L0[], LLi: L1[L0[]], Li: L1[L6[] -> L6[]], []b: L1[L0[]], cons: V0 -> L1[_3_] -> L1[_4_], tr: L6[]
		0: L0[], LLi: L1[L0[]], Li: L1[L6[] -> L6[]], []b: L1[L0[]], cons: V0 -> L1[V0] -> L1[V0], tr: L6[]
[16:05:35.046887]	Exploring 0: L0[], LLi: L1[L0[]], Li: L1[L6[] -> L6[]], []b: L1[L6[]], cons: V0 -> L1[_3_] -> L1[_4_], tr: L6[]
[16:05:35.047178]		Fast forwarded from
		0: L0[], LLi: L1[L0[]], Li: L1[L6[] -> L6[]], []b: L1[L6[]], cons: V0 -> L1[_3_] -> L1[_4_], tr: L6[]
		0: L0[], LLi: L1[L0[]], Li: L1[L6[] -> L6[]], []b: L1[L6[]], cons: V0 -> L1[V0] -> L1[V0], tr: L6[]
[16:05:35.047567]	Exploring 0: L0[], LLi: L1[L1[_5_]], Li: L1[_1_], []b: L1[_2_], cons: V0 -> L1[_3_] -> L1[_4_], tr: L6[]
[16:05:35.047898]	Exploring 0: L0[], LLi: L1[L1[L0[]]], Li: L1[_1_], []b: L1[_2_], cons: V0 -> L1[_3_] -> L1[_4_], tr: L6[]
[16:05:35.048126]	Exploring 0: L0[], LLi: L1[L1[L0[]]], Li: L1[L0[]], []b: L1[_2_], cons: V0 -> L1[_3_] -> L1[_4_], tr: L6[]
[16:05:35.048318]	Exploring 0: L0[], LLi: L1[L1[L0[]]], Li: L1[L0[]], []b: L1[L0[]], cons: V0 -> L1[_3_] -> L1[_4_], tr: L6[]
[16:05:35.048710]	Exploring 0: L0[], LLi: L1[L1[L0[]]], Li: L1[L0[]], []b: L1[L1[_11_]], cons: V0 -> L1[_3_] -> L1[_4_], tr: L6[]
[16:05:35.048997]	Exploring 0: L0[], LLi: L1[L1[L0[]]], Li: L1[L0[]], []b: L1[L1[L0[]]], cons: V0 -> L1[_3_] -> L1[_4_], tr: L6[]
[16:05:35.049227]		Fast forwarded from
		0: L0[], LLi: L1[L1[L0[]]], Li: L1[L0[]], []b: L1[L1[L0[]]], cons: V0 -> L1[_3_] -> L1[_4_], tr: L6[]
		0: L0[], LLi: L1[L1[L0[]]], Li: L1[L0[]], []b: L1[L1[L0[]]], cons: V0 -> L1[V0] -> L1[V0], tr: L6[]
[16:05:35.049495]	Exploring 0: L0[], LLi: L1[L1[L0[]]], Li: L1[L0[]], []b: L1[L1[L6[]]], cons: V0 -> L1[_3_] -> L1[_4_], tr: L6[]
[16:05:35.049700]		Fast forwarded from
		0: L0[], LLi: L1[L1[L0[]]], Li: L1[L0[]], []b: L1[L1[L6[]]], cons: V0 -> L1[_3_] -> L1[_4_], tr: L6[]
		0: L0[], LLi: L1[L1[L0[]]], Li: L1[L0[]], []b: L1[L1[L6[]]], cons: V0 -> L1[V0] -> L1[V0], tr: L6[]
[16:05:35.050074]	Exploring 0: L0[], LLi: L1[L1[L0[]]], Li: L1[L0[]], []b: L1[L6[]], cons: V0 -> L1[_3_] -> L1[_4_], tr: L6[]
[16:05:35.050381]	Exploring 0: L0[], LLi: L1[L1[L0[]]], Li: L1[L0[]], []b: L1[L6[]], cons: V0 -> L1[V0] -> L1[_4_], tr: L6[]
[16:05:35.050582]		Fast forwarded from
		0: L0[], LLi: L1[L1[L0[]]], Li: L1[L0[]], []b: L1[L6[]], cons: V0 -> L1[V0] -> L1[_4_], tr: L6[]
		0: L0[], LLi: L1[L1[L0[]]], Li: L1[L0[]], []b: L1[L6[]], cons: V0 -> L1[V0] -> L1[V0], tr: L6[]
[16:05:35.050920]	Exploring 0: L0[], LLi: L1[L1[L0[]]], Li: L1[L0[]], []b: L1[_12_ -> _13_], cons: V0 -> L1[_3_] -> L1[_4_], tr: L6[]
[16:05:35.051100]	Exploring 0: L0[], LLi: L1[L1[L0[]]], Li: L1[L0[]], []b: L1[L0[] -> _13_], cons: V0 -> L1[_3_] -> L1[_4_], tr: L6[]
[16:05:35.051465]	Exploring 0: L0[], LLi: L1[L1[L0[]]], Li: L1[L0[]], []b: L1[L6[] -> _13_], cons: V0 -> L1[_3_] -> L1[_4_], tr: L6[]
[16:05:35.051758]	Exploring 0: L0[], LLi: L1[L1[L0[]]], Li: L1[L1[_8_]], []b: L1[_2_], cons: V0 -> L1[_3_] -> L1[_4_], tr: L6[]
[16:05:35.051998]	Exploring 0: L0[], LLi: L1[L1[L0[]]], Li: L1[L1[L0[]]], []b: L1[_2_], cons: V0 -> L1[_3_] -> L1[_4_], tr: L6[]
[16:05:35.052235]	Exploring 0: L0[], LLi: L1[L1[L0[]]], Li: L1[L1[L0[]]], []b: L1[L0[]], cons: V0 -> L1[_3_] -> L1[_4_], tr: L6[]
[16:05:35.052485]		Fast forwarded from
		0: L0[], LLi: L1[L1[L0[]]], Li: L1[L1[L0[]]], []b: L1[L0[]], cons: V0 -> L1[_3_] -> L1[_4_], tr: L6[]
		0: L0[], LLi: L1[L1[L0[]]], Li: L1[L1[L0[]]], []b: L1[L0[]], cons: V0 -> L1[V0] -> L1[V0], tr: L6[]
[16:05:35.052723]	Exploring 0: L0[], LLi: L1[L1[L0[]]], Li: L1[L1[L0[]]], []b: L1[L6[]], cons: V0 -> L1[_3_] -> L1[_4_], tr: L6[]
[16:05:35.052907]		Fast forwarded from
		0: L0[], LLi: L1[L1[L0[]]], Li: L1[L1[L0[]]], []b: L1[L6[]], cons: V0 -> L1[_3_] -> L1[_4_], tr: L6[]
		0: L0[], LLi: L1[L1[L0[]]], Li: L1[L1[L0[]]], []b: L1[L6[]], cons: V0 -> L1[V0] -> L1[V0], tr: L6[]
[16:05:35.053103]	Exploring 0: L0[], LLi: L1[L1[L0[]]], Li: L1[L1[L6[]]], []b: L1[_2_], cons: V0 -> L1[_3_] -> L1[_4_], tr: L6[]
[16:05:35.053334]	Exploring 0: L0[], LLi: L1[L1[L0[]]], Li: L1[L1[L6[]]], []b: L1[L0[]], cons: V0 -> L1[_3_] -> L1[_4_], tr: L6[]
[16:05:35.053568]		Fast forwarded from
		0: L0[], LLi: L1[L1[L0[]]], Li: L1[L1[L6[]]], []b: L1[L0[]], cons: V0 -> L1[_3_] -> L1[_4_], tr: L6[]
		0: L0[], LLi: L1[L1[L0[]]], Li: L1[L1[L6[]]], []b: L1[L0[]], cons: V0 -> L1[V0] -> L1[V0], tr: L6[]
[16:05:35.053863]	Exploring 0: L0[], LLi: L1[L1[L0[]]], Li: L1[L1[L6[]]], []b: L1[L6[]], cons: V0 -> L1[_3_] -> L1[_4_], tr: L6[]
[16:05:35.054059]		Fast forwarded from
		0: L0[], LLi: L1[L1[L0[]]], Li: L1[L1[L6[]]], []b: L1[L6[]], cons: V0 -> L1[_3_] -> L1[_4_], tr: L6[]
		0: L0[], LLi: L1[L1[L0[]]], Li: L1[L1[L6[]]], []b: L1[L6[]], cons: V0 -> L1[V0] -> L1[V0], tr: L6[]
[16:05:35.054309]	Exploring 0: L0[], LLi: L1[L1[L0[]]], Li: L1[L6[]], []b: L1[_2_], cons: V0 -> L1[_3_] -> L1[_4_], tr: L6[]
[16:05:35.054541]	Exploring 0: L0[], LLi: L1[L1[L0[]]], Li: L1[L6[]], []b: L1[L0[]], cons: V0 -> L1[_3_] -> L1[_4_], tr: L6[]
[16:05:35.054740]	Exploring 0: L0[], LLi: L1[L1[L0[]]], Li: L1[L6[]], []b: L1[L1[_11_]], cons: V0 -> L1[_3_] -> L1[_4_], tr: L6[]
[16:05:35.054884]	Exploring 0: L0[], LLi: L1[L1[L0[]]], Li: L1[L6[]], []b: L1[L1[L0[]]], cons: V0 -> L1[_3_] -> L1[_4_], tr: L6[]
[16:05:35.055021]		Fast forwarded from
		0: L0[], LLi: L1[L1[L0[]]], Li: L1[L6[]], []b: L1[L1[L0[]]], cons: V0 -> L1[_3_] -> L1[_4_], tr: L6[]
		0: L0[], LLi: L1[L1[L0[]]], Li: L1[L6[]], []b: L1[L1[L0[]]], cons: V0 -> L1[V0] -> L1[V0], tr: L6[]
[16:05:35.055194]	Exploring 0: L0[], LLi: L1[L1[L0[]]], Li: L1[L6[]], []b: L1[L1[L6[]]], cons: V0 -> L1[_3_] -> L1[_4_], tr: L6[]
[16:05:35.055329]		Fast forwarded from
		0: L0[], LLi: L1[L1[L0[]]], Li: L1[L6[]], []b: L1[L1[L6[]]], cons: V0 -> L1[_3_] -> L1[_4_], tr: L6[]
		0: L0[], LLi: L1[L1[L0[]]], Li: L1[L6[]], []b: L1[L1[L6[]]], cons: V0 -> L1[V0] -> L1[V0], tr: L6[]
[16:05:35.055494]	Exploring 0: L0[], LLi: L1[L1[L0[]]], Li: L1[L6[]], []b: L1[L6[]], cons: V0 -> L1[_3_] -> L1[_4_], tr: L6[]
[16:05:35.055814]	Exploring 0: L0[], LLi: L1[L1[L0[]]], Li: L1[L6[]], []b: L1[_12_ -> _13_], cons: V0 -> L1[_3_] -> L1[_4_], tr: L6[]
[16:05:35.056091]	Exploring 0: L0[], LLi: L1[L1[L0[]]], Li: L1[L6[]], []b: L1[L0[] -> _13_], cons: V0 -> L1[_3_] -> L1[_4_], tr: L6[]
[16:05:35.056407]	Exploring 0: L0[], LLi: L1[L1[L0[]]], Li: L1[L6[]], []b: L1[L6[] -> _13_], cons: V0 -> L1[_3_] -> L1[_4_], tr: L6[]
[16:05:35.056680]	Exploring 0: L0[], LLi: L1[L1[L0[]]], Li: L1[_9_ -> _10_], []b: L1[_2_], cons: V0 -> L1[_3_] -> L1[_4_], tr: L6[]
[16:05:35.056912]	Exploring 0: L0[], LLi: L1[L1[L0[]]], Li: L1[L0[] -> _10_], []b: L1[_2_], cons: V0 -> L1[_3_] -> L1[_4_], tr: L6[]
[16:05:35.057115]	Exploring 0: L0[], LLi: L1[L1[L0[]]], Li: L1[L0[] -> L0[]], []b: L1[_2_], cons: V0 -> L1[_3_] -> L1[_4_], tr: L6[]
[16:05:35.057404]	Exploring 0: L0[], LLi: L1[L1[L0[]]], Li: L1[L0[] -> L6[]], []b: L1[_2_], cons: V0 -> L1[_3_] -> L1[_4_], tr: L6[]
[16:05:35.057664]	Exploring 0: L0[], LLi: L1[L1[L0[]]], Li: L1[L6[] -> _10_], []b: L1[_2_], cons: V0 -> L1[_3_] -> L1[_4_], tr: L6[]
[16:05:35.057899]	Exploring 0: L0[], LLi: L1[L1[L0[]]], Li: L1[L6[] -> L0[]], []b: L1[_2_], cons: V0 -> L1[_3_] -> L1[_4_], tr: L6[]
[16:05:35.058195]	Exploring 0: L0[], LLi: L1[L1[L0[]]], Li: L1[L6[] -> L6[]], []b: L1[_2_], cons: V0 -> L1[_3_] -> L1[_4_], tr: L6[]
[16:05:35.058468]	Exploring 0: L0[], LLi: L1[L1[L6[]]], Li: L1[_1_], []b: L1[_2_], cons: V0 -> L1[_3_] -> L1[_4_], tr: L6[]
[16:05:35.058669]	Exploring 0: L0[], LLi: L1[L1[L6[]]], Li: L1[L0[]], []b: L1[_2_], cons: V0 -> L1[_3_] -> L1[_4_], tr: L6[]
[16:05:35.058910]	Exploring 0: L0[], LLi: L1[L1[L6[]]], Li: L1[L0[]], []b: L1[L0[]], cons: V0 -> L1[_3_] -> L1[_4_], tr: L6[]
[16:05:35.059200]	Exploring 0: L0[], LLi: L1[L1[L6[]]], Li: L1[L0[]], []b: L1[L1[_11_]], cons: V0 -> L1[_3_] -> L1[_4_], tr: L6[]
[16:05:35.059418]	Exploring 0: L0[], LLi: L1[L1[L6[]]], Li: L1[L0[]], []b: L1[L1[L0[]]], cons: V0 -> L1[_3_] -> L1[_4_], tr: L6[]
[16:05:35.059625]		Fast forwarded from
		0: L0[], LLi: L1[L1[L6[]]], Li: L1[L0[]], []b: L1[L1[L0[]]], cons: V0 -> L1[_3_] -> L1[_4_], tr: L6[]
		0: L0[], LLi: L1[L1[L6[]]], Li: L1[L0[]], []b: L1[L1[L0[]]], cons: V0 -> L1[V0] -> L1[V0], tr: L6[]
[16:05:35.059861]	Exploring 0: L0[], LLi: L1[L1[L6[]]], Li: L1[L0[]], []b: L1[L1[L6[]]], cons: V0 -> L1[_3_] -> L1[_4_], tr: L6[]
[16:05:35.060077]		Fast forwarded from
		0: L0[], LLi: L1[L1[L6[]]], Li: L1[L0[]], []b: L1[L1[L6[]]], cons: V0 -> L1[_3_] -> L1[_4_], tr: L6[]
		0: L0[], LLi: L1[L1[L6[]]], Li: L1[L0[]], []b: L1[L1[L6[]]], cons: V0 -> L1[V0] -> L1[V0], tr: L6[]
[16:05:35.060353]	Exploring 0: L0[], LLi: L1[L1[L6[]]], Li: L1[L0[]], []b: L1[L6[]], cons: V0 -> L1[_3_] -> L1[_4_], tr: L6[]
[16:05:35.060761]	Exploring 0: L0[], LLi: L1[L1[L6[]]], Li: L1[L0[]], []b: L1[_12_ -> _13_], cons: V0 -> L1[_3_] -> L1[_4_], tr: L6[]
[16:05:35.061022]	Exploring 0: L0[], LLi: L1[L1[L6[]]], Li: L1[L0[]], []b: L1[L0[] -> _13_], cons: V0 -> L1[_3_] -> L1[_4_], tr: L6[]
[16:05:35.061316]	Exploring 0: L0[], LLi: L1[L1[L6[]]], Li: L1[L0[]], []b: L1[L6[] -> _13_], cons: V0 -> L1[_3_] -> L1[_4_], tr: L6[]
[16:05:35.061554]	Exploring 0: L0[], LLi: L1[L1[L6[]]], Li: L1[L1[_8_]], []b: L1[_2_], cons: V0 -> L1[_3_] -> L1[_4_], tr: L6[]
[16:05:35.061737]	Exploring 0: L0[], LLi: L1[L1[L6[]]], Li: L1[L1[L0[]]], []b: L1[_2_], cons: V0 -> L1[_3_] -> L1[_4_], tr: L6[]
[16:05:35.061949]	Exploring 0: L0[], LLi: L1[L1[L6[]]], Li: L1[L1[L0[]]], []b: L1[L0[]], cons: V0 -> L1[_3_] -> L1[_4_], tr: L6[]
[16:05:35.062165]		Fast forwarded from
		0: L0[], LLi: L1[L1[L6[]]], Li: L1[L1[L0[]]], []b: L1[L0[]], cons: V0 -> L1[_3_] -> L1[_4_], tr: L6[]
		0: L0[], LLi: L1[L1[L6[]]], Li: L1[L1[L0[]]], []b: L1[L0[]], cons: V0 -> L1[V0] -> L1[V0], tr: L6[]
[16:05:35.062391]	Exploring 0: L0[], LLi: L1[L1[L6[]]], Li: L1[L1[L0[]]], []b: L1[L6[]], cons: V0 -> L1[_3_] -> L1[_4_], tr: L6[]
[16:05:35.062550]		Fast forwarded from
		0: L0[], LLi: L1[L1[L6[]]], Li: L1[L1[L0[]]], []b: L1[L6[]], cons: V0 -> L1[_3_] -> L1[_4_], tr: L6[]
		0: L0[], LLi: L1[L1[L6[]]], Li: L1[L1[L0[]]], []b: L1[L6[]], cons: V0 -> L1[V0] -> L1[V0], tr: L6[]
[16:05:35.062766]	Exploring 0: L0[], LLi: L1[L1[L6[]]], Li: L1[L1[L6[]]], []b: L1[_2_], cons: V0 -> L1[_3_] -> L1[_4_], tr: L6[]
[16:05:35.062911]	Exploring 0: L0[], LLi: L1[L1[L6[]]], Li: L1[L1[L6[]]], []b: L1[L0[]], cons: V0 -> L1[_3_] -> L1[_4_], tr: L6[]
[16:05:35.063047]		Fast forwarded from
		0: L0[], LLi: L1[L1[L6[]]], Li: L1[L1[L6[]]], []b: L1[L0[]], cons: V0 -> L1[_3_] -> L1[_4_], tr: L6[]
		0: L0[], LLi: L1[L1[L6[]]], Li: L1[L1[L6[]]], []b: L1[L0[]], cons: V0 -> L1[V0] -> L1[V0], tr: L6[]
[16:05:35.063239]	Exploring 0: L0[], LLi: L1[L1[L6[]]], Li: L1[L1[L6[]]], []b: L1[L6[]], cons: V0 -> L1[_3_] -> L1[_4_], tr: L6[]
[16:05:35.063445]		Fast forwarded from
		0: L0[], LLi: L1[L1[L6[]]], Li: L1[L1[L6[]]], []b: L1[L6[]], cons: V0 -> L1[_3_] -> L1[_4_], tr: L6[]
		0: L0[], LLi: L1[L1[L6[]]], Li: L1[L1[L6[]]], []b: L1[L6[]], cons: V0 -> L1[V0] -> L1[V0], tr: L6[]
[16:05:35.063618]	Exploring 0: L0[], LLi: L1[L1[L6[]]], Li: L1[L6[]], []b: L1[_2_], cons: V0 -> L1[_3_] -> L1[_4_], tr: L6[]
[16:05:35.063790]	Exploring 0: L0[], LLi: L1[L1[L6[]]], Li: L1[L6[]], []b: L1[L0[]], cons: V0 -> L1[_3_] -> L1[_4_], tr: L6[]
[16:05:35.063994]	Exploring 0: L0[], LLi: L1[L1[L6[]]], Li: L1[L6[]], []b: L1[L1[_11_]], cons: V0 -> L1[_3_] -> L1[_4_], tr: L6[]
[16:05:35.064163]	Exploring 0: L0[], LLi: L1[L1[L6[]]], Li: L1[L6[]], []b: L1[L1[L0[]]], cons: V0 -> L1[_3_] -> L1[_4_], tr: L6[]
[16:05:35.064343]		Fast forwarded from
		0: L0[], LLi: L1[L1[L6[]]], Li: L1[L6[]], []b: L1[L1[L0[]]], cons: V0 -> L1[_3_] -> L1[_4_], tr: L6[]
		0: L0[], LLi: L1[L1[L6[]]], Li: L1[L6[]], []b: L1[L1[L0[]]], cons: V0 -> L1[V0] -> L1[V0], tr: L6[]
[16:05:35.064572]	Exploring 0: L0[], LLi: L1[L1[L6[]]], Li: L1[L6[]], []b: L1[L1[L6[]]], cons: V0 -> L1[_3_] -> L1[_4_], tr: L6[]
[16:05:35.064697]		Fast forwarded from
		0: L0[], LLi: L1[L1[L6[]]], Li: L1[L6[]], []b: L1[L1[L6[]]], cons: V0 -> L1[_3_] -> L1[_4_], tr: L6[]
		0: L0[], LLi: L1[L1[L6[]]], Li: L1[L6[]], []b: L1[L1[L6[]]], cons: V0 -> L1[V0] -> L1[V0], tr: L6[]
[16:05:35.064817]	Exploring 0: L0[], LLi: L1[L1[L6[]]], Li: L1[L6[]], []b: L1[L6[]], cons: V0 -> L1[_3_] -> L1[_4_], tr: L6[]
[16:05:35.064953]	Exploring 0: L0[], LLi: L1[L1[L6[]]], Li: L1[L6[]], []b: L1[_12_ -> _13_], cons: V0 -> L1[_3_] -> L1[_4_], tr: L6[]
[16:05:35.065065]	Exploring 0: L0[], LLi: L1[L1[L6[]]], Li: L1[L6[]], []b: L1[L0[] -> _13_], cons: V0 -> L1[_3_] -> L1[_4_], tr: L6[]
[16:05:35.065208]	Exploring 0: L0[], LLi: L1[L1[L6[]]], Li: L1[L6[]], []b: L1[L6[] -> _13_], cons: V0 -> L1[_3_] -> L1[_4_], tr: L6[]
[16:05:35.065345]	Exploring 0: L0[], LLi: L1[L1[L6[]]], Li: L1[_9_ -> _10_], []b: L1[_2_], cons: V0 -> L1[_3_] -> L1[_4_], tr: L6[]
[16:05:35.065456]	Exploring 0: L0[], LLi: L1[L1[L6[]]], Li: L1[L0[] -> _10_], []b: L1[_2_], cons: V0 -> L1[_3_] -> L1[_4_], tr: L6[]
[16:05:35.065572]	Exploring 0: L0[], LLi: L1[L1[L6[]]], Li: L1[L0[] -> L0[]], []b: L1[_2_], cons: V0 -> L1[_3_] -> L1[_4_], tr: L6[]
[16:05:35.065785]	Exploring 0: L0[], LLi: L1[L1[L6[]]], Li: L1[L0[] -> L6[]], []b: L1[_2_], cons: V0 -> L1[_3_] -> L1[_4_], tr: L6[]
[16:05:35.066024]	Exploring 0: L0[], LLi: L1[L1[L6[]]], Li: L1[L6[] -> _10_], []b: L1[_2_], cons: V0 -> L1[_3_] -> L1[_4_], tr: L6[]
[16:05:35.066205]	Exploring 0: L0[], LLi: L1[L1[L6[]]], Li: L1[L6[] -> L0[]], []b: L1[_2_], cons: V0 -> L1[_3_] -> L1[_4_], tr: L6[]
[16:05:35.066452]	Exploring 0: L0[], LLi: L1[L1[L6[]]], Li: L1[L6[] -> L6[]], []b: L1[_2_], cons: V0 -> L1[_3_] -> L1[_4_], tr: L6[]
[16:05:35.066634]	Exploring 0: L0[], LLi: L1[L6[]], Li: L1[_1_], []b: L1[_2_], cons: V0 -> L1[_3_] -> L1[_4_], tr: L6[]
[16:05:35.066755]	Exploring 0: L0[], LLi: L1[L6[]], Li: L1[L0[]], []b: L1[_2_], cons: V0 -> L1[_3_] -> L1[_4_], tr: L6[]
[16:05:35.066870]	Exploring 0: L0[], LLi: L1[L6[]], Li: L1[L0[]], []b: L1[L0[]], cons: V0 -> L1[_3_] -> L1[_4_], tr: L6[]
[16:05:35.067097]	Exploring 0: L0[], LLi: L1[L6[]], Li: L1[L0[]], []b: L1[L1[_11_]], cons: V0 -> L1[_3_] -> L1[_4_], tr: L6[]
[16:05:35.067276]	Exploring 0: L0[], LLi: L1[L6[]], Li: L1[L0[]], []b: L1[L1[L0[]]], cons: V0 -> L1[_3_] -> L1[_4_], tr: L6[]
[16:05:35.067533]	Exploring 0: L0[], LLi: L1[L6[]], Li: L1[L0[]], []b: L1[L1[L6[]]], cons: V0 -> L1[_3_] -> L1[_4_], tr: L6[]
[16:05:35.067718]	Exploring 0: L0[], LLi: L1[L6[]], Li: L1[L0[]], []b: L1[L6[]], cons: V0 -> L1[_3_] -> L1[_4_], tr: L6[]
[16:05:35.067894]	Exploring 0: L0[], LLi: L1[L6[]], Li: L1[L0[]], []b: L1[_12_ -> _13_], cons: V0 -> L1[_3_] -> L1[_4_], tr: L6[]
[16:05:35.068032]	Exploring 0: L0[], LLi: L1[L6[]], Li: L1[L0[]], []b: L1[L0[] -> _13_], cons: V0 -> L1[_3_] -> L1[_4_], tr: L6[]
[16:05:35.068168]	Exploring 0: L0[], LLi: L1[L6[]], Li: L1[L0[]], []b: L1[L0[] -> L0[]], cons: V0 -> L1[_3_] -> L1[_4_], tr: L6[]
[16:05:35.068360]		Fast forwarded from
		0: L0[], LLi: L1[L6[]], Li: L1[L0[]], []b: L1[L0[] -> L0[]], cons: V0 -> L1[_3_] -> L1[_4_], tr: L6[]
		0: L0[], LLi: L1[L6[]], Li: L1[L0[]], []b: L1[L0[] -> L0[]], cons: V0 -> L1[V0] -> L1[V0], tr: L6[]
[16:05:35.068555]	Exploring 0: L0[], LLi: L1[L6[]], Li: L1[L0[]], []b: L1[L0[] -> L6[]], cons: V0 -> L1[_3_] -> L1[_4_], tr: L6[]
[16:05:35.068745]		Fast forwarded from
		0: L0[], LLi: L1[L6[]], Li: L1[L0[]], []b: L1[L0[] -> L6[]], cons: V0 -> L1[_3_] -> L1[_4_], tr: L6[]
		0: L0[], LLi: L1[L6[]], Li: L1[L0[]], []b: L1[L0[] -> L6[]], cons: V0 -> L1[V0] -> L1[V0], tr: L6[]
[16:05:35.068933]	Exploring 0: L0[], LLi: L1[L6[]], Li: L1[L0[]], []b: L1[L6[] -> _13_], cons: V0 -> L1[_3_] -> L1[_4_], tr: L6[]
[16:05:35.069093]	Exploring 0: L0[], LLi: L1[L6[]], Li: L1[L0[]], []b: L1[L6[] -> L0[]], cons: V0 -> L1[_3_] -> L1[_4_], tr: L6[]
[16:05:35.069271]		Fast forwarded from
		0: L0[], LLi: L1[L6[]], Li: L1[L0[]], []b: L1[L6[] -> L0[]], cons: V0 -> L1[_3_] -> L1[_4_], tr: L6[]
		0: L0[], LLi: L1[L6[]], Li: L1[L0[]], []b: L1[L6[] -> L0[]], cons: V0 -> L1[V0] -> L1[V0], tr: L6[]
[16:05:35.069499]	Exploring 0: L0[], LLi: L1[L6[]], Li: L1[L0[]], []b: L1[L6[] -> L6[]], cons: V0 -> L1[_3_] -> L1[_4_], tr: L6[]
[16:05:35.069678]		Fast forwarded from
		0: L0[], LLi: L1[L6[]], Li: L1[L0[]], []b: L1[L6[] -> L6[]], cons: V0 -> L1[_3_] -> L1[_4_], tr: L6[]
		0: L0[], LLi: L1[L6[]], Li: L1[L0[]], []b: L1[L6[] -> L6[]], cons: V0 -> L1[V0] -> L1[V0], tr: L6[]
[16:05:35.069875]	Exploring 0: L0[], LLi: L1[L6[]], Li: L1[L1[_8_]], []b: L1[_2_], cons: V0 -> L1[_3_] -> L1[_4_], tr: L6[]
[16:05:35.070036]	Exploring 0: L0[], LLi: L1[L6[]], Li: L1[L1[L0[]]], []b: L1[_2_], cons: V0 -> L1[_3_] -> L1[_4_], tr: L6[]
[16:05:35.070160]	Exploring 0: L0[], LLi: L1[L6[]], Li: L1[L1[L0[]]], []b: L1[L0[]], cons: V0 -> L1[_3_] -> L1[_4_], tr: L6[]
[16:05:35.070325]	Exploring 0: L0[], LLi: L1[L6[]], Li: L1[L1[L0[]]], []b: L1[L1[_11_]], cons: V0 -> L1[_3_] -> L1[_4_], tr: L6[]
[16:05:35.070458]	Exploring 0: L0[], LLi: L1[L6[]], Li: L1[L1[L0[]]], []b: L1[L1[L0[]]], cons: V0 -> L1[_3_] -> L1[_4_], tr: L6[]
[16:05:35.070590]		Fast forwarded from
		0: L0[], LLi: L1[L6[]], Li: L1[L1[L0[]]], []b: L1[L1[L0[]]], cons: V0 -> L1[_3_] -> L1[_4_], tr: L6[]
		0: L0[], LLi: L1[L6[]], Li: L1[L1[L0[]]], []b: L1[L1[L0[]]], cons: V0 -> L1[V0] -> L1[V0], tr: L6[]
[16:05:35.070733]	Exploring 0: L0[], LLi: L1[L6[]], Li: L1[L1[L0[]]], []b: L1[L1[L6[]]], cons: V0 -> L1[_3_] -> L1[_4_], tr: L6[]
[16:05:35.070860]		Fast forwarded from
		0: L0[], LLi: L1[L6[]], Li: L1[L1[L0[]]], []b: L1[L1[L6[]]], cons: V0 -> L1[_3_] -> L1[_4_], tr: L6[]
		0: L0[], LLi: L1[L6[]], Li: L1[L1[L0[]]], []b: L1[L1[L6[]]], cons: V0 -> L1[V0] -> L1[V0], tr: L6[]
[16:05:35.071002]	Exploring 0: L0[], LLi: L1[L6[]], Li: L1[L1[L0[]]], []b: L1[L6[]], cons: V0 -> L1[_3_] -> L1[_4_], tr: L6[]
[16:05:35.071166]	Exploring 0: L0[], LLi: L1[L6[]], Li: L1[L1[L0[]]], []b: L1[_12_ -> _13_], cons: V0 -> L1[_3_] -> L1[_4_], tr: L6[]
[16:05:35.071324]	Exploring 0: L0[], LLi: L1[L6[]], Li: L1[L1[L0[]]], []b: L1[L0[] -> _13_], cons: V0 -> L1[_3_] -> L1[_4_], tr: L6[]
[16:05:35.071532]	Exploring 0: L0[], LLi: L1[L6[]], Li: L1[L1[L0[]]], []b: L1[L6[] -> _13_], cons: V0 -> L1[_3_] -> L1[_4_], tr: L6[]
[16:05:35.071752]	Exploring 0: L0[], LLi: L1[L6[]], Li: L1[L1[L6[]]], []b: L1[_2_], cons: V0 -> L1[_3_] -> L1[_4_], tr: L6[]
[16:05:35.071907]	Exploring 0: L0[], LLi: L1[L6[]], Li: L1[L1[L6[]]], []b: L1[L0[]], cons: V0 -> L1[_3_] -> L1[_4_], tr: L6[]
[16:05:35.072070]	Exploring 0: L0[], LLi: L1[L6[]], Li: L1[L1[L6[]]], []b: L1[L1[_11_]], cons: V0 -> L1[_3_] -> L1[_4_], tr: L6[]
[16:05:35.072213]	Exploring 0: L0[], LLi: L1[L6[]], Li: L1[L1[L6[]]], []b: L1[L1[L0[]]], cons: V0 -> L1[_3_] -> L1[_4_], tr: L6[]
[16:05:35.072355]		Fast forwarded from
		0: L0[], LLi: L1[L6[]], Li: L1[L1[L6[]]], []b: L1[L1[L0[]]], cons: V0 -> L1[_3_] -> L1[_4_], tr: L6[]
		0: L0[], LLi: L1[L6[]], Li: L1[L1[L6[]]], []b: L1[L1[L0[]]], cons: V0 -> L1[V0] -> L1[V0], tr: L6[]
[16:05:35.072666]	Exploring 0: L0[], LLi: L1[L6[]], Li: L1[L1[L6[]]], []b: L1[L1[L6[]]], cons: V0 -> L1[_3_] -> L1[_4_], tr: L6[]
[16:05:35.072914]		Fast forwarded from
		0: L0[], LLi: L1[L6[]], Li: L1[L1[L6[]]], []b: L1[L1[L6[]]], cons: V0 -> L1[_3_] -> L1[_4_], tr: L6[]
		0: L0[], LLi: L1[L6[]], Li: L1[L1[L6[]]], []b: L1[L1[L6[]]], cons: V0 -> L1[V0] -> L1[V0], tr: L6[]
[16:05:35.073179]	Exploring 0: L0[], LLi: L1[L6[]], Li: L1[L1[L6[]]], []b: L1[L6[]], cons: V0 -> L1[_3_] -> L1[_4_], tr: L6[]
[16:05:35.073595]	Exploring 0: L0[], LLi: L1[L6[]], Li: L1[L1[L6[]]], []b: L1[_12_ -> _13_], cons: V0 -> L1[_3_] -> L1[_4_], tr: L6[]
[16:05:35.074006]	Exploring 0: L0[], LLi: L1[L6[]], Li: L1[L1[L6[]]], []b: L1[L0[] -> _13_], cons: V0 -> L1[_3_] -> L1[_4_], tr: L6[]
[16:05:35.074355]	Exploring 0: L0[], LLi: L1[L6[]], Li: L1[L1[L6[]]], []b: L1[L6[] -> _13_], cons: V0 -> L1[_3_] -> L1[_4_], tr: L6[]
[16:05:35.074713]	Exploring 0: L0[], LLi: L1[L6[]], Li: L1[L6[]], []b: L1[_2_], cons: V0 -> L1[_3_] -> L1[_4_], tr: L6[]
[16:05:35.075257]	Exploring 0: L0[], LLi: L1[L6[]], Li: L1[L6[]], []b: L1[L0[]], cons: V0 -> L1[_3_] -> L1[_4_], tr: L6[]
[16:05:35.075779]	Exploring 0: L0[], LLi: L1[L6[]], Li: L1[L6[]], []b: L1[L1[_11_]], cons: V0 -> L1[_3_] -> L1[_4_], tr: L6[]
[16:05:35.076170]	Exploring 0: L0[], LLi: L1[L6[]], Li: L1[L6[]], []b: L1[L1[L0[]]], cons: V0 -> L1[_3_] -> L1[_4_], tr: L6[]
[16:05:35.076565]	Exploring 0: L0[], LLi: L1[L6[]], Li: L1[L6[]], []b: L1[L1[L6[]]], cons: V0 -> L1[_3_] -> L1[_4_], tr: L6[]
[16:05:35.077122]	Exploring 0: L0[], LLi: L1[L6[]], Li: L1[L6[]], []b: L1[L6[]], cons: V0 -> L1[_3_] -> L1[_4_], tr: L6[]
[16:05:35.077695]	Exploring 0: L0[], LLi: L1[L6[]], Li: L1[L6[]], []b: L1[L6[]], cons: V0 -> L1[L6[]] -> L1[_4_], tr: L6[]
[16:05:35.078022]	Exploring 0: L0[], LLi: L1[L6[]], Li: L1[L6[]], []b: L1[L6[]], cons: V0 -> L1[L6[]] -> L1[L6[]], tr: L6[]
[16:05:35.078730]	Exploring 0: L0[], LLi: L1[L6[]], Li: L1[L6[]], []b: L1[_12_ -> _13_], cons: V0 -> L1[_3_] -> L1[_4_], tr: L6[]
[16:05:35.079213]	Exploring 0: L0[], LLi: L1[L6[]], Li: L1[L6[]], []b: L1[L0[] -> _13_], cons: V0 -> L1[_3_] -> L1[_4_], tr: L6[]
[16:05:35.079660]	Exploring 0: L0[], LLi: L1[L6[]], Li: L1[L6[]], []b: L1[L0[] -> L0[]], cons: V0 -> L1[_3_] -> L1[_4_], tr: L6[]
[16:05:35.080147]		Fast forwarded from
		0: L0[], LLi: L1[L6[]], Li: L1[L6[]], []b: L1[L0[] -> L0[]], cons: V0 -> L1[_3_] -> L1[_4_], tr: L6[]
		0: L0[], LLi: L1[L6[]], Li: L1[L6[]], []b: L1[L0[] -> L0[]], cons: V0 -> L1[V0] -> L1[V0], tr: L6[]
[16:05:35.080658]	Exploring 0: L0[], LLi: L1[L6[]], Li: L1[L6[]], []b: L1[L0[] -> L6[]], cons: V0 -> L1[_3_] -> L1[_4_], tr: L6[]
[16:05:35.081052]		Fast forwarded from
		0: L0[], LLi: L1[L6[]], Li: L1[L6[]], []b: L1[L0[] -> L6[]], cons: V0 -> L1[_3_] -> L1[_4_], tr: L6[]
		0: L0[], LLi: L1[L6[]], Li: L1[L6[]], []b: L1[L0[] -> L6[]], cons: V0 -> L1[V0] -> L1[V0], tr: L6[]
[16:05:35.081512]	Exploring 0: L0[], LLi: L1[L6[]], Li: L1[L6[]], []b: L1[L6[] -> _13_], cons: V0 -> L1[_3_] -> L1[_4_], tr: L6[]
[16:05:35.081963]	Exploring 0: L0[], LLi: L1[L6[]], Li: L1[L6[]], []b: L1[L6[] -> L0[]], cons: V0 -> L1[_3_] -> L1[_4_], tr: L6[]
[16:05:35.082380]		Fast forwarded from
		0: L0[], LLi: L1[L6[]], Li: L1[L6[]], []b: L1[L6[] -> L0[]], cons: V0 -> L1[_3_] -> L1[_4_], tr: L6[]
		0: L0[], LLi: L1[L6[]], Li: L1[L6[]], []b: L1[L6[] -> L0[]], cons: V0 -> L1[V0] -> L1[V0], tr: L6[]
[16:05:35.082881]	Exploring 0: L0[], LLi: L1[L6[]], Li: L1[L6[]], []b: L1[L6[] -> L6[]], cons: V0 -> L1[_3_] -> L1[_4_], tr: L6[]
[16:05:35.083251]		Fast forwarded from
		0: L0[], LLi: L1[L6[]], Li: L1[L6[]], []b: L1[L6[] -> L6[]], cons: V0 -> L1[_3_] -> L1[_4_], tr: L6[]
		0: L0[], LLi: L1[L6[]], Li: L1[L6[]], []b: L1[L6[] -> L6[]], cons: V0 -> L1[V0] -> L1[V0], tr: L6[]
[16:05:35.083645]	Exploring 0: L0[], LLi: L1[L6[]], Li: L1[_9_ -> _10_], []b: L1[_2_], cons: V0 -> L1[_3_] -> L1[_4_], tr: L6[]
[16:05:35.083936]	Exploring 0: L0[], LLi: L1[L6[]], Li: L1[L0[] -> _10_], []b: L1[_2_], cons: V0 -> L1[_3_] -> L1[_4_], tr: L6[]
[16:05:35.084126]	Exploring 0: L0[], LLi: L1[L6[]], Li: L1[L0[] -> L0[]], []b: L1[_2_], cons: V0 -> L1[_3_] -> L1[_4_], tr: L6[]
[16:05:35.084320]	Exploring 0: L0[], LLi: L1[L6[]], Li: L1[L0[] -> L0[]], []b: L1[L0[]], cons: V0 -> L1[_3_] -> L1[_4_], tr: L6[]
[16:05:35.084524]		Fast forwarded from
		0: L0[], LLi: L1[L6[]], Li: L1[L0[] -> L0[]], []b: L1[L0[]], cons: V0 -> L1[_3_] -> L1[_4_], tr: L6[]
		0: L0[], LLi: L1[L6[]], Li: L1[L0[] -> L0[]], []b: L1[L0[]], cons: V0 -> L1[V0] -> L1[V0], tr: L6[]
[16:05:35.084726]	Exploring 0: L0[], LLi: L1[L6[]], Li: L1[L0[] -> L0[]], []b: L1[L6[]], cons: V0 -> L1[_3_] -> L1[_4_], tr: L6[]
[16:05:35.084909]		Fast forwarded from
		0: L0[], LLi: L1[L6[]], Li: L1[L0[] -> L0[]], []b: L1[L6[]], cons: V0 -> L1[_3_] -> L1[_4_], tr: L6[]
		0: L0[], LLi: L1[L6[]], Li: L1[L0[] -> L0[]], []b: L1[L6[]], cons: V0 -> L1[V0] -> L1[V0], tr: L6[]
[16:05:35.085110]	Exploring 0: L0[], LLi: L1[L6[]], Li: L1[L0[] -> L6[]], []b: L1[_2_], cons: V0 -> L1[_3_] -> L1[_4_], tr: L6[]
[16:05:35.085322]	Exploring 0: L0[], LLi: L1[L6[]], Li: L1[L0[] -> L6[]], []b: L1[L0[]], cons: V0 -> L1[_3_] -> L1[_4_], tr: L6[]
[16:05:35.085531]		Fast forwarded from
		0: L0[], LLi: L1[L6[]], Li: L1[L0[] -> L6[]], []b: L1[L0[]], cons: V0 -> L1[_3_] -> L1[_4_], tr: L6[]
		0: L0[], LLi: L1[L6[]], Li: L1[L0[] -> L6[]], []b: L1[L0[]], cons: V0 -> L1[V0] -> L1[V0], tr: L6[]
[16:05:35.085801]	Exploring 0: L0[], LLi: L1[L6[]], Li: L1[L0[] -> L6[]], []b: L1[L6[]], cons: V0 -> L1[_3_] -> L1[_4_], tr: L6[]
[16:05:35.086047]		Fast forwarded from
		0: L0[], LLi: L1[L6[]], Li: L1[L0[] -> L6[]], []b: L1[L6[]], cons: V0 -> L1[_3_] -> L1[_4_], tr: L6[]
		0: L0[], LLi: L1[L6[]], Li: L1[L0[] -> L6[]], []b: L1[L6[]], cons: V0 -> L1[V0] -> L1[V0], tr: L6[]
[16:05:35.086290]	Exploring 0: L0[], LLi: L1[L6[]], Li: L1[L6[] -> _10_], []b: L1[_2_], cons: V0 -> L1[_3_] -> L1[_4_], tr: L6[]
[16:05:35.086530]	Exploring 0: L0[], LLi: L1[L6[]], Li: L1[L6[] -> L0[]], []b: L1[_2_], cons: V0 -> L1[_3_] -> L1[_4_], tr: L6[]
[16:05:35.086795]	Exploring 0: L0[], LLi: L1[L6[]], Li: L1[L6[] -> L0[]], []b: L1[L0[]], cons: V0 -> L1[_3_] -> L1[_4_], tr: L6[]
[16:05:35.087024]		Fast forwarded from
		0: L0[], LLi: L1[L6[]], Li: L1[L6[] -> L0[]], []b: L1[L0[]], cons: V0 -> L1[_3_] -> L1[_4_], tr: L6[]
		0: L0[], LLi: L1[L6[]], Li: L1[L6[] -> L0[]], []b: L1[L0[]], cons: V0 -> L1[V0] -> L1[V0], tr: L6[]
[16:05:35.087256]	Exploring 0: L0[], LLi: L1[L6[]], Li: L1[L6[] -> L0[]], []b: L1[L6[]], cons: V0 -> L1[_3_] -> L1[_4_], tr: L6[]
[16:05:35.087482]		Fast forwarded from
		0: L0[], LLi: L1[L6[]], Li: L1[L6[] -> L0[]], []b: L1[L6[]], cons: V0 -> L1[_3_] -> L1[_4_], tr: L6[]
		0: L0[], LLi: L1[L6[]], Li: L1[L6[] -> L0[]], []b: L1[L6[]], cons: V0 -> L1[V0] -> L1[V0], tr: L6[]
[16:05:35.087705]	Exploring 0: L0[], LLi: L1[L6[]], Li: L1[L6[] -> L6[]], []b: L1[_2_], cons: V0 -> L1[_3_] -> L1[_4_], tr: L6[]
[16:05:35.087970]	Exploring 0: L0[], LLi: L1[L6[]], Li: L1[L6[] -> L6[]], []b: L1[L0[]], cons: V0 -> L1[_3_] -> L1[_4_], tr: L6[]
[16:05:35.088170]		Fast forwarded from
		0: L0[], LLi: L1[L6[]], Li: L1[L6[] -> L6[]], []b: L1[L0[]], cons: V0 -> L1[_3_] -> L1[_4_], tr: L6[]
		0: L0[], LLi: L1[L6[]], Li: L1[L6[] -> L6[]], []b: L1[L0[]], cons: V0 -> L1[V0] -> L1[V0], tr: L6[]
[16:05:35.088356]	Exploring 0: L0[], LLi: L1[L6[]], Li: L1[L6[] -> L6[]], []b: L1[L6[]], cons: V0 -> L1[_3_] -> L1[_4_], tr: L6[]
[16:05:35.088536]		Fast forwarded from
		0: L0[], LLi: L1[L6[]], Li: L1[L6[] -> L6[]], []b: L1[L6[]], cons: V0 -> L1[_3_] -> L1[_4_], tr: L6[]
		0: L0[], LLi: L1[L6[]], Li: L1[L6[] -> L6[]], []b: L1[L6[]], cons: V0 -> L1[V0] -> L1[V0], tr: L6[]
[16:05:35.088736]	Exploring 0: L0[], LLi: L1[_6_ -> _7_], Li: L1[_1_], []b: L1[_2_], cons: V0 -> L1[_3_] -> L1[_4_], tr: L6[]
[16:05:35.088940]	Exploring 0: L0[], LLi: L1[L0[] -> _7_], Li: L1[_1_], []b: L1[_2_], cons: V0 -> L1[_3_] -> L1[_4_], tr: L6[]
[16:05:35.089121]	Exploring 0: L0[], LLi: L1[L0[] -> L0[]], Li: L1[_1_], []b: L1[_2_], cons: V0 -> L1[_3_] -> L1[_4_], tr: L6[]
[16:05:35.089271]	Exploring 0: L0[], LLi: L1[L0[] -> L0[]], Li: L1[L0[]], []b: L1[_2_], cons: V0 -> L1[_3_] -> L1[_4_], tr: L6[]
[16:05:35.089427]	Exploring 0: L0[], LLi: L1[L0[] -> L0[]], Li: L1[L0[]], []b: L1[L0[]], cons: V0 -> L1[_3_] -> L1[_4_], tr: L6[]
[16:05:35.089598]		Fast forwarded from
		0: L0[], LLi: L1[L0[] -> L0[]], Li: L1[L0[]], []b: L1[L0[]], cons: V0 -> L1[_3_] -> L1[_4_], tr: L6[]
		0: L0[], LLi: L1[L0[] -> L0[]], Li: L1[L0[]], []b: L1[L0[]], cons: V0 -> L1[V0] -> L1[V0], tr: L6[]
[16:05:35.089802]	Exploring 0: L0[], LLi: L1[L0[] -> L0[]], Li: L1[L0[]], []b: L1[L6[]], cons: V0 -> L1[_3_] -> L1[_4_], tr: L6[]
[16:05:35.089992]		Fast forwarded from
		0: L0[], LLi: L1[L0[] -> L0[]], Li: L1[L0[]], []b: L1[L6[]], cons: V0 -> L1[_3_] -> L1[_4_], tr: L6[]
		0: L0[], LLi: L1[L0[] -> L0[]], Li: L1[L0[]], []b: L1[L6[]], cons: V0 -> L1[V0] -> L1[V0], tr: L6[]
[16:05:35.090190]	Exploring 0: L0[], LLi: L1[L0[] -> L0[]], Li: L1[L1[_8_]], []b: L1[_2_], cons: V0 -> L1[_3_] -> L1[_4_], tr: L6[]
[16:05:35.090356]	Exploring 0: L0[], LLi: L1[L0[] -> L0[]], Li: L1[L1[L0[]]], []b: L1[_2_], cons: V0 -> L1[_3_] -> L1[_4_], tr: L6[]
[16:05:35.090595]	Exploring 0: L0[], LLi: L1[L0[] -> L0[]], Li: L1[L1[L6[]]], []b: L1[_2_], cons: V0 -> L1[_3_] -> L1[_4_], tr: L6[]
[16:05:35.090806]	Exploring 0: L0[], LLi: L1[L0[] -> L0[]], Li: L1[L6[]], []b: L1[_2_], cons: V0 -> L1[_3_] -> L1[_4_], tr: L6[]
[16:05:35.090965]	Exploring 0: L0[], LLi: L1[L0[] -> L0[]], Li: L1[L6[]], []b: L1[L0[]], cons: V0 -> L1[_3_] -> L1[_4_], tr: L6[]
[16:05:35.091135]		Fast forwarded from
		0: L0[], LLi: L1[L0[] -> L0[]], Li: L1[L6[]], []b: L1[L0[]], cons: V0 -> L1[_3_] -> L1[_4_], tr: L6[]
		0: L0[], LLi: L1[L0[] -> L0[]], Li: L1[L6[]], []b: L1[L0[]], cons: V0 -> L1[V0] -> L1[V0], tr: L6[]
[16:05:35.091311]	Exploring 0: L0[], LLi: L1[L0[] -> L0[]], Li: L1[L6[]], []b: L1[L6[]], cons: V0 -> L1[_3_] -> L1[_4_], tr: L6[]
[16:05:35.091497]		Fast forwarded from
		0: L0[], LLi: L1[L0[] -> L0[]], Li: L1[L6[]], []b: L1[L6[]], cons: V0 -> L1[_3_] -> L1[_4_], tr: L6[]
		0: L0[], LLi: L1[L0[] -> L0[]], Li: L1[L6[]], []b: L1[L6[]], cons: V0 -> L1[V0] -> L1[V0], tr: L6[]
[16:05:35.091682]	Exploring 0: L0[], LLi: L1[L0[] -> L0[]], Li: L1[_9_ -> _10_], []b: L1[_2_], cons: V0 -> L1[_3_] -> L1[_4_], tr: L6[]
[16:05:35.091855]	Exploring 0: L0[], LLi: L1[L0[] -> L0[]], Li: L1[L0[] -> _10_], []b: L1[_2_], cons: V0 -> L1[_3_] -> L1[_4_], tr: L6[]
[16:05:35.092242]	Exploring 0: L0[], LLi: L1[L0[] -> L0[]], Li: L1[L6[] -> _10_], []b: L1[_2_], cons: V0 -> L1[_3_] -> L1[_4_], tr: L6[]
[16:05:35.092555]	Exploring 0: L0[], LLi: L1[L0[] -> L6[]], Li: L1[_1_], []b: L1[_2_], cons: V0 -> L1[_3_] -> L1[_4_], tr: L6[]
[16:05:35.092731]	Exploring 0: L0[], LLi: L1[L0[] -> L6[]], Li: L1[L0[]], []b: L1[_2_], cons: V0 -> L1[_3_] -> L1[_4_], tr: L6[]
[16:05:35.092888]	Exploring 0: L0[], LLi: L1[L0[] -> L6[]], Li: L1[L0[]], []b: L1[L0[]], cons: V0 -> L1[_3_] -> L1[_4_], tr: L6[]
[16:05:35.093066]		Fast forwarded from
		0: L0[], LLi: L1[L0[] -> L6[]], Li: L1[L0[]], []b: L1[L0[]], cons: V0 -> L1[_3_] -> L1[_4_], tr: L6[]
		0: L0[], LLi: L1[L0[] -> L6[]], Li: L1[L0[]], []b: L1[L0[]], cons: V0 -> L1[V0] -> L1[V0], tr: L6[]
[16:05:35.093265]	Exploring 0: L0[], LLi: L1[L0[] -> L6[]], Li: L1[L0[]], []b: L1[L6[]], cons: V0 -> L1[_3_] -> L1[_4_], tr: L6[]
[16:05:35.093432]		Fast forwarded from
		0: L0[], LLi: L1[L0[] -> L6[]], Li: L1[L0[]], []b: L1[L6[]], cons: V0 -> L1[_3_] -> L1[_4_], tr: L6[]
		0: L0[], LLi: L1[L0[] -> L6[]], Li: L1[L0[]], []b: L1[L6[]], cons: V0 -> L1[V0] -> L1[V0], tr: L6[]
[16:05:35.093630]	Exploring 0: L0[], LLi: L1[L0[] -> L6[]], Li: L1[L1[_8_]], []b: L1[_2_], cons: V0 -> L1[_3_] -> L1[_4_], tr: L6[]
[16:05:35.093808]	Exploring 0: L0[], LLi: L1[L0[] -> L6[]], Li: L1[L1[L0[]]], []b: L1[_2_], cons: V0 -> L1[_3_] -> L1[_4_], tr: L6[]
[16:05:35.094030]	Exploring 0: L0[], LLi: L1[L0[] -> L6[]], Li: L1[L1[L6[]]], []b: L1[_2_], cons: V0 -> L1[_3_] -> L1[_4_], tr: L6[]
[16:05:35.094238]	Exploring 0: L0[], LLi: L1[L0[] -> L6[]], Li: L1[L6[]], []b: L1[_2_], cons: V0 -> L1[_3_] -> L1[_4_], tr: L6[]
[16:05:35.094473]	Exploring 0: L0[], LLi: L1[L0[] -> L6[]], Li: L1[L6[]], []b: L1[L0[]], cons: V0 -> L1[_3_] -> L1[_4_], tr: L6[]
[16:05:35.094655]		Fast forwarded from
		0: L0[], LLi: L1[L0[] -> L6[]], Li: L1[L6[]], []b: L1[L0[]], cons: V0 -> L1[_3_] -> L1[_4_], tr: L6[]
		0: L0[], LLi: L1[L0[] -> L6[]], Li: L1[L6[]], []b: L1[L0[]], cons: V0 -> L1[V0] -> L1[V0], tr: L6[]
[16:05:35.094836]	Exploring 0: L0[], LLi: L1[L0[] -> L6[]], Li: L1[L6[]], []b: L1[L6[]], cons: V0 -> L1[_3_] -> L1[_4_], tr: L6[]
[16:05:35.095010]		Fast forwarded from
		0: L0[], LLi: L1[L0[] -> L6[]], Li: L1[L6[]], []b: L1[L6[]], cons: V0 -> L1[_3_] -> L1[_4_], tr: L6[]
		0: L0[], LLi: L1[L0[] -> L6[]], Li: L1[L6[]], []b: L1[L6[]], cons: V0 -> L1[V0] -> L1[V0], tr: L6[]
[16:05:35.095186]	Exploring 0: L0[], LLi: L1[L0[] -> L6[]], Li: L1[_9_ -> _10_], []b: L1[_2_], cons: V0 -> L1[_3_] -> L1[_4_], tr: L6[]
[16:05:35.095351]	Exploring 0: L0[], LLi: L1[L0[] -> L6[]], Li: L1[L0[] -> _10_], []b: L1[_2_], cons: V0 -> L1[_3_] -> L1[_4_], tr: L6[]
[16:05:35.095652]	Exploring 0: L0[], LLi: L1[L0[] -> L6[]], Li: L1[L6[] -> _10_], []b: L1[_2_], cons: V0 -> L1[_3_] -> L1[_4_], tr: L6[]
[16:05:35.095970]	Exploring 0: L0[], LLi: L1[L6[] -> _7_], Li: L1[_1_], []b: L1[_2_], cons: V0 -> L1[_3_] -> L1[_4_], tr: L6[]
[16:05:35.096144]	Exploring 0: L0[], LLi: L1[L6[] -> L0[]], Li: L1[_1_], []b: L1[_2_], cons: V0 -> L1[_3_] -> L1[_4_], tr: L6[]
[16:05:35.096297]	Exploring 0: L0[], LLi: L1[L6[] -> L0[]], Li: L1[L0[]], []b: L1[_2_], cons: V0 -> L1[_3_] -> L1[_4_], tr: L6[]
[16:05:35.096457]	Exploring 0: L0[], LLi: L1[L6[] -> L0[]], Li: L1[L0[]], []b: L1[L0[]], cons: V0 -> L1[_3_] -> L1[_4_], tr: L6[]
[16:05:35.096642]		Fast forwarded from
		0: L0[], LLi: L1[L6[] -> L0[]], Li: L1[L0[]], []b: L1[L0[]], cons: V0 -> L1[_3_] -> L1[_4_], tr: L6[]
		0: L0[], LLi: L1[L6[] -> L0[]], Li: L1[L0[]], []b: L1[L0[]], cons: V0 -> L1[V0] -> L1[V0], tr: L6[]
[16:05:35.096865]	Exploring 0: L0[], LLi: L1[L6[] -> L0[]], Li: L1[L0[]], []b: L1[L6[]], cons: V0 -> L1[_3_] -> L1[_4_], tr: L6[]
[16:05:35.097076]		Fast forwarded from
		0: L0[], LLi: L1[L6[] -> L0[]], Li: L1[L0[]], []b: L1[L6[]], cons: V0 -> L1[_3_] -> L1[_4_], tr: L6[]
		0: L0[], LLi: L1[L6[] -> L0[]], Li: L1[L0[]], []b: L1[L6[]], cons: V0 -> L1[V0] -> L1[V0], tr: L6[]
[16:05:35.097291]	Exploring 0: L0[], LLi: L1[L6[] -> L0[]], Li: L1[L1[_8_]], []b: L1[_2_], cons: V0 -> L1[_3_] -> L1[_4_], tr: L6[]
[16:05:35.097578]	Exploring 0: L0[], LLi: L1[L6[] -> L0[]], Li: L1[L1[L0[]]], []b: L1[_2_], cons: V0 -> L1[_3_] -> L1[_4_], tr: L6[]
[16:05:35.097834]	Exploring 0: L0[], LLi: L1[L6[] -> L0[]], Li: L1[L1[L6[]]], []b: L1[_2_], cons: V0 -> L1[_3_] -> L1[_4_], tr: L6[]
[16:05:35.098055]	Exploring 0: L0[], LLi: L1[L6[] -> L0[]], Li: L1[L6[]], []b: L1[_2_], cons: V0 -> L1[_3_] -> L1[_4_], tr: L6[]
[16:05:35.098218]	Exploring 0: L0[], LLi: L1[L6[] -> L0[]], Li: L1[L6[]], []b: L1[L0[]], cons: V0 -> L1[_3_] -> L1[_4_], tr: L6[]
[16:05:35.098393]		Fast forwarded from
		0: L0[], LLi: L1[L6[] -> L0[]], Li: L1[L6[]], []b: L1[L0[]], cons: V0 -> L1[_3_] -> L1[_4_], tr: L6[]
		0: L0[], LLi: L1[L6[] -> L0[]], Li: L1[L6[]], []b: L1[L0[]], cons: V0 -> L1[V0] -> L1[V0], tr: L6[]
[16:05:35.098574]	Exploring 0: L0[], LLi: L1[L6[] -> L0[]], Li: L1[L6[]], []b: L1[L6[]], cons: V0 -> L1[_3_] -> L1[_4_], tr: L6[]
[16:05:35.098766]		Fast forwarded from
		0: L0[], LLi: L1[L6[] -> L0[]], Li: L1[L6[]], []b: L1[L6[]], cons: V0 -> L1[_3_] -> L1[_4_], tr: L6[]
		0: L0[], LLi: L1[L6[] -> L0[]], Li: L1[L6[]], []b: L1[L6[]], cons: V0 -> L1[V0] -> L1[V0], tr: L6[]
[16:05:35.098960]	Exploring 0: L0[], LLi: L1[L6[] -> L0[]], Li: L1[_9_ -> _10_], []b: L1[_2_], cons: V0 -> L1[_3_] -> L1[_4_], tr: L6[]
[16:05:35.099145]	Exploring 0: L0[], LLi: L1[L6[] -> L0[]], Li: L1[L0[] -> _10_], []b: L1[_2_], cons: V0 -> L1[_3_] -> L1[_4_], tr: L6[]
[16:05:35.099469]	Exploring 0: L0[], LLi: L1[L6[] -> L0[]], Li: L1[L6[] -> _10_], []b: L1[_2_], cons: V0 -> L1[_3_] -> L1[_4_], tr: L6[]
[16:05:35.099777]	Exploring 0: L0[], LLi: L1[L6[] -> L6[]], Li: L1[_1_], []b: L1[_2_], cons: V0 -> L1[_3_] -> L1[_4_], tr: L6[]
[16:05:35.099953]	Exploring 0: L0[], LLi: L1[L6[] -> L6[]], Li: L1[L0[]], []b: L1[_2_], cons: V0 -> L1[_3_] -> L1[_4_], tr: L6[]
[16:05:35.100112]	Exploring 0: L0[], LLi: L1[L6[] -> L6[]], Li: L1[L0[]], []b: L1[L0[]], cons: V0 -> L1[_3_] -> L1[_4_], tr: L6[]
[16:05:35.100298]		Fast forwarded from
		0: L0[], LLi: L1[L6[] -> L6[]], Li: L1[L0[]], []b: L1[L0[]], cons: V0 -> L1[_3_] -> L1[_4_], tr: L6[]
		0: L0[], LLi: L1[L6[] -> L6[]], Li: L1[L0[]], []b: L1[L0[]], cons: V0 -> L1[V0] -> L1[V0], tr: L6[]
[16:05:35.100512]	Exploring 0: L0[], LLi: L1[L6[] -> L6[]], Li: L1[L0[]], []b: L1[L6[]], cons: V0 -> L1[_3_] -> L1[_4_], tr: L6[]
[16:05:35.100699]		Fast forwarded from
		0: L0[], LLi: L1[L6[] -> L6[]], Li: L1[L0[]], []b: L1[L6[]], cons: V0 -> L1[_3_] -> L1[_4_], tr: L6[]
		0: L0[], LLi: L1[L6[] -> L6[]], Li: L1[L0[]], []b: L1[L6[]], cons: V0 -> L1[V0] -> L1[V0], tr: L6[]
[16:05:35.100912]	Exploring 0: L0[], LLi: L1[L6[] -> L6[]], Li: L1[L1[_8_]], []b: L1[_2_], cons: V0 -> L1[_3_] -> L1[_4_], tr: L6[]
[16:05:35.101083]	Exploring 0: L0[], LLi: L1[L6[] -> L6[]], Li: L1[L1[L0[]]], []b: L1[_2_], cons: V0 -> L1[_3_] -> L1[_4_], tr: L6[]
[16:05:35.101288]	Exploring 0: L0[], LLi: L1[L6[] -> L6[]], Li: L1[L1[L6[]]], []b: L1[_2_], cons: V0 -> L1[_3_] -> L1[_4_], tr: L6[]
[16:05:35.101418]	Exploring 0: L0[], LLi: L1[L6[] -> L6[]], Li: L1[L6[]], []b: L1[_2_], cons: V0 -> L1[_3_] -> L1[_4_], tr: L6[]
[16:05:35.101512]	Exploring 0: L0[], LLi: L1[L6[] -> L6[]], Li: L1[L6[]], []b: L1[L0[]], cons: V0 -> L1[_3_] -> L1[_4_], tr: L6[]
[16:05:35.101614]		Fast forwarded from
		0: L0[], LLi: L1[L6[] -> L6[]], Li: L1[L6[]], []b: L1[L0[]], cons: V0 -> L1[_3_] -> L1[_4_], tr: L6[]
		0: L0[], LLi: L1[L6[] -> L6[]], Li: L1[L6[]], []b: L1[L0[]], cons: V0 -> L1[V0] -> L1[V0], tr: L6[]
[16:05:35.101787]	Exploring 0: L0[], LLi: L1[L6[] -> L6[]], Li: L1[L6[]], []b: L1[L6[]], cons: V0 -> L1[_3_] -> L1[_4_], tr: L6[]
[16:05:35.101962]		Fast forwarded from
		0: L0[], LLi: L1[L6[] -> L6[]], Li: L1[L6[]], []b: L1[L6[]], cons: V0 -> L1[_3_] -> L1[_4_], tr: L6[]
		0: L0[], LLi: L1[L6[] -> L6[]], Li: L1[L6[]], []b: L1[L6[]], cons: V0 -> L1[V0] -> L1[V0], tr: L6[]
[16:05:35.102103]	Exploring 0: L0[], LLi: L1[L6[] -> L6[]], Li: L1[_9_ -> _10_], []b: L1[_2_], cons: V0 -> L1[_3_] -> L1[_4_], tr: L6[]
[16:05:35.102235]	Exploring 0: L0[], LLi: L1[L6[] -> L6[]], Li: L1[L0[] -> _10_], []b: L1[_2_], cons: V0 -> L1[_3_] -> L1[_4_], tr: L6[]
[16:05:35.102448]	Exploring 0: L0[], LLi: L1[L6[] -> L6[]], Li: L1[L6[] -> _10_], []b: L1[_2_], cons: V0 -> L1[_3_] -> L1[_4_], tr: L6[]
[16:05:35.102655]	END Size 5 : 96 ms
[16:05:35.102715]	STOPPED AT SIZE 5
[16:05:35.102764]	END Depth 3 : 97 ms
[16:05:35.102804]	STOPPED AT DEPTH 3
[16:05:35.102848]	END Concrete search : 310 ms
[16:05:35.103119]	Counts:
Cands under 0: L, LLi: L, Li: L, []b: L, cons: _1_ -> _2_, tr: L=17
Cand under 0: L, LLi: L, Li: L, []b: L, cons: _1_ -> _2_, tr: L passed all posexs=8
Cands under 0: L, LLi: L, Li: L, []b: L, cons: V_5_ -> V_6_ -> V_7_, tr: L=9
Cand under 0: L, LLi: L, Li: L, []b: L, cons: V_5_ -> V_6_ -> V_7_, tr: L passed all posexs=5
Cands under 0: L, LLi: L, Li: L, []b: L, cons: V_8_ -> V_9_ -> L, tr: L=4
Cand under 0: L, LLi: L, Li: L, []b: L, cons: V_8_ -> V_9_ -> L, tr: L passed all posexs=2
Cands under 0: L, LLi: L, Li: L, []b: L, cons: V_10_ -> L -> V_11_, tr: L=4
Cand under 0: L, LLi: L, Li: L, []b: L, cons: V_10_ -> L -> V_11_, tr: L passed all posexs=2
Cands under 0: L, LLi: L, Li: L, []b: L, cons: V_12_ -> L -> L, tr: L=2
Cand under 0: L, LLi: L, Li: L, []b: L, cons: V_12_ -> L -> L, tr: L passed all posexs=1
Cands under 0: L, LLi: L, Li: L, []b: L, cons: L -> V_13_ -> V_14_, tr: L=4
Cand under 0: L, LLi: L, Li: L, []b: L, cons: L -> V_13_ -> V_14_, tr: L passed all posexs=2
Cands under 0: L, LLi: L, Li: L, []b: L, cons: L -> V_15_ -> L, tr: L=2
Cand under 0: L, LLi: L, Li: L, []b: L, cons: L -> V_15_ -> L, tr: L passed all posexs=1
Cands under 0: L, LLi: L, Li: L, []b: L, cons: L -> L -> V_16_, tr: L=2
Cand under 0: L, LLi: L, Li: L, []b: L, cons: L -> L -> V_16_, tr: L passed all posexs=1
Cands under 0: L, LLi: L, Li: L, []b: L, cons: L -> L -> L, tr: L=1
Cand under 0: L, LLi: L, Li: L, []b: L, cons: L -> L -> L, tr: L passed all posexs=1
Cands under 0: L0[], LLi: L0[], Li: L0[], []b: L3[], cons: V0 -> V0 -> V0, tr: L3[]=25
Cand under 0: L0[], LLi: L0[], Li: L0[], []b: L3[], cons: V0 -> V0 -> V0, tr: L3[] passed all posexs=25
Cands under 0: L0[], LLi: L1[_0_], Li: L1[_1_], []b: L1[_2_], cons: V0 -> L1[_3_] -> L1[_4_], tr: L6[]=554
Cand under 0: L0[], LLi: L1[_0_], Li: L1[_1_], []b: L1[_2_], cons: V0 -> L1[_3_] -> L1[_4_], tr: L6[] passed all posexs=34
Hit size bound under 0: L0[], LLi: L1[_0_], Li: L1[_1_], []b: L1[_2_], cons: V0 -> L1[_3_] -> L1[_4_], tr: L6[]=113
Fast forwarded for 0: L0[], LLi: L1[_0_], Li: L1[_1_], []b: L1[_2_], cons: V0 -> L1[_3_] -> L1[_4_], tr: L6[]=73
[16:05:35.103214]	Total time: 1615 ms
