Cons
Search strategy: fun `<init>`(query.Examples, kotlin.Boolean, kotlin.Int, kotlin.Int, util.Logger): oneast.searchstrategies.DFSEnumerator
Size bound: 20
Depth bound: 4
Names per round: 10
Searching for 1 solutions
=====

[18:07:05.157]	BEG Depth 0 for outlines of [0, LLi, Lb, Li, cons, tr]
[18:07:05.157]	BEG Initial outlines
[18:07:05.158]	END Initial outlines : 1 ms
[18:07:05.159]	Counts:

[18:07:05.159]	Elapsed time: 5 ms
[18:07:05.164]	Seeds before label arities: 13
{0=L0[], LLi=L0[], Lb=L1[], Li=L0[], cons=V0 -> V0 -> V0, tr=L1[]}
{0=L0[], LLi=L1[], Lb=L2[], Li=L3[], cons=V0 -> V1 -> V0, tr=L4[]}
{0=L0[], LLi=L0[], Lb=L0[], Li=L0[], cons=V0 -> L0[] -> V0, tr=L0[]}
{0=L0[], LLi=L1[], Lb=L2[], Li=L3[], cons=V1 -> V0 -> V0, tr=L4[]}
{0=L0[], LLi=L1[], Lb=L1[], Li=L1[], cons=V1 -> L1[] -> V0, tr=L2[]}
{0=L0[], LLi=L0[], Lb=L0[], Li=L0[], cons=L0[] -> V0 -> V0, tr=L0[]}
{0=L0[], LLi=L0[], Lb=L0[], Li=L0[], cons=L0[] -> V1 -> V0, tr=L0[]}
{0=L0[], LLi=L0[], Lb=L0[], Li=L0[], cons=L0[] -> L0[] -> V0, tr=L0[]}
{0=L0[], LLi=L0[], Lb=L0[], Li=L0[], cons=V0 -> V0 -> L0[], tr=L0[]}
{0=L0[], LLi=L1[], Lb=L2[], Li=L3[], cons=V0 -> V1 -> L4[], tr=L5[]}
{0=L0[], LLi=L1[], Lb=L1[], Li=L1[], cons=V0 -> L1[] -> L1[], tr=L2[]}
{0=L0[], LLi=L0[], Lb=L0[], Li=L0[], cons=L0[] -> V0 -> L0[], tr=L0[]}
{0=L0[], LLi=L0[], Lb=L0[], Li=L0[], cons=L0[] -> L0[] -> L0[], tr=L0[]}
[18:07:05.166]	BEG Dependency analysis
[18:07:05.166]	END Dependency analysis : 0 ms
[18:07:05.166]	Counts:

[18:07:05.166]	Elapsed time: 12 ms
[18:07:05.166]	BEG Solving for label arities
