polymorphic-dictchain
Search strategy: fun `<init>`(query.Examples, kotlin.Boolean, kotlin.Boolean, kotlin.Int, kotlin.Int, util.Logger): oneast.searchstrategies.DFSEnumerator
Size bound: 20
Depth bound: 4
Schedule: Single round
Searching for 1 solutions
=====

[14:40:46.205]	Current query: {({})=.L, b=.L, chain=_ -> _, i=.L, put=_ -> _} with depth bound 0
[14:40:46.205]	BEG Depth 0 outlining [({}), b, chain, i, put]
[14:40:46.205]	BEG Initial outlines
[14:40:46.205]	END Initial outlines : 0 ms
[14:40:46.205]	Counts:

[14:40:46.205]	Elapsed time: 3 ms
[14:40:46.253]	Seeds before label arities: 108
{({})=L0[], b=L1[], chain=L0[] -> L0[] -> L0[], i=L1[], put=L0[] -> L1[] -> L1[] -> L0[]}
{({})=L0[], b=L1[], chain=L0[] -> L0[] -> L0[], i=L1[], put=L0[] -> L1[] -> V0 -> L0[]}
{({})=L0[], b=L1[], chain=L0[] -> L0[] -> L0[], i=L1[], put=L0[] -> V0 -> L1[] -> L0[]}
{({})=L0[], b=L1[], chain=L0[] -> L0[] -> L0[], i=L1[], put=L0[] -> V0 -> V0 -> L0[]}
{({})=L0[], b=L1[], chain=L0[] -> L0[] -> L0[], i=L2[], put=L0[] -> V0 -> V1 -> L0[]}
{({})=L0[], b=L1[], chain=L0[] -> V0 -> L0[], i=L1[], put=L0[] -> L1[] -> L1[] -> L0[]}
{({})=L0[], b=L1[], chain=L0[] -> V0 -> L0[], i=L1[], put=L0[] -> L1[] -> V0 -> L0[]}
{({})=L0[], b=L1[], chain=L0[] -> V0 -> L0[], i=L1[], put=L0[] -> V0 -> L1[] -> L0[]}
{({})=L0[], b=L1[], chain=L0[] -> V0 -> L0[], i=L1[], put=L0[] -> V0 -> V0 -> L0[]}
{({})=L0[], b=L1[], chain=L0[] -> V0 -> L0[], i=L2[], put=L0[] -> V0 -> V1 -> L0[]}
{({})=L0[], b=L1[], chain=L0[] -> L0[] -> L0[], i=L1[], put=L0[] -> L1[] -> L1[] -> V0}
{({})=L0[], b=L0[], chain=L0[] -> L0[] -> L0[], i=L0[], put=L0[] -> L0[] -> V0 -> V0}
{({})=L0[], b=L1[], chain=L0[] -> L0[] -> L0[], i=L1[], put=L0[] -> L1[] -> V1 -> V0}
{({})=L0[], b=L0[], chain=L0[] -> L0[] -> L0[], i=L0[], put=L0[] -> V0 -> L0[] -> V0}
{({})=L0[], b=L0[], chain=L0[] -> L0[] -> L0[], i=L0[], put=L0[] -> V0 -> V0 -> V0}
{({})=L0[], b=L0[], chain=L0[] -> L0[] -> L0[], i=L0[], put=L0[] -> V0 -> V1 -> V0}
{({})=L0[], b=L1[], chain=L0[] -> L0[] -> L0[], i=L1[], put=L0[] -> V1 -> L1[] -> V0}
{({})=L0[], b=L0[], chain=L0[] -> L0[] -> L0[], i=L0[], put=L0[] -> V1 -> V0 -> V0}
{({})=L0[], b=L1[], chain=L0[] -> L0[] -> L0[], i=L1[], put=L0[] -> V1 -> V1 -> V0}
{({})=L0[], b=L1[], chain=L0[] -> L0[] -> L0[], i=L2[], put=L0[] -> V1 -> V2 -> V0}
{({})=L0[], b=L1[], chain=L0[] -> V0 -> L0[], i=L1[], put=L0[] -> L1[] -> L1[] -> V0}
{({})=L0[], b=L0[], chain=L0[] -> V0 -> L0[], i=L0[], put=L0[] -> L0[] -> V0 -> V0}
{({})=L0[], b=L1[], chain=L0[] -> V0 -> L0[], i=L1[], put=L0[] -> L1[] -> V1 -> V0}
{({})=L0[], b=L0[], chain=L0[] -> V0 -> L0[], i=L0[], put=L0[] -> V0 -> L0[] -> V0}
{({})=L0[], b=L0[], chain=L0[] -> V0 -> L0[], i=L0[], put=L0[] -> V0 -> V0 -> V0}
{({})=L0[], b=L0[], chain=L0[] -> V0 -> L0[], i=L0[], put=L0[] -> V0 -> V1 -> V0}
{({})=L0[], b=L1[], chain=L0[] -> V0 -> L0[], i=L1[], put=L0[] -> V1 -> L1[] -> V0}
{({})=L0[], b=L0[], chain=L0[] -> V0 -> L0[], i=L0[], put=L0[] -> V1 -> V0 -> V0}
{({})=L0[], b=L1[], chain=L0[] -> V0 -> L0[], i=L1[], put=L0[] -> V1 -> V1 -> V0}
{({})=L0[], b=L1[], chain=L0[] -> V0 -> L0[], i=L2[], put=L0[] -> V1 -> V2 -> V0}
{({})=L0[], b=L1[], chain=L0[] -> L0[] -> L0[], i=L1[], put=L0[] -> L1[] -> V0}
{({})=L0[], b=L1[], chain=L0[] -> L0[] -> L0[], i=L2[], put=L0[] -> V1 -> V0}
{({})=L0[], b=L1[], chain=L0[] -> V0 -> L0[], i=L1[], put=L0[] -> L1[] -> V0}
{({})=L0[], b=L1[], chain=L0[] -> V0 -> L0[], i=L2[], put=L0[] -> V1 -> V0}
{({})=L0[], b=L1[], chain=L0[] -> L0[] -> L0[], i=L2[], put=L0[] -> V0}
{({})=L0[], b=L1[], chain=L0[] -> V0 -> L0[], i=L2[], put=L0[] -> V0}
{({})=L0[], b=L1[], chain=L0[] -> L0[] -> V0, i=L1[], put=L0[] -> L1[] -> L1[] -> L0[]}
{({})=L0[], b=L1[], chain=L0[] -> L0[] -> V0, i=L1[], put=L0[] -> L1[] -> V0 -> L0[]}
{({})=L0[], b=L1[], chain=L0[] -> L0[] -> V0, i=L1[], put=L0[] -> V0 -> L1[] -> L0[]}
{({})=L0[], b=L1[], chain=L0[] -> L0[] -> V0, i=L1[], put=L0[] -> V0 -> V0 -> L0[]}
{({})=L0[], b=L1[], chain=L0[] -> L0[] -> V0, i=L2[], put=L0[] -> V0 -> V1 -> L0[]}
{({})=L0[], b=L1[], chain=L0[] -> V0 -> V0, i=L1[], put=L0[] -> L1[] -> L1[] -> L0[]}
{({})=L0[], b=L1[], chain=L0[] -> V0 -> V0, i=L1[], put=L0[] -> L1[] -> V0 -> L0[]}
{({})=L0[], b=L1[], chain=L0[] -> V0 -> V0, i=L1[], put=L0[] -> V0 -> L1[] -> L0[]}
{({})=L0[], b=L1[], chain=L0[] -> V0 -> V0, i=L1[], put=L0[] -> V0 -> V0 -> L0[]}
{({})=L0[], b=L1[], chain=L0[] -> V0 -> V0, i=L2[], put=L0[] -> V0 -> V1 -> L0[]}
{({})=L0[], b=L1[], chain=L0[] -> V1 -> V0, i=L1[], put=L0[] -> L1[] -> L1[] -> L0[]}
{({})=L0[], b=L1[], chain=L0[] -> V1 -> V0, i=L1[], put=L0[] -> L1[] -> V0 -> L0[]}
{({})=L0[], b=L1[], chain=L0[] -> V1 -> V0, i=L1[], put=L0[] -> V0 -> L1[] -> L0[]}
{({})=L0[], b=L1[], chain=L0[] -> V1 -> V0, i=L1[], put=L0[] -> V0 -> V0 -> L0[]}
{({})=L0[], b=L1[], chain=L0[] -> V1 -> V0, i=L2[], put=L0[] -> V0 -> V1 -> L0[]}
{({})=L0[], b=L1[], chain=L0[] -> L0[] -> V0, i=L1[], put=L0[] -> L1[] -> L1[] -> V0}
{({})=L0[], b=L0[], chain=L0[] -> L0[] -> V0, i=L0[], put=L0[] -> L0[] -> V0 -> V0}
{({})=L0[], b=L1[], chain=L0[] -> L0[] -> V0, i=L1[], put=L0[] -> L1[] -> V1 -> V0}
{({})=L0[], b=L0[], chain=L0[] -> L0[] -> V0, i=L0[], put=L0[] -> V0 -> L0[] -> V0}
{({})=L0[], b=L0[], chain=L0[] -> L0[] -> V0, i=L0[], put=L0[] -> V0 -> V0 -> V0}
{({})=L0[], b=L0[], chain=L0[] -> L0[] -> V0, i=L0[], put=L0[] -> V0 -> V1 -> V0}
{({})=L0[], b=L1[], chain=L0[] -> L0[] -> V0, i=L1[], put=L0[] -> V1 -> L1[] -> V0}
{({})=L0[], b=L0[], chain=L0[] -> L0[] -> V0, i=L0[], put=L0[] -> V1 -> V0 -> V0}
{({})=L0[], b=L1[], chain=L0[] -> L0[] -> V0, i=L1[], put=L0[] -> V1 -> V1 -> V0}
{({})=L0[], b=L1[], chain=L0[] -> L0[] -> V0, i=L2[], put=L0[] -> V1 -> V2 -> V0}
{({})=L0[], b=L1[], chain=L0[] -> V0 -> V0, i=L1[], put=L0[] -> L1[] -> L1[] -> V0}
{({})=L0[], b=L0[], chain=L0[] -> V0 -> V0, i=L0[], put=L0[] -> L0[] -> V0 -> V0}
{({})=L0[], b=L1[], chain=L0[] -> V0 -> V0, i=L1[], put=L0[] -> L1[] -> V1 -> V0}
{({})=L0[], b=L0[], chain=L0[] -> V0 -> V0, i=L0[], put=L0[] -> V0 -> L0[] -> V0}
{({})=L0[], b=L0[], chain=L0[] -> V0 -> V0, i=L0[], put=L0[] -> V0 -> V0 -> V0}
{({})=L0[], b=L0[], chain=L0[] -> V0 -> V0, i=L0[], put=L0[] -> V0 -> V1 -> V0}
{({})=L0[], b=L1[], chain=L0[] -> V0 -> V0, i=L1[], put=L0[] -> V1 -> L1[] -> V0}
{({})=L0[], b=L0[], chain=L0[] -> V0 -> V0, i=L0[], put=L0[] -> V1 -> V0 -> V0}
{({})=L0[], b=L1[], chain=L0[] -> V0 -> V0, i=L1[], put=L0[] -> V1 -> V1 -> V0}
{({})=L0[], b=L1[], chain=L0[] -> V0 -> V0, i=L2[], put=L0[] -> V1 -> V2 -> V0}
{({})=L0[], b=L1[], chain=L0[] -> V1 -> V0, i=L1[], put=L0[] -> L1[] -> L1[] -> V0}
{({})=L0[], b=L0[], chain=L0[] -> V1 -> V0, i=L0[], put=L0[] -> L0[] -> V0 -> V0}
{({})=L0[], b=L1[], chain=L0[] -> V1 -> V0, i=L1[], put=L0[] -> L1[] -> V1 -> V0}
{({})=L0[], b=L0[], chain=L0[] -> V1 -> V0, i=L0[], put=L0[] -> V0 -> L0[] -> V0}
{({})=L0[], b=L0[], chain=L0[] -> V1 -> V0, i=L0[], put=L0[] -> V0 -> V0 -> V0}
{({})=L0[], b=L0[], chain=L0[] -> V1 -> V0, i=L0[], put=L0[] -> V0 -> V1 -> V0}
{({})=L0[], b=L1[], chain=L0[] -> V1 -> V0, i=L1[], put=L0[] -> V1 -> L1[] -> V0}
{({})=L0[], b=L0[], chain=L0[] -> V1 -> V0, i=L0[], put=L0[] -> V1 -> V0 -> V0}
{({})=L0[], b=L1[], chain=L0[] -> V1 -> V0, i=L1[], put=L0[] -> V1 -> V1 -> V0}
{({})=L0[], b=L1[], chain=L0[] -> V1 -> V0, i=L2[], put=L0[] -> V1 -> V2 -> V0}
{({})=L0[], b=L1[], chain=L0[] -> L0[] -> V0, i=L1[], put=L0[] -> L1[] -> V0}
{({})=L0[], b=L1[], chain=L0[] -> L0[] -> V0, i=L2[], put=L0[] -> V1 -> V0}
{({})=L0[], b=L1[], chain=L0[] -> V0 -> V0, i=L1[], put=L0[] -> L1[] -> V0}
{({})=L0[], b=L1[], chain=L0[] -> V0 -> V0, i=L2[], put=L0[] -> V1 -> V0}
{({})=L0[], b=L1[], chain=L0[] -> V1 -> V0, i=L1[], put=L0[] -> L1[] -> V0}
{({})=L0[], b=L1[], chain=L0[] -> V1 -> V0, i=L2[], put=L0[] -> V1 -> V0}
{({})=L0[], b=L1[], chain=L0[] -> L0[] -> V0, i=L2[], put=L0[] -> V0}
{({})=L0[], b=L1[], chain=L0[] -> V0 -> V0, i=L2[], put=L0[] -> V0}
{({})=L0[], b=L1[], chain=L0[] -> V1 -> V0, i=L2[], put=L0[] -> V0}
{({})=L0[], b=L1[], chain=L0[] -> V0, i=L1[], put=L0[] -> L1[] -> L1[] -> L0[]}
{({})=L0[], b=L1[], chain=L0[] -> V0, i=L1[], put=L0[] -> L1[] -> V0 -> L0[]}
{({})=L0[], b=L1[], chain=L0[] -> V0, i=L1[], put=L0[] -> V0 -> L1[] -> L0[]}
{({})=L0[], b=L1[], chain=L0[] -> V0, i=L1[], put=L0[] -> V0 -> V0 -> L0[]}
{({})=L0[], b=L1[], chain=L0[] -> V0, i=L2[], put=L0[] -> V0 -> V1 -> L0[]}
{({})=L0[], b=L1[], chain=L0[] -> V0, i=L1[], put=L0[] -> L1[] -> L1[] -> V0}
{({})=L0[], b=L0[], chain=L0[] -> V0, i=L0[], put=L0[] -> L0[] -> V0 -> V0}
{({})=L0[], b=L1[], chain=L0[] -> V0, i=L1[], put=L0[] -> L1[] -> V1 -> V0}
{({})=L0[], b=L0[], chain=L0[] -> V0, i=L0[], put=L0[] -> V0 -> L0[] -> V0}
{({})=L0[], b=L0[], chain=L0[] -> V0, i=L0[], put=L0[] -> V0 -> V0 -> V0}
{({})=L0[], b=L0[], chain=L0[] -> V0, i=L0[], put=L0[] -> V0 -> V1 -> V0}
{({})=L0[], b=L1[], chain=L0[] -> V0, i=L1[], put=L0[] -> V1 -> L1[] -> V0}
{({})=L0[], b=L0[], chain=L0[] -> V0, i=L0[], put=L0[] -> V1 -> V0 -> V0}
{({})=L0[], b=L1[], chain=L0[] -> V0, i=L1[], put=L0[] -> V1 -> V1 -> V0}
{({})=L0[], b=L1[], chain=L0[] -> V0, i=L2[], put=L0[] -> V1 -> V2 -> V0}
{({})=L0[], b=L1[], chain=L0[] -> V0, i=L1[], put=L0[] -> L1[] -> V0}
{({})=L0[], b=L1[], chain=L0[] -> V0, i=L2[], put=L0[] -> V1 -> V0}
{({})=L0[], b=L1[], chain=L0[] -> V0, i=L2[], put=L0[] -> V0}
[14:40:46.253]	BEG Dependency analysis
[14:40:46.390]	END Dependency analysis : 137 ms
[14:40:46.390]	Counts:
Total candidates=278
[14:40:46.390]	Elapsed time: 188 ms
[14:40:46.390]	BEG Solving for label arities
[14:40:53.157]	END Solving for label arities : 6767 ms
[14:40:53.157]	Counts:
Total candidates=278
Solver call=108
[14:40:53.157]	Elapsed time: 6955 ms
[14:40:53.158]	END Depth 0 outlining [({}), b, chain, i, put] : 6953 ms
[14:40:53.158]	Counts:
Total candidates=278
Solver call=108
[14:40:53.158]	Elapsed time: 6956 ms
[14:40:53.159]	Concrete seeds: 318
{({})=L0[], b=L1[], chain=L0[] -> L0[] -> L0[], i=L1[], put=L0[] -> L1[] -> L1[] -> L0[]}
{({})=L0[], b=L1[.], chain=L0[] -> L0[] -> L0[], i=L1[.], put=L0[] -> L1[_] -> L1[_] -> L0[]}
{({})=L0[.], b=L1[], chain=L0[_] -> L0[_] -> L0[_], i=L1[], put=L0[_] -> L1[] -> L1[] -> L0[_]}
{({})=L0[.], b=L1[.], chain=L0[_] -> L0[_] -> L0[_], i=L1[.], put=L0[_] -> L1[_] -> L1[_] -> L0[_]}
{({})=L0[], b=L1[], chain=L0[] -> L0[] -> L0[], i=L1[], put=L0[] -> L1[] -> V0 -> L0[]}
{({})=L0[], b=L1[.], chain=L0[] -> L0[] -> L0[], i=L1[.], put=L0[] -> L1[_] -> V0 -> L0[]}
{({})=L0[.], b=L1[], chain=L0[_] -> L0[_] -> L0[_], i=L1[], put=L0[_] -> L1[] -> V0 -> L0[_]}
{({})=L0[.], b=L1[.], chain=L0[_] -> L0[_] -> L0[_], i=L1[.], put=L0[_] -> L1[_] -> V0 -> L0[_]}
{({})=L0[], b=L1[], chain=L0[] -> L0[] -> L0[], i=L1[], put=L0[] -> V0 -> L1[] -> L0[]}
{({})=L0[], b=L1[.], chain=L0[] -> L0[] -> L0[], i=L1[.], put=L0[] -> V0 -> L1[_] -> L0[]}
{({})=L0[.], b=L1[], chain=L0[_] -> L0[_] -> L0[_], i=L1[], put=L0[_] -> V0 -> L1[] -> L0[_]}
{({})=L0[.], b=L1[.], chain=L0[_] -> L0[_] -> L0[_], i=L1[.], put=L0[_] -> V0 -> L1[_] -> L0[_]}
{({})=L0[], b=L1[], chain=L0[] -> L0[] -> L0[], i=L1[], put=L0[] -> V0 -> V0 -> L0[]}
{({})=L0[.], b=L1[], chain=L0[_] -> L0[_] -> L0[_], i=L1[], put=L0[_] -> V0 -> V0 -> L0[_]}
{({})=L0[], b=L1[], chain=L0[] -> L0[] -> L0[], i=L2[], put=L0[] -> V0 -> V1 -> L0[]}
{({})=L0[.], b=L1[], chain=L0[_] -> L0[_] -> L0[_], i=L2[], put=L0[_] -> V0 -> V1 -> L0[_]}
{({})=L0[., .], b=L1[], chain=L0[_, _] -> L0[_, _] -> L0[_, _], i=L2[], put=L0[_, _] -> V0 -> V1 -> L0[_, _]}
{({})=L0[], b=L1[], chain=L0[] -> V0 -> L0[], i=L1[], put=L0[] -> L1[] -> L1[] -> L0[]}
{({})=L0[], b=L1[.], chain=L0[] -> V0 -> L0[], i=L1[.], put=L0[] -> L1[_] -> L1[_] -> L0[]}
{({})=L0[.], b=L1[], chain=L0[_] -> V0 -> L0[_], i=L1[], put=L0[_] -> L1[] -> L1[] -> L0[_]}
{({})=L0[.], b=L1[.], chain=L0[_] -> V0 -> L0[_], i=L1[.], put=L0[_] -> L1[_] -> L1[_] -> L0[_]}
{({})=L0[], b=L1[], chain=L0[] -> V0 -> L0[], i=L1[], put=L0[] -> L1[] -> V0 -> L0[]}
{({})=L0[], b=L1[.], chain=L0[] -> V0 -> L0[], i=L1[.], put=L0[] -> L1[_] -> V0 -> L0[]}
{({})=L0[.], b=L1[], chain=L0[_] -> V0 -> L0[_], i=L1[], put=L0[_] -> L1[] -> V0 -> L0[_]}
{({})=L0[.], b=L1[.], chain=L0[_] -> V0 -> L0[_], i=L1[.], put=L0[_] -> L1[_] -> V0 -> L0[_]}
{({})=L0[], b=L1[], chain=L0[] -> V0 -> L0[], i=L1[], put=L0[] -> V0 -> L1[] -> L0[]}
{({})=L0[], b=L1[.], chain=L0[] -> V0 -> L0[], i=L1[.], put=L0[] -> V0 -> L1[_] -> L0[]}
{({})=L0[.], b=L1[], chain=L0[_] -> V0 -> L0[_], i=L1[], put=L0[_] -> V0 -> L1[] -> L0[_]}
{({})=L0[.], b=L1[.], chain=L0[_] -> V0 -> L0[_], i=L1[.], put=L0[_] -> V0 -> L1[_] -> L0[_]}
{({})=L0[], b=L1[], chain=L0[] -> V0 -> L0[], i=L1[], put=L0[] -> V0 -> V0 -> L0[]}
{({})=L0[.], b=L1[], chain=L0[_] -> V0 -> L0[_], i=L1[], put=L0[_] -> V0 -> V0 -> L0[_]}
{({})=L0[], b=L1[], chain=L0[] -> V0 -> L0[], i=L2[], put=L0[] -> V0 -> V1 -> L0[]}
{({})=L0[.], b=L1[], chain=L0[_] -> V0 -> L0[_], i=L2[], put=L0[_] -> V0 -> V1 -> L0[_]}
{({})=L0[., .], b=L1[], chain=L0[_, _] -> V0 -> L0[_, _], i=L2[], put=L0[_, _] -> V0 -> V1 -> L0[_, _]}
{({})=L0[], b=L1[], chain=L0[] -> L0[] -> L0[], i=L1[], put=L0[] -> L1[] -> L1[] -> V0}
{({})=L0[], b=L1[.], chain=L0[] -> L0[] -> L0[], i=L1[.], put=L0[] -> L1[_] -> L1[_] -> V0}
{({})=L0[.], b=L1[], chain=L0[_] -> L0[_] -> L0[_], i=L1[], put=L0[_] -> L1[] -> L1[] -> V0}
{({})=L0[.], b=L1[.], chain=L0[_] -> L0[_] -> L0[_], i=L1[.], put=L0[_] -> L1[_] -> L1[_] -> V0}
{({})=L0[], b=L0[], chain=L0[] -> L0[] -> L0[], i=L0[], put=L0[] -> L0[] -> V0 -> V0}
{({})=L0[.], b=L0[.], chain=L0[_] -> L0[_] -> L0[_], i=L0[.], put=L0[_] -> L0[_] -> V0 -> V0}
{({})=L0[], b=L1[], chain=L0[] -> L0[] -> L0[], i=L1[], put=L0[] -> L1[] -> V1 -> V0}
{({})=L0[], b=L1[.], chain=L0[] -> L0[] -> L0[], i=L1[.], put=L0[] -> L1[_] -> V1 -> V0}
{({})=L0[.], b=L1[], chain=L0[_] -> L0[_] -> L0[_], i=L1[], put=L0[_] -> L1[] -> V1 -> V0}
{({})=L0[.], b=L1[.], chain=L0[_] -> L0[_] -> L0[_], i=L1[.], put=L0[_] -> L1[_] -> V1 -> V0}
{({})=L0[], b=L0[], chain=L0[] -> L0[] -> L0[], i=L0[], put=L0[] -> V0 -> L0[] -> V0}
{({})=L0[.], b=L0[.], chain=L0[_] -> L0[_] -> L0[_], i=L0[.], put=L0[_] -> V0 -> L0[_] -> V0}
{({})=L0[], b=L0[], chain=L0[] -> L0[] -> L0[], i=L0[], put=L0[] -> V0 -> V0 -> V0}
{({})=L0[.], b=L0[.], chain=L0[_] -> L0[_] -> L0[_], i=L0[.], put=L0[_] -> V0 -> V0 -> V0}
{({})=L0[], b=L0[], chain=L0[] -> L0[] -> L0[], i=L0[], put=L0[] -> V0 -> V1 -> V0}
{({})=L0[.], b=L0[.], chain=L0[_] -> L0[_] -> L0[_], i=L0[.], put=L0[_] -> V0 -> V1 -> V0}
{({})=L0[., .], b=L0[., .], chain=L0[_, _] -> L0[_, _] -> L0[_, _], i=L0[., .], put=L0[_, _] -> V0 -> V1 -> V0}
{({})=L0[], b=L1[], chain=L0[] -> L0[] -> L0[], i=L1[], put=L0[] -> V1 -> L1[] -> V0}
{({})=L0[], b=L1[.], chain=L0[] -> L0[] -> L0[], i=L1[.], put=L0[] -> V1 -> L1[_] -> V0}
{({})=L0[.], b=L1[], chain=L0[_] -> L0[_] -> L0[_], i=L1[], put=L0[_] -> V1 -> L1[] -> V0}
{({})=L0[.], b=L1[.], chain=L0[_] -> L0[_] -> L0[_], i=L1[.], put=L0[_] -> V1 -> L1[_] -> V0}
{({})=L0[], b=L0[], chain=L0[] -> L0[] -> L0[], i=L0[], put=L0[] -> V1 -> V0 -> V0}
{({})=L0[.], b=L0[.], chain=L0[_] -> L0[_] -> L0[_], i=L0[.], put=L0[_] -> V1 -> V0 -> V0}
{({})=L0[., .], b=L0[., .], chain=L0[_, _] -> L0[_, _] -> L0[_, _], i=L0[., .], put=L0[_, _] -> V1 -> V0 -> V0}
{({})=L0[], b=L1[], chain=L0[] -> L0[] -> L0[], i=L1[], put=L0[] -> V1 -> V1 -> V0}
{({})=L0[.], b=L1[], chain=L0[_] -> L0[_] -> L0[_], i=L1[], put=L0[_] -> V1 -> V1 -> V0}
{({})=L0[], b=L1[], chain=L0[] -> L0[] -> L0[], i=L2[], put=L0[] -> V1 -> V2 -> V0}
{({})=L0[.], b=L1[], chain=L0[_] -> L0[_] -> L0[_], i=L2[], put=L0[_] -> V1 -> V2 -> V0}
{({})=L0[., .], b=L1[], chain=L0[_, _] -> L0[_, _] -> L0[_, _], i=L2[], put=L0[_, _] -> V1 -> V2 -> V0}
{({})=L0[], b=L1[], chain=L0[] -> V0 -> L0[], i=L1[], put=L0[] -> L1[] -> L1[] -> V0}
{({})=L0[], b=L1[.], chain=L0[] -> V0 -> L0[], i=L1[.], put=L0[] -> L1[_] -> L1[_] -> V0}
{({})=L0[.], b=L1[], chain=L0[_] -> V0 -> L0[_], i=L1[], put=L0[_] -> L1[] -> L1[] -> V0}
{({})=L0[.], b=L1[.], chain=L0[_] -> V0 -> L0[_], i=L1[.], put=L0[_] -> L1[_] -> L1[_] -> V0}
{({})=L0[], b=L0[], chain=L0[] -> V0 -> L0[], i=L0[], put=L0[] -> L0[] -> V0 -> V0}
{({})=L0[.], b=L0[.], chain=L0[_] -> V0 -> L0[_], i=L0[.], put=L0[_] -> L0[_] -> V0 -> V0}
{({})=L0[], b=L1[], chain=L0[] -> V0 -> L0[], i=L1[], put=L0[] -> L1[] -> V1 -> V0}
{({})=L0[], b=L1[.], chain=L0[] -> V0 -> L0[], i=L1[.], put=L0[] -> L1[_] -> V1 -> V0}
{({})=L0[.], b=L1[], chain=L0[_] -> V0 -> L0[_], i=L1[], put=L0[_] -> L1[] -> V1 -> V0}
{({})=L0[.], b=L1[.], chain=L0[_] -> V0 -> L0[_], i=L1[.], put=L0[_] -> L1[_] -> V1 -> V0}
{({})=L0[], b=L0[], chain=L0[] -> V0 -> L0[], i=L0[], put=L0[] -> V0 -> L0[] -> V0}
{({})=L0[.], b=L0[.], chain=L0[_] -> V0 -> L0[_], i=L0[.], put=L0[_] -> V0 -> L0[_] -> V0}
{({})=L0[], b=L0[], chain=L0[] -> V0 -> L0[], i=L0[], put=L0[] -> V0 -> V0 -> V0}
{({})=L0[.], b=L0[.], chain=L0[_] -> V0 -> L0[_], i=L0[.], put=L0[_] -> V0 -> V0 -> V0}
{({})=L0[], b=L0[], chain=L0[] -> V0 -> L0[], i=L0[], put=L0[] -> V0 -> V1 -> V0}
{({})=L0[.], b=L0[.], chain=L0[_] -> V0 -> L0[_], i=L0[.], put=L0[_] -> V0 -> V1 -> V0}
{({})=L0[., .], b=L0[., .], chain=L0[_, _] -> V0 -> L0[_, _], i=L0[., .], put=L0[_, _] -> V0 -> V1 -> V0}
{({})=L0[], b=L1[], chain=L0[] -> V0 -> L0[], i=L1[], put=L0[] -> V1 -> L1[] -> V0}
{({})=L0[], b=L1[.], chain=L0[] -> V0 -> L0[], i=L1[.], put=L0[] -> V1 -> L1[_] -> V0}
{({})=L0[.], b=L1[], chain=L0[_] -> V0 -> L0[_], i=L1[], put=L0[_] -> V1 -> L1[] -> V0}
{({})=L0[.], b=L1[.], chain=L0[_] -> V0 -> L0[_], i=L1[.], put=L0[_] -> V1 -> L1[_] -> V0}
{({})=L0[], b=L0[], chain=L0[] -> V0 -> L0[], i=L0[], put=L0[] -> V1 -> V0 -> V0}
{({})=L0[.], b=L0[.], chain=L0[_] -> V0 -> L0[_], i=L0[.], put=L0[_] -> V1 -> V0 -> V0}
{({})=L0[., .], b=L0[., .], chain=L0[_, _] -> V0 -> L0[_, _], i=L0[., .], put=L0[_, _] -> V1 -> V0 -> V0}
{({})=L0[], b=L1[], chain=L0[] -> V0 -> L0[], i=L1[], put=L0[] -> V1 -> V1 -> V0}
{({})=L0[.], b=L1[], chain=L0[_] -> V0 -> L0[_], i=L1[], put=L0[_] -> V1 -> V1 -> V0}
{({})=L0[], b=L1[], chain=L0[] -> V0 -> L0[], i=L2[], put=L0[] -> V1 -> V2 -> V0}
{({})=L0[.], b=L1[], chain=L0[_] -> V0 -> L0[_], i=L2[], put=L0[_] -> V1 -> V2 -> V0}
{({})=L0[., .], b=L1[], chain=L0[_, _] -> V0 -> L0[_, _], i=L2[], put=L0[_, _] -> V1 -> V2 -> V0}
{({})=L0[], b=L1[], chain=L0[] -> L0[] -> L0[], i=L1[], put=L0[] -> L1[] -> V0}
{({})=L0[], b=L1[.], chain=L0[] -> L0[] -> L0[], i=L1[.], put=L0[] -> L1[_] -> V0}
{({})=L0[.], b=L1[], chain=L0[_] -> L0[_] -> L0[_], i=L1[], put=L0[_] -> L1[] -> V0}
{({})=L0[.], b=L1[.], chain=L0[_] -> L0[_] -> L0[_], i=L1[.], put=L0[_] -> L1[_] -> V0}
{({})=L0[], b=L1[], chain=L0[] -> L0[] -> L0[], i=L2[], put=L0[] -> V1 -> V0}
{({})=L0[.], b=L1[], chain=L0[_] -> L0[_] -> L0[_], i=L2[], put=L0[_] -> V1 -> V0}
{({})=L0[], b=L1[], chain=L0[] -> V0 -> L0[], i=L1[], put=L0[] -> L1[] -> V0}
{({})=L0[], b=L1[.], chain=L0[] -> V0 -> L0[], i=L1[.], put=L0[] -> L1[_] -> V0}
{({})=L0[.], b=L1[], chain=L0[_] -> V0 -> L0[_], i=L1[], put=L0[_] -> L1[] -> V0}
{({})=L0[.], b=L1[.], chain=L0[_] -> V0 -> L0[_], i=L1[.], put=L0[_] -> L1[_] -> V0}
{({})=L0[], b=L1[], chain=L0[] -> V0 -> L0[], i=L2[], put=L0[] -> V1 -> V0}
{({})=L0[.], b=L1[], chain=L0[_] -> V0 -> L0[_], i=L2[], put=L0[_] -> V1 -> V0}
{({})=L0[], b=L1[], chain=L0[] -> L0[] -> L0[], i=L2[], put=L0[] -> V0}
{({})=L0[], b=L1[], chain=L0[] -> V0 -> L0[], i=L2[], put=L0[] -> V0}
{({})=L0[], b=L1[], chain=L0[] -> L0[] -> V0, i=L1[], put=L0[] -> L1[] -> L1[] -> L0[]}
{({})=L0[], b=L1[.], chain=L0[] -> L0[] -> V0, i=L1[.], put=L0[] -> L1[_] -> L1[_] -> L0[]}
{({})=L0[.], b=L1[], chain=L0[_] -> L0[_] -> V0, i=L1[], put=L0[_] -> L1[] -> L1[] -> L0[_]}
{({})=L0[.], b=L1[.], chain=L0[_] -> L0[_] -> V0, i=L1[.], put=L0[_] -> L1[_] -> L1[_] -> L0[_]}
{({})=L0[], b=L1[], chain=L0[] -> L0[] -> V0, i=L1[], put=L0[] -> L1[] -> V0 -> L0[]}
{({})=L0[], b=L1[.], chain=L0[] -> L0[] -> V0, i=L1[.], put=L0[] -> L1[_] -> V0 -> L0[]}
{({})=L0[.], b=L1[], chain=L0[_] -> L0[_] -> V0, i=L1[], put=L0[_] -> L1[] -> V0 -> L0[_]}
{({})=L0[.], b=L1[.], chain=L0[_] -> L0[_] -> V0, i=L1[.], put=L0[_] -> L1[_] -> V0 -> L0[_]}
{({})=L0[], b=L1[], chain=L0[] -> L0[] -> V0, i=L1[], put=L0[] -> V0 -> L1[] -> L0[]}
{({})=L0[], b=L1[.], chain=L0[] -> L0[] -> V0, i=L1[.], put=L0[] -> V0 -> L1[_] -> L0[]}
{({})=L0[.], b=L1[], chain=L0[_] -> L0[_] -> V0, i=L1[], put=L0[_] -> V0 -> L1[] -> L0[_]}
{({})=L0[.], b=L1[.], chain=L0[_] -> L0[_] -> V0, i=L1[.], put=L0[_] -> V0 -> L1[_] -> L0[_]}
{({})=L0[], b=L1[], chain=L0[] -> L0[] -> V0, i=L1[], put=L0[] -> V0 -> V0 -> L0[]}
{({})=L0[.], b=L1[], chain=L0[_] -> L0[_] -> V0, i=L1[], put=L0[_] -> V0 -> V0 -> L0[_]}
{({})=L0[], b=L1[], chain=L0[] -> L0[] -> V0, i=L2[], put=L0[] -> V0 -> V1 -> L0[]}
{({})=L0[.], b=L1[], chain=L0[_] -> L0[_] -> V0, i=L2[], put=L0[_] -> V0 -> V1 -> L0[_]}
{({})=L0[., .], b=L1[], chain=L0[_, _] -> L0[_, _] -> V0, i=L2[], put=L0[_, _] -> V0 -> V1 -> L0[_, _]}
{({})=L0[], b=L1[], chain=L0[] -> V0 -> V0, i=L1[], put=L0[] -> L1[] -> L1[] -> L0[]}
{({})=L0[], b=L1[.], chain=L0[] -> V0 -> V0, i=L1[.], put=L0[] -> L1[_] -> L1[_] -> L0[]}
{({})=L0[.], b=L1[], chain=L0[_] -> V0 -> V0, i=L1[], put=L0[_] -> L1[] -> L1[] -> L0[_]}
{({})=L0[.], b=L1[.], chain=L0[_] -> V0 -> V0, i=L1[.], put=L0[_] -> L1[_] -> L1[_] -> L0[_]}
{({})=L0[], b=L1[], chain=L0[] -> V0 -> V0, i=L1[], put=L0[] -> L1[] -> V0 -> L0[]}
{({})=L0[], b=L1[.], chain=L0[] -> V0 -> V0, i=L1[.], put=L0[] -> L1[_] -> V0 -> L0[]}
{({})=L0[.], b=L1[], chain=L0[_] -> V0 -> V0, i=L1[], put=L0[_] -> L1[] -> V0 -> L0[_]}
{({})=L0[.], b=L1[.], chain=L0[_] -> V0 -> V0, i=L1[.], put=L0[_] -> L1[_] -> V0 -> L0[_]}
{({})=L0[], b=L1[], chain=L0[] -> V0 -> V0, i=L1[], put=L0[] -> V0 -> L1[] -> L0[]}
{({})=L0[], b=L1[.], chain=L0[] -> V0 -> V0, i=L1[.], put=L0[] -> V0 -> L1[_] -> L0[]}
{({})=L0[.], b=L1[], chain=L0[_] -> V0 -> V0, i=L1[], put=L0[_] -> V0 -> L1[] -> L0[_]}
{({})=L0[.], b=L1[.], chain=L0[_] -> V0 -> V0, i=L1[.], put=L0[_] -> V0 -> L1[_] -> L0[_]}
{({})=L0[], b=L1[], chain=L0[] -> V0 -> V0, i=L1[], put=L0[] -> V0 -> V0 -> L0[]}
{({})=L0[.], b=L1[], chain=L0[_] -> V0 -> V0, i=L1[], put=L0[_] -> V0 -> V0 -> L0[_]}
{({})=L0[], b=L1[], chain=L0[] -> V0 -> V0, i=L2[], put=L0[] -> V0 -> V1 -> L0[]}
{({})=L0[.], b=L1[], chain=L0[_] -> V0 -> V0, i=L2[], put=L0[_] -> V0 -> V1 -> L0[_]}
{({})=L0[., .], b=L1[], chain=L0[_, _] -> V0 -> V0, i=L2[], put=L0[_, _] -> V0 -> V1 -> L0[_, _]}
{({})=L0[], b=L1[], chain=L0[] -> V1 -> V0, i=L1[], put=L0[] -> L1[] -> L1[] -> L0[]}
{({})=L0[], b=L1[.], chain=L0[] -> V1 -> V0, i=L1[.], put=L0[] -> L1[_] -> L1[_] -> L0[]}
{({})=L0[.], b=L1[], chain=L0[_] -> V1 -> V0, i=L1[], put=L0[_] -> L1[] -> L1[] -> L0[_]}
{({})=L0[.], b=L1[.], chain=L0[_] -> V1 -> V0, i=L1[.], put=L0[_] -> L1[_] -> L1[_] -> L0[_]}
{({})=L0[], b=L1[], chain=L0[] -> V1 -> V0, i=L1[], put=L0[] -> L1[] -> V0 -> L0[]}
{({})=L0[], b=L1[.], chain=L0[] -> V1 -> V0, i=L1[.], put=L0[] -> L1[_] -> V0 -> L0[]}
{({})=L0[.], b=L1[], chain=L0[_] -> V1 -> V0, i=L1[], put=L0[_] -> L1[] -> V0 -> L0[_]}
{({})=L0[.], b=L1[.], chain=L0[_] -> V1 -> V0, i=L1[.], put=L0[_] -> L1[_] -> V0 -> L0[_]}
{({})=L0[], b=L1[], chain=L0[] -> V1 -> V0, i=L1[], put=L0[] -> V0 -> L1[] -> L0[]}
{({})=L0[], b=L1[.], chain=L0[] -> V1 -> V0, i=L1[.], put=L0[] -> V0 -> L1[_] -> L0[]}
{({})=L0[.], b=L1[], chain=L0[_] -> V1 -> V0, i=L1[], put=L0[_] -> V0 -> L1[] -> L0[_]}
{({})=L0[.], b=L1[.], chain=L0[_] -> V1 -> V0, i=L1[.], put=L0[_] -> V0 -> L1[_] -> L0[_]}
{({})=L0[], b=L1[], chain=L0[] -> V1 -> V0, i=L1[], put=L0[] -> V0 -> V0 -> L0[]}
{({})=L0[.], b=L1[], chain=L0[_] -> V1 -> V0, i=L1[], put=L0[_] -> V0 -> V0 -> L0[_]}
{({})=L0[], b=L1[], chain=L0[] -> V1 -> V0, i=L2[], put=L0[] -> V0 -> V1 -> L0[]}
{({})=L0[.], b=L1[], chain=L0[_] -> V1 -> V0, i=L2[], put=L0[_] -> V0 -> V1 -> L0[_]}
{({})=L0[., .], b=L1[], chain=L0[_, _] -> V1 -> V0, i=L2[], put=L0[_, _] -> V0 -> V1 -> L0[_, _]}
{({})=L0[], b=L1[], chain=L0[] -> L0[] -> V0, i=L1[], put=L0[] -> L1[] -> L1[] -> V0}
{({})=L0[], b=L1[.], chain=L0[] -> L0[] -> V0, i=L1[.], put=L0[] -> L1[_] -> L1[_] -> V0}
{({})=L0[.], b=L1[], chain=L0[_] -> L0[_] -> V0, i=L1[], put=L0[_] -> L1[] -> L1[] -> V0}
{({})=L0[.], b=L1[.], chain=L0[_] -> L0[_] -> V0, i=L1[.], put=L0[_] -> L1[_] -> L1[_] -> V0}
{({})=L0[], b=L0[], chain=L0[] -> L0[] -> V0, i=L0[], put=L0[] -> L0[] -> V0 -> V0}
{({})=L0[.], b=L0[.], chain=L0[_] -> L0[_] -> V0, i=L0[.], put=L0[_] -> L0[_] -> V0 -> V0}
{({})=L0[], b=L1[], chain=L0[] -> L0[] -> V0, i=L1[], put=L0[] -> L1[] -> V1 -> V0}
{({})=L0[], b=L1[.], chain=L0[] -> L0[] -> V0, i=L1[.], put=L0[] -> L1[_] -> V1 -> V0}
{({})=L0[.], b=L1[], chain=L0[_] -> L0[_] -> V0, i=L1[], put=L0[_] -> L1[] -> V1 -> V0}
{({})=L0[.], b=L1[.], chain=L0[_] -> L0[_] -> V0, i=L1[.], put=L0[_] -> L1[_] -> V1 -> V0}
{({})=L0[], b=L0[], chain=L0[] -> L0[] -> V0, i=L0[], put=L0[] -> V0 -> L0[] -> V0}
{({})=L0[.], b=L0[.], chain=L0[_] -> L0[_] -> V0, i=L0[.], put=L0[_] -> V0 -> L0[_] -> V0}
{({})=L0[], b=L0[], chain=L0[] -> L0[] -> V0, i=L0[], put=L0[] -> V0 -> V0 -> V0}
{({})=L0[.], b=L0[.], chain=L0[_] -> L0[_] -> V0, i=L0[.], put=L0[_] -> V0 -> V0 -> V0}
{({})=L0[], b=L0[], chain=L0[] -> L0[] -> V0, i=L0[], put=L0[] -> V0 -> V1 -> V0}
{({})=L0[.], b=L0[.], chain=L0[_] -> L0[_] -> V0, i=L0[.], put=L0[_] -> V0 -> V1 -> V0}
{({})=L0[., .], b=L0[., .], chain=L0[_, _] -> L0[_, _] -> V0, i=L0[., .], put=L0[_, _] -> V0 -> V1 -> V0}
{({})=L0[], b=L1[], chain=L0[] -> L0[] -> V0, i=L1[], put=L0[] -> V1 -> L1[] -> V0}
{({})=L0[], b=L1[.], chain=L0[] -> L0[] -> V0, i=L1[.], put=L0[] -> V1 -> L1[_] -> V0}
{({})=L0[.], b=L1[], chain=L0[_] -> L0[_] -> V0, i=L1[], put=L0[_] -> V1 -> L1[] -> V0}
{({})=L0[.], b=L1[.], chain=L0[_] -> L0[_] -> V0, i=L1[.], put=L0[_] -> V1 -> L1[_] -> V0}
{({})=L0[], b=L0[], chain=L0[] -> L0[] -> V0, i=L0[], put=L0[] -> V1 -> V0 -> V0}
{({})=L0[.], b=L0[.], chain=L0[_] -> L0[_] -> V0, i=L0[.], put=L0[_] -> V1 -> V0 -> V0}
{({})=L0[., .], b=L0[., .], chain=L0[_, _] -> L0[_, _] -> V0, i=L0[., .], put=L0[_, _] -> V1 -> V0 -> V0}
{({})=L0[], b=L1[], chain=L0[] -> L0[] -> V0, i=L1[], put=L0[] -> V1 -> V1 -> V0}
{({})=L0[.], b=L1[], chain=L0[_] -> L0[_] -> V0, i=L1[], put=L0[_] -> V1 -> V1 -> V0}
{({})=L0[], b=L1[], chain=L0[] -> L0[] -> V0, i=L2[], put=L0[] -> V1 -> V2 -> V0}
{({})=L0[.], b=L1[], chain=L0[_] -> L0[_] -> V0, i=L2[], put=L0[_] -> V1 -> V2 -> V0}
{({})=L0[., .], b=L1[], chain=L0[_, _] -> L0[_, _] -> V0, i=L2[], put=L0[_, _] -> V1 -> V2 -> V0}
{({})=L0[], b=L1[], chain=L0[] -> V0 -> V0, i=L1[], put=L0[] -> L1[] -> L1[] -> V0}
{({})=L0[], b=L1[.], chain=L0[] -> V0 -> V0, i=L1[.], put=L0[] -> L1[_] -> L1[_] -> V0}
{({})=L0[.], b=L1[], chain=L0[_] -> V0 -> V0, i=L1[], put=L0[_] -> L1[] -> L1[] -> V0}
{({})=L0[.], b=L1[.], chain=L0[_] -> V0 -> V0, i=L1[.], put=L0[_] -> L1[_] -> L1[_] -> V0}
{({})=L0[], b=L0[], chain=L0[] -> V0 -> V0, i=L0[], put=L0[] -> L0[] -> V0 -> V0}
{({})=L0[.], b=L0[.], chain=L0[_] -> V0 -> V0, i=L0[.], put=L0[_] -> L0[_] -> V0 -> V0}
{({})=L0[], b=L1[], chain=L0[] -> V0 -> V0, i=L1[], put=L0[] -> L1[] -> V1 -> V0}
{({})=L0[], b=L1[.], chain=L0[] -> V0 -> V0, i=L1[.], put=L0[] -> L1[_] -> V1 -> V0}
{({})=L0[.], b=L1[], chain=L0[_] -> V0 -> V0, i=L1[], put=L0[_] -> L1[] -> V1 -> V0}
{({})=L0[.], b=L1[.], chain=L0[_] -> V0 -> V0, i=L1[.], put=L0[_] -> L1[_] -> V1 -> V0}
{({})=L0[], b=L0[], chain=L0[] -> V0 -> V0, i=L0[], put=L0[] -> V0 -> L0[] -> V0}
{({})=L0[.], b=L0[.], chain=L0[_] -> V0 -> V0, i=L0[.], put=L0[_] -> V0 -> L0[_] -> V0}
{({})=L0[], b=L0[], chain=L0[] -> V0 -> V0, i=L0[], put=L0[] -> V0 -> V0 -> V0}
{({})=L0[.], b=L0[.], chain=L0[_] -> V0 -> V0, i=L0[.], put=L0[_] -> V0 -> V0 -> V0}
{({})=L0[], b=L0[], chain=L0[] -> V0 -> V0, i=L0[], put=L0[] -> V0 -> V1 -> V0}
{({})=L0[.], b=L0[.], chain=L0[_] -> V0 -> V0, i=L0[.], put=L0[_] -> V0 -> V1 -> V0}
{({})=L0[., .], b=L0[., .], chain=L0[_, _] -> V0 -> V0, i=L0[., .], put=L0[_, _] -> V0 -> V1 -> V0}
{({})=L0[], b=L1[], chain=L0[] -> V0 -> V0, i=L1[], put=L0[] -> V1 -> L1[] -> V0}
{({})=L0[], b=L1[.], chain=L0[] -> V0 -> V0, i=L1[.], put=L0[] -> V1 -> L1[_] -> V0}
{({})=L0[.], b=L1[], chain=L0[_] -> V0 -> V0, i=L1[], put=L0[_] -> V1 -> L1[] -> V0}
{({})=L0[.], b=L1[.], chain=L0[_] -> V0 -> V0, i=L1[.], put=L0[_] -> V1 -> L1[_] -> V0}
{({})=L0[], b=L0[], chain=L0[] -> V0 -> V0, i=L0[], put=L0[] -> V1 -> V0 -> V0}
{({})=L0[.], b=L0[.], chain=L0[_] -> V0 -> V0, i=L0[.], put=L0[_] -> V1 -> V0 -> V0}
{({})=L0[., .], b=L0[., .], chain=L0[_, _] -> V0 -> V0, i=L0[., .], put=L0[_, _] -> V1 -> V0 -> V0}
{({})=L0[], b=L1[], chain=L0[] -> V0 -> V0, i=L1[], put=L0[] -> V1 -> V1 -> V0}
{({})=L0[.], b=L1[], chain=L0[_] -> V0 -> V0, i=L1[], put=L0[_] -> V1 -> V1 -> V0}
{({})=L0[], b=L1[], chain=L0[] -> V0 -> V0, i=L2[], put=L0[] -> V1 -> V2 -> V0}
{({})=L0[.], b=L1[], chain=L0[_] -> V0 -> V0, i=L2[], put=L0[_] -> V1 -> V2 -> V0}
{({})=L0[., .], b=L1[], chain=L0[_, _] -> V0 -> V0, i=L2[], put=L0[_, _] -> V1 -> V2 -> V0}
{({})=L0[], b=L1[], chain=L0[] -> V1 -> V0, i=L1[], put=L0[] -> L1[] -> L1[] -> V0}
{({})=L0[], b=L1[.], chain=L0[] -> V1 -> V0, i=L1[.], put=L0[] -> L1[_] -> L1[_] -> V0}
{({})=L0[.], b=L1[], chain=L0[_] -> V1 -> V0, i=L1[], put=L0[_] -> L1[] -> L1[] -> V0}
{({})=L0[.], b=L1[.], chain=L0[_] -> V1 -> V0, i=L1[.], put=L0[_] -> L1[_] -> L1[_] -> V0}
{({})=L0[], b=L0[], chain=L0[] -> V1 -> V0, i=L0[], put=L0[] -> L0[] -> V0 -> V0}
{({})=L0[.], b=L0[.], chain=L0[_] -> V1 -> V0, i=L0[.], put=L0[_] -> L0[_] -> V0 -> V0}
{({})=L0[], b=L1[], chain=L0[] -> V1 -> V0, i=L1[], put=L0[] -> L1[] -> V1 -> V0}
{({})=L0[], b=L1[.], chain=L0[] -> V1 -> V0, i=L1[.], put=L0[] -> L1[_] -> V1 -> V0}
{({})=L0[.], b=L1[], chain=L0[_] -> V1 -> V0, i=L1[], put=L0[_] -> L1[] -> V1 -> V0}
{({})=L0[.], b=L1[.], chain=L0[_] -> V1 -> V0, i=L1[.], put=L0[_] -> L1[_] -> V1 -> V0}
{({})=L0[], b=L0[], chain=L0[] -> V1 -> V0, i=L0[], put=L0[] -> V0 -> L0[] -> V0}
{({})=L0[.], b=L0[.], chain=L0[_] -> V1 -> V0, i=L0[.], put=L0[_] -> V0 -> L0[_] -> V0}
{({})=L0[], b=L0[], chain=L0[] -> V1 -> V0, i=L0[], put=L0[] -> V0 -> V0 -> V0}
{({})=L0[.], b=L0[.], chain=L0[_] -> V1 -> V0, i=L0[.], put=L0[_] -> V0 -> V0 -> V0}
{({})=L0[], b=L0[], chain=L0[] -> V1 -> V0, i=L0[], put=L0[] -> V0 -> V1 -> V0}
{({})=L0[.], b=L0[.], chain=L0[_] -> V1 -> V0, i=L0[.], put=L0[_] -> V0 -> V1 -> V0}
{({})=L0[., .], b=L0[., .], chain=L0[_, _] -> V1 -> V0, i=L0[., .], put=L0[_, _] -> V0 -> V1 -> V0}
{({})=L0[], b=L1[], chain=L0[] -> V1 -> V0, i=L1[], put=L0[] -> V1 -> L1[] -> V0}
{({})=L0[], b=L1[.], chain=L0[] -> V1 -> V0, i=L1[.], put=L0[] -> V1 -> L1[_] -> V0}
{({})=L0[.], b=L1[], chain=L0[_] -> V1 -> V0, i=L1[], put=L0[_] -> V1 -> L1[] -> V0}
{({})=L0[.], b=L1[.], chain=L0[_] -> V1 -> V0, i=L1[.], put=L0[_] -> V1 -> L1[_] -> V0}
{({})=L0[], b=L0[], chain=L0[] -> V1 -> V0, i=L0[], put=L0[] -> V1 -> V0 -> V0}
{({})=L0[.], b=L0[.], chain=L0[_] -> V1 -> V0, i=L0[.], put=L0[_] -> V1 -> V0 -> V0}
{({})=L0[., .], b=L0[., .], chain=L0[_, _] -> V1 -> V0, i=L0[., .], put=L0[_, _] -> V1 -> V0 -> V0}
{({})=L0[], b=L1[], chain=L0[] -> V1 -> V0, i=L1[], put=L0[] -> V1 -> V1 -> V0}
{({})=L0[.], b=L1[], chain=L0[_] -> V1 -> V0, i=L1[], put=L0[_] -> V1 -> V1 -> V0}
{({})=L0[], b=L1[], chain=L0[] -> V1 -> V0, i=L2[], put=L0[] -> V1 -> V2 -> V0}
{({})=L0[.], b=L1[], chain=L0[_] -> V1 -> V0, i=L2[], put=L0[_] -> V1 -> V2 -> V0}
{({})=L0[., .], b=L1[], chain=L0[_, _] -> V1 -> V0, i=L2[], put=L0[_, _] -> V1 -> V2 -> V0}
{({})=L0[], b=L1[], chain=L0[] -> L0[] -> V0, i=L1[], put=L0[] -> L1[] -> V0}
{({})=L0[], b=L1[.], chain=L0[] -> L0[] -> V0, i=L1[.], put=L0[] -> L1[_] -> V0}
{({})=L0[.], b=L1[], chain=L0[_] -> L0[_] -> V0, i=L1[], put=L0[_] -> L1[] -> V0}
{({})=L0[.], b=L1[.], chain=L0[_] -> L0[_] -> V0, i=L1[.], put=L0[_] -> L1[_] -> V0}
{({})=L0[], b=L1[], chain=L0[] -> L0[] -> V0, i=L2[], put=L0[] -> V1 -> V0}
{({})=L0[.], b=L1[], chain=L0[_] -> L0[_] -> V0, i=L2[], put=L0[_] -> V1 -> V0}
{({})=L0[], b=L1[], chain=L0[] -> V0 -> V0, i=L1[], put=L0[] -> L1[] -> V0}
{({})=L0[], b=L1[.], chain=L0[] -> V0 -> V0, i=L1[.], put=L0[] -> L1[_] -> V0}
{({})=L0[.], b=L1[], chain=L0[_] -> V0 -> V0, i=L1[], put=L0[_] -> L1[] -> V0}
{({})=L0[.], b=L1[.], chain=L0[_] -> V0 -> V0, i=L1[.], put=L0[_] -> L1[_] -> V0}
{({})=L0[], b=L1[], chain=L0[] -> V0 -> V0, i=L2[], put=L0[] -> V1 -> V0}
{({})=L0[.], b=L1[], chain=L0[_] -> V0 -> V0, i=L2[], put=L0[_] -> V1 -> V0}
{({})=L0[], b=L1[], chain=L0[] -> V1 -> V0, i=L1[], put=L0[] -> L1[] -> V0}
{({})=L0[], b=L1[.], chain=L0[] -> V1 -> V0, i=L1[.], put=L0[] -> L1[_] -> V0}
{({})=L0[.], b=L1[], chain=L0[_] -> V1 -> V0, i=L1[], put=L0[_] -> L1[] -> V0}
{({})=L0[.], b=L1[.], chain=L0[_] -> V1 -> V0, i=L1[.], put=L0[_] -> L1[_] -> V0}
{({})=L0[], b=L1[], chain=L0[] -> V1 -> V0, i=L2[], put=L0[] -> V1 -> V0}
{({})=L0[.], b=L1[], chain=L0[_] -> V1 -> V0, i=L2[], put=L0[_] -> V1 -> V0}
{({})=L0[], b=L1[], chain=L0[] -> L0[] -> V0, i=L2[], put=L0[] -> V0}
{({})=L0[], b=L1[], chain=L0[] -> V0 -> V0, i=L2[], put=L0[] -> V0}
{({})=L0[], b=L1[], chain=L0[] -> V1 -> V0, i=L2[], put=L0[] -> V0}
{({})=L0[], b=L1[], chain=L0[] -> V0, i=L1[], put=L0[] -> L1[] -> L1[] -> L0[]}
{({})=L0[], b=L1[.], chain=L0[] -> V0, i=L1[.], put=L0[] -> L1[_] -> L1[_] -> L0[]}
{({})=L0[.], b=L1[], chain=L0[_] -> V0, i=L1[], put=L0[_] -> L1[] -> L1[] -> L0[_]}
{({})=L0[.], b=L1[.], chain=L0[_] -> V0, i=L1[.], put=L0[_] -> L1[_] -> L1[_] -> L0[_]}
{({})=L0[], b=L1[], chain=L0[] -> V0, i=L1[], put=L0[] -> L1[] -> V0 -> L0[]}
{({})=L0[], b=L1[.], chain=L0[] -> V0, i=L1[.], put=L0[] -> L1[_] -> V0 -> L0[]}
{({})=L0[.], b=L1[], chain=L0[_] -> V0, i=L1[], put=L0[_] -> L1[] -> V0 -> L0[_]}
{({})=L0[.], b=L1[.], chain=L0[_] -> V0, i=L1[.], put=L0[_] -> L1[_] -> V0 -> L0[_]}
{({})=L0[], b=L1[], chain=L0[] -> V0, i=L1[], put=L0[] -> V0 -> L1[] -> L0[]}
{({})=L0[], b=L1[.], chain=L0[] -> V0, i=L1[.], put=L0[] -> V0 -> L1[_] -> L0[]}
{({})=L0[.], b=L1[], chain=L0[_] -> V0, i=L1[], put=L0[_] -> V0 -> L1[] -> L0[_]}
{({})=L0[.], b=L1[.], chain=L0[_] -> V0, i=L1[.], put=L0[_] -> V0 -> L1[_] -> L0[_]}
{({})=L0[], b=L1[], chain=L0[] -> V0, i=L1[], put=L0[] -> V0 -> V0 -> L0[]}
{({})=L0[.], b=L1[], chain=L0[_] -> V0, i=L1[], put=L0[_] -> V0 -> V0 -> L0[_]}
{({})=L0[], b=L1[], chain=L0[] -> V0, i=L2[], put=L0[] -> V0 -> V1 -> L0[]}
{({})=L0[.], b=L1[], chain=L0[_] -> V0, i=L2[], put=L0[_] -> V0 -> V1 -> L0[_]}
{({})=L0[., .], b=L1[], chain=L0[_, _] -> V0, i=L2[], put=L0[_, _] -> V0 -> V1 -> L0[_, _]}
{({})=L0[], b=L1[], chain=L0[] -> V0, i=L1[], put=L0[] -> L1[] -> L1[] -> V0}
{({})=L0[], b=L1[.], chain=L0[] -> V0, i=L1[.], put=L0[] -> L1[_] -> L1[_] -> V0}
{({})=L0[.], b=L1[], chain=L0[_] -> V0, i=L1[], put=L0[_] -> L1[] -> L1[] -> V0}
{({})=L0[.], b=L1[.], chain=L0[_] -> V0, i=L1[.], put=L0[_] -> L1[_] -> L1[_] -> V0}
{({})=L0[], b=L0[], chain=L0[] -> V0, i=L0[], put=L0[] -> L0[] -> V0 -> V0}
{({})=L0[.], b=L0[.], chain=L0[_] -> V0, i=L0[.], put=L0[_] -> L0[_] -> V0 -> V0}
{({})=L0[], b=L1[], chain=L0[] -> V0, i=L1[], put=L0[] -> L1[] -> V1 -> V0}
{({})=L0[], b=L1[.], chain=L0[] -> V0, i=L1[.], put=L0[] -> L1[_] -> V1 -> V0}
{({})=L0[.], b=L1[], chain=L0[_] -> V0, i=L1[], put=L0[_] -> L1[] -> V1 -> V0}
{({})=L0[.], b=L1[.], chain=L0[_] -> V0, i=L1[.], put=L0[_] -> L1[_] -> V1 -> V0}
{({})=L0[], b=L0[], chain=L0[] -> V0, i=L0[], put=L0[] -> V0 -> L0[] -> V0}
{({})=L0[.], b=L0[.], chain=L0[_] -> V0, i=L0[.], put=L0[_] -> V0 -> L0[_] -> V0}
{({})=L0[], b=L0[], chain=L0[] -> V0, i=L0[], put=L0[] -> V0 -> V0 -> V0}
{({})=L0[.], b=L0[.], chain=L0[_] -> V0, i=L0[.], put=L0[_] -> V0 -> V0 -> V0}
{({})=L0[], b=L0[], chain=L0[] -> V0, i=L0[], put=L0[] -> V0 -> V1 -> V0}
{({})=L0[.], b=L0[.], chain=L0[_] -> V0, i=L0[.], put=L0[_] -> V0 -> V1 -> V0}
{({})=L0[., .], b=L0[., .], chain=L0[_, _] -> V0, i=L0[., .], put=L0[_, _] -> V0 -> V1 -> V0}
{({})=L0[], b=L1[], chain=L0[] -> V0, i=L1[], put=L0[] -> V1 -> L1[] -> V0}
{({})=L0[], b=L1[.], chain=L0[] -> V0, i=L1[.], put=L0[] -> V1 -> L1[_] -> V0}
{({})=L0[.], b=L1[], chain=L0[_] -> V0, i=L1[], put=L0[_] -> V1 -> L1[] -> V0}
{({})=L0[.], b=L1[.], chain=L0[_] -> V0, i=L1[.], put=L0[_] -> V1 -> L1[_] -> V0}
{({})=L0[], b=L0[], chain=L0[] -> V0, i=L0[], put=L0[] -> V1 -> V0 -> V0}
{({})=L0[.], b=L0[.], chain=L0[_] -> V0, i=L0[.], put=L0[_] -> V1 -> V0 -> V0}
{({})=L0[., .], b=L0[., .], chain=L0[_, _] -> V0, i=L0[., .], put=L0[_, _] -> V1 -> V0 -> V0}
{({})=L0[], b=L1[], chain=L0[] -> V0, i=L1[], put=L0[] -> V1 -> V1 -> V0}
{({})=L0[.], b=L1[], chain=L0[_] -> V0, i=L1[], put=L0[_] -> V1 -> V1 -> V0}
{({})=L0[], b=L1[], chain=L0[] -> V0, i=L2[], put=L0[] -> V1 -> V2 -> V0}
{({})=L0[.], b=L1[], chain=L0[_] -> V0, i=L2[], put=L0[_] -> V1 -> V2 -> V0}
{({})=L0[., .], b=L1[], chain=L0[_, _] -> V0, i=L2[], put=L0[_, _] -> V1 -> V2 -> V0}
{({})=L0[], b=L1[], chain=L0[] -> V0, i=L1[], put=L0[] -> L1[] -> V0}
{({})=L0[], b=L1[.], chain=L0[] -> V0, i=L1[.], put=L0[] -> L1[_] -> V0}
{({})=L0[.], b=L1[], chain=L0[_] -> V0, i=L1[], put=L0[_] -> L1[] -> V0}
{({})=L0[.], b=L1[.], chain=L0[_] -> V0, i=L1[.], put=L0[_] -> L1[_] -> V0}
{({})=L0[], b=L1[], chain=L0[] -> V0, i=L2[], put=L0[] -> V1 -> V0}
{({})=L0[.], b=L1[], chain=L0[_] -> V0, i=L2[], put=L0[_] -> V1 -> V0}
{({})=L0[], b=L1[], chain=L0[] -> V0, i=L2[], put=L0[] -> V0}
[14:40:53.160]	Max min size: 10
[14:40:53.160]	Current query: {({})=.L, b=.L, chain=_ -> _, i=.L, put=_ -> _} with depth bound 1
[14:40:53.160]	BEG Depth 0 outlining [({}), b, chain, i, put]
[14:40:53.160]	BEG Initial outlines
[14:40:53.161]	END Initial outlines : 1 ms
[14:40:53.161]	Counts:
Total candidates=278
Solver call=108
[14:40:53.161]	Elapsed time: 6959 ms
[14:40:53.198]	Seeds before label arities: 108
{({})=L0[], b=L1[], chain=L0[] -> L0[] -> L0[], i=L1[], put=L0[] -> L1[] -> L1[] -> L0[]}
{({})=L0[], b=L1[], chain=L0[] -> L0[] -> L0[], i=L1[], put=L0[] -> L1[] -> V0 -> L0[]}
{({})=L0[], b=L1[], chain=L0[] -> L0[] -> L0[], i=L1[], put=L0[] -> V0 -> L1[] -> L0[]}
{({})=L0[], b=L1[], chain=L0[] -> L0[] -> L0[], i=L1[], put=L0[] -> V0 -> V0 -> L0[]}
{({})=L0[], b=L1[], chain=L0[] -> L0[] -> L0[], i=L2[], put=L0[] -> V0 -> V1 -> L0[]}
{({})=L0[], b=L1[], chain=L0[] -> V0 -> L0[], i=L1[], put=L0[] -> L1[] -> L1[] -> L0[]}
{({})=L0[], b=L1[], chain=L0[] -> V0 -> L0[], i=L1[], put=L0[] -> L1[] -> V0 -> L0[]}
{({})=L0[], b=L1[], chain=L0[] -> V0 -> L0[], i=L1[], put=L0[] -> V0 -> L1[] -> L0[]}
{({})=L0[], b=L1[], chain=L0[] -> V0 -> L0[], i=L1[], put=L0[] -> V0 -> V0 -> L0[]}
{({})=L0[], b=L1[], chain=L0[] -> V0 -> L0[], i=L2[], put=L0[] -> V0 -> V1 -> L0[]}
{({})=L0[], b=L1[], chain=L0[] -> L0[] -> L0[], i=L1[], put=L0[] -> L1[] -> L1[] -> V0}
{({})=L0[], b=L0[], chain=L0[] -> L0[] -> L0[], i=L0[], put=L0[] -> L0[] -> V0 -> V0}
{({})=L0[], b=L1[], chain=L0[] -> L0[] -> L0[], i=L1[], put=L0[] -> L1[] -> V1 -> V0}
{({})=L0[], b=L0[], chain=L0[] -> L0[] -> L0[], i=L0[], put=L0[] -> V0 -> L0[] -> V0}
{({})=L0[], b=L0[], chain=L0[] -> L0[] -> L0[], i=L0[], put=L0[] -> V0 -> V0 -> V0}
{({})=L0[], b=L0[], chain=L0[] -> L0[] -> L0[], i=L0[], put=L0[] -> V0 -> V1 -> V0}
{({})=L0[], b=L1[], chain=L0[] -> L0[] -> L0[], i=L1[], put=L0[] -> V1 -> L1[] -> V0}
{({})=L0[], b=L0[], chain=L0[] -> L0[] -> L0[], i=L0[], put=L0[] -> V1 -> V0 -> V0}
{({})=L0[], b=L1[], chain=L0[] -> L0[] -> L0[], i=L1[], put=L0[] -> V1 -> V1 -> V0}
{({})=L0[], b=L1[], chain=L0[] -> L0[] -> L0[], i=L2[], put=L0[] -> V1 -> V2 -> V0}
{({})=L0[], b=L1[], chain=L0[] -> V0 -> L0[], i=L1[], put=L0[] -> L1[] -> L1[] -> V0}
{({})=L0[], b=L0[], chain=L0[] -> V0 -> L0[], i=L0[], put=L0[] -> L0[] -> V0 -> V0}
{({})=L0[], b=L1[], chain=L0[] -> V0 -> L0[], i=L1[], put=L0[] -> L1[] -> V1 -> V0}
{({})=L0[], b=L0[], chain=L0[] -> V0 -> L0[], i=L0[], put=L0[] -> V0 -> L0[] -> V0}
{({})=L0[], b=L0[], chain=L0[] -> V0 -> L0[], i=L0[], put=L0[] -> V0 -> V0 -> V0}
{({})=L0[], b=L0[], chain=L0[] -> V0 -> L0[], i=L0[], put=L0[] -> V0 -> V1 -> V0}
{({})=L0[], b=L1[], chain=L0[] -> V0 -> L0[], i=L1[], put=L0[] -> V1 -> L1[] -> V0}
{({})=L0[], b=L0[], chain=L0[] -> V0 -> L0[], i=L0[], put=L0[] -> V1 -> V0 -> V0}
{({})=L0[], b=L1[], chain=L0[] -> V0 -> L0[], i=L1[], put=L0[] -> V1 -> V1 -> V0}
{({})=L0[], b=L1[], chain=L0[] -> V0 -> L0[], i=L2[], put=L0[] -> V1 -> V2 -> V0}
{({})=L0[], b=L1[], chain=L0[] -> L0[] -> L0[], i=L1[], put=L0[] -> L1[] -> V0}
{({})=L0[], b=L1[], chain=L0[] -> L0[] -> L0[], i=L2[], put=L0[] -> V1 -> V0}
{({})=L0[], b=L1[], chain=L0[] -> V0 -> L0[], i=L1[], put=L0[] -> L1[] -> V0}
{({})=L0[], b=L1[], chain=L0[] -> V0 -> L0[], i=L2[], put=L0[] -> V1 -> V0}
{({})=L0[], b=L1[], chain=L0[] -> L0[] -> L0[], i=L2[], put=L0[] -> V0}
{({})=L0[], b=L1[], chain=L0[] -> V0 -> L0[], i=L2[], put=L0[] -> V0}
{({})=L0[], b=L1[], chain=L0[] -> L0[] -> V0, i=L1[], put=L0[] -> L1[] -> L1[] -> L0[]}
{({})=L0[], b=L1[], chain=L0[] -> L0[] -> V0, i=L1[], put=L0[] -> L1[] -> V0 -> L0[]}
{({})=L0[], b=L1[], chain=L0[] -> L0[] -> V0, i=L1[], put=L0[] -> V0 -> L1[] -> L0[]}
{({})=L0[], b=L1[], chain=L0[] -> L0[] -> V0, i=L1[], put=L0[] -> V0 -> V0 -> L0[]}
{({})=L0[], b=L1[], chain=L0[] -> L0[] -> V0, i=L2[], put=L0[] -> V0 -> V1 -> L0[]}
{({})=L0[], b=L1[], chain=L0[] -> V0 -> V0, i=L1[], put=L0[] -> L1[] -> L1[] -> L0[]}
{({})=L0[], b=L1[], chain=L0[] -> V0 -> V0, i=L1[], put=L0[] -> L1[] -> V0 -> L0[]}
{({})=L0[], b=L1[], chain=L0[] -> V0 -> V0, i=L1[], put=L0[] -> V0 -> L1[] -> L0[]}
{({})=L0[], b=L1[], chain=L0[] -> V0 -> V0, i=L1[], put=L0[] -> V0 -> V0 -> L0[]}
{({})=L0[], b=L1[], chain=L0[] -> V0 -> V0, i=L2[], put=L0[] -> V0 -> V1 -> L0[]}
{({})=L0[], b=L1[], chain=L0[] -> V1 -> V0, i=L1[], put=L0[] -> L1[] -> L1[] -> L0[]}
{({})=L0[], b=L1[], chain=L0[] -> V1 -> V0, i=L1[], put=L0[] -> L1[] -> V0 -> L0[]}
{({})=L0[], b=L1[], chain=L0[] -> V1 -> V0, i=L1[], put=L0[] -> V0 -> L1[] -> L0[]}
{({})=L0[], b=L1[], chain=L0[] -> V1 -> V0, i=L1[], put=L0[] -> V0 -> V0 -> L0[]}
{({})=L0[], b=L1[], chain=L0[] -> V1 -> V0, i=L2[], put=L0[] -> V0 -> V1 -> L0[]}
{({})=L0[], b=L1[], chain=L0[] -> L0[] -> V0, i=L1[], put=L0[] -> L1[] -> L1[] -> V0}
{({})=L0[], b=L0[], chain=L0[] -> L0[] -> V0, i=L0[], put=L0[] -> L0[] -> V0 -> V0}
{({})=L0[], b=L1[], chain=L0[] -> L0[] -> V0, i=L1[], put=L0[] -> L1[] -> V1 -> V0}
{({})=L0[], b=L0[], chain=L0[] -> L0[] -> V0, i=L0[], put=L0[] -> V0 -> L0[] -> V0}
{({})=L0[], b=L0[], chain=L0[] -> L0[] -> V0, i=L0[], put=L0[] -> V0 -> V0 -> V0}
{({})=L0[], b=L0[], chain=L0[] -> L0[] -> V0, i=L0[], put=L0[] -> V0 -> V1 -> V0}
{({})=L0[], b=L1[], chain=L0[] -> L0[] -> V0, i=L1[], put=L0[] -> V1 -> L1[] -> V0}
{({})=L0[], b=L0[], chain=L0[] -> L0[] -> V0, i=L0[], put=L0[] -> V1 -> V0 -> V0}
{({})=L0[], b=L1[], chain=L0[] -> L0[] -> V0, i=L1[], put=L0[] -> V1 -> V1 -> V0}
{({})=L0[], b=L1[], chain=L0[] -> L0[] -> V0, i=L2[], put=L0[] -> V1 -> V2 -> V0}
{({})=L0[], b=L1[], chain=L0[] -> V0 -> V0, i=L1[], put=L0[] -> L1[] -> L1[] -> V0}
{({})=L0[], b=L0[], chain=L0[] -> V0 -> V0, i=L0[], put=L0[] -> L0[] -> V0 -> V0}
{({})=L0[], b=L1[], chain=L0[] -> V0 -> V0, i=L1[], put=L0[] -> L1[] -> V1 -> V0}
{({})=L0[], b=L0[], chain=L0[] -> V0 -> V0, i=L0[], put=L0[] -> V0 -> L0[] -> V0}
{({})=L0[], b=L0[], chain=L0[] -> V0 -> V0, i=L0[], put=L0[] -> V0 -> V0 -> V0}
{({})=L0[], b=L0[], chain=L0[] -> V0 -> V0, i=L0[], put=L0[] -> V0 -> V1 -> V0}
{({})=L0[], b=L1[], chain=L0[] -> V0 -> V0, i=L1[], put=L0[] -> V1 -> L1[] -> V0}
{({})=L0[], b=L0[], chain=L0[] -> V0 -> V0, i=L0[], put=L0[] -> V1 -> V0 -> V0}
{({})=L0[], b=L1[], chain=L0[] -> V0 -> V0, i=L1[], put=L0[] -> V1 -> V1 -> V0}
{({})=L0[], b=L1[], chain=L0[] -> V0 -> V0, i=L2[], put=L0[] -> V1 -> V2 -> V0}
{({})=L0[], b=L1[], chain=L0[] -> V1 -> V0, i=L1[], put=L0[] -> L1[] -> L1[] -> V0}
{({})=L0[], b=L0[], chain=L0[] -> V1 -> V0, i=L0[], put=L0[] -> L0[] -> V0 -> V0}
{({})=L0[], b=L1[], chain=L0[] -> V1 -> V0, i=L1[], put=L0[] -> L1[] -> V1 -> V0}
{({})=L0[], b=L0[], chain=L0[] -> V1 -> V0, i=L0[], put=L0[] -> V0 -> L0[] -> V0}
{({})=L0[], b=L0[], chain=L0[] -> V1 -> V0, i=L0[], put=L0[] -> V0 -> V0 -> V0}
{({})=L0[], b=L0[], chain=L0[] -> V1 -> V0, i=L0[], put=L0[] -> V0 -> V1 -> V0}
{({})=L0[], b=L1[], chain=L0[] -> V1 -> V0, i=L1[], put=L0[] -> V1 -> L1[] -> V0}
{({})=L0[], b=L0[], chain=L0[] -> V1 -> V0, i=L0[], put=L0[] -> V1 -> V0 -> V0}
{({})=L0[], b=L1[], chain=L0[] -> V1 -> V0, i=L1[], put=L0[] -> V1 -> V1 -> V0}
{({})=L0[], b=L1[], chain=L0[] -> V1 -> V0, i=L2[], put=L0[] -> V1 -> V2 -> V0}
{({})=L0[], b=L1[], chain=L0[] -> L0[] -> V0, i=L1[], put=L0[] -> L1[] -> V0}
{({})=L0[], b=L1[], chain=L0[] -> L0[] -> V0, i=L2[], put=L0[] -> V1 -> V0}
{({})=L0[], b=L1[], chain=L0[] -> V0 -> V0, i=L1[], put=L0[] -> L1[] -> V0}
{({})=L0[], b=L1[], chain=L0[] -> V0 -> V0, i=L2[], put=L0[] -> V1 -> V0}
{({})=L0[], b=L1[], chain=L0[] -> V1 -> V0, i=L1[], put=L0[] -> L1[] -> V0}
{({})=L0[], b=L1[], chain=L0[] -> V1 -> V0, i=L2[], put=L0[] -> V1 -> V0}
{({})=L0[], b=L1[], chain=L0[] -> L0[] -> V0, i=L2[], put=L0[] -> V0}
{({})=L0[], b=L1[], chain=L0[] -> V0 -> V0, i=L2[], put=L0[] -> V0}
{({})=L0[], b=L1[], chain=L0[] -> V1 -> V0, i=L2[], put=L0[] -> V0}
{({})=L0[], b=L1[], chain=L0[] -> V0, i=L1[], put=L0[] -> L1[] -> L1[] -> L0[]}
{({})=L0[], b=L1[], chain=L0[] -> V0, i=L1[], put=L0[] -> L1[] -> V0 -> L0[]}
{({})=L0[], b=L1[], chain=L0[] -> V0, i=L1[], put=L0[] -> V0 -> L1[] -> L0[]}
{({})=L0[], b=L1[], chain=L0[] -> V0, i=L1[], put=L0[] -> V0 -> V0 -> L0[]}
{({})=L0[], b=L1[], chain=L0[] -> V0, i=L2[], put=L0[] -> V0 -> V1 -> L0[]}
{({})=L0[], b=L1[], chain=L0[] -> V0, i=L1[], put=L0[] -> L1[] -> L1[] -> V0}
{({})=L0[], b=L0[], chain=L0[] -> V0, i=L0[], put=L0[] -> L0[] -> V0 -> V0}
{({})=L0[], b=L1[], chain=L0[] -> V0, i=L1[], put=L0[] -> L1[] -> V1 -> V0}
{({})=L0[], b=L0[], chain=L0[] -> V0, i=L0[], put=L0[] -> V0 -> L0[] -> V0}
{({})=L0[], b=L0[], chain=L0[] -> V0, i=L0[], put=L0[] -> V0 -> V0 -> V0}
{({})=L0[], b=L0[], chain=L0[] -> V0, i=L0[], put=L0[] -> V0 -> V1 -> V0}
{({})=L0[], b=L1[], chain=L0[] -> V0, i=L1[], put=L0[] -> V1 -> L1[] -> V0}
{({})=L0[], b=L0[], chain=L0[] -> V0, i=L0[], put=L0[] -> V1 -> V0 -> V0}
{({})=L0[], b=L1[], chain=L0[] -> V0, i=L1[], put=L0[] -> V1 -> V1 -> V0}
{({})=L0[], b=L1[], chain=L0[] -> V0, i=L2[], put=L0[] -> V1 -> V2 -> V0}
{({})=L0[], b=L1[], chain=L0[] -> V0, i=L1[], put=L0[] -> L1[] -> V0}
{({})=L0[], b=L1[], chain=L0[] -> V0, i=L2[], put=L0[] -> V1 -> V0}
{({})=L0[], b=L1[], chain=L0[] -> V0, i=L2[], put=L0[] -> V0}
[14:40:53.198]	BEG Dependency analysis
[14:40:53.319]	END Dependency analysis : 121 ms
[14:40:53.319]	Counts:
Total candidates=556
Solver call=108
[14:40:53.319]	Elapsed time: 7117 ms
[14:40:53.319]	BEG Solving for label arities
[14:41:00.025]	END Solving for label arities : 6706 ms
[14:41:00.025]	Counts:
Total candidates=556
Solver call=216
[14:41:00.025]	Elapsed time: 13823 ms
[14:41:00.026]	END Depth 0 outlining [({}), b, chain, i, put] : 6866 ms
[14:41:00.026]	Counts:
Total candidates=556
Solver call=216
[14:41:00.026]	Elapsed time: 13824 ms
[14:41:00.027]	Concrete seeds: 318
{({})=L0[], b=L1[], chain=L0[] -> L0[] -> L0[], i=L1[], put=L0[] -> L1[] -> L1[] -> L0[]}
{({})=L0[], b=L1[.], chain=L0[] -> L0[] -> L0[], i=L1[.], put=L0[] -> L1[_] -> L1[_] -> L0[]}
{({})=L0[.], b=L1[], chain=L0[_] -> L0[_] -> L0[_], i=L1[], put=L0[_] -> L1[] -> L1[] -> L0[_]}
{({})=L0[.], b=L1[.], chain=L0[_] -> L0[_] -> L0[_], i=L1[.], put=L0[_] -> L1[_] -> L1[_] -> L0[_]}
{({})=L0[], b=L1[], chain=L0[] -> L0[] -> L0[], i=L1[], put=L0[] -> L1[] -> V0 -> L0[]}
{({})=L0[], b=L1[.], chain=L0[] -> L0[] -> L0[], i=L1[.], put=L0[] -> L1[_] -> V0 -> L0[]}
{({})=L0[.], b=L1[], chain=L0[_] -> L0[_] -> L0[_], i=L1[], put=L0[_] -> L1[] -> V0 -> L0[_]}
{({})=L0[.], b=L1[.], chain=L0[_] -> L0[_] -> L0[_], i=L1[.], put=L0[_] -> L1[_] -> V0 -> L0[_]}
{({})=L0[], b=L1[], chain=L0[] -> L0[] -> L0[], i=L1[], put=L0[] -> V0 -> L1[] -> L0[]}
{({})=L0[], b=L1[.], chain=L0[] -> L0[] -> L0[], i=L1[.], put=L0[] -> V0 -> L1[_] -> L0[]}
{({})=L0[.], b=L1[], chain=L0[_] -> L0[_] -> L0[_], i=L1[], put=L0[_] -> V0 -> L1[] -> L0[_]}
{({})=L0[.], b=L1[.], chain=L0[_] -> L0[_] -> L0[_], i=L1[.], put=L0[_] -> V0 -> L1[_] -> L0[_]}
{({})=L0[], b=L1[], chain=L0[] -> L0[] -> L0[], i=L1[], put=L0[] -> V0 -> V0 -> L0[]}
{({})=L0[.], b=L1[], chain=L0[_] -> L0[_] -> L0[_], i=L1[], put=L0[_] -> V0 -> V0 -> L0[_]}
{({})=L0[], b=L1[], chain=L0[] -> L0[] -> L0[], i=L2[], put=L0[] -> V0 -> V1 -> L0[]}
{({})=L0[.], b=L1[], chain=L0[_] -> L0[_] -> L0[_], i=L2[], put=L0[_] -> V0 -> V1 -> L0[_]}
{({})=L0[., .], b=L1[], chain=L0[_, _] -> L0[_, _] -> L0[_, _], i=L2[], put=L0[_, _] -> V0 -> V1 -> L0[_, _]}
{({})=L0[], b=L1[], chain=L0[] -> V0 -> L0[], i=L1[], put=L0[] -> L1[] -> L1[] -> L0[]}
{({})=L0[], b=L1[.], chain=L0[] -> V0 -> L0[], i=L1[.], put=L0[] -> L1[_] -> L1[_] -> L0[]}
{({})=L0[.], b=L1[], chain=L0[_] -> V0 -> L0[_], i=L1[], put=L0[_] -> L1[] -> L1[] -> L0[_]}
{({})=L0[.], b=L1[.], chain=L0[_] -> V0 -> L0[_], i=L1[.], put=L0[_] -> L1[_] -> L1[_] -> L0[_]}
{({})=L0[], b=L1[], chain=L0[] -> V0 -> L0[], i=L1[], put=L0[] -> L1[] -> V0 -> L0[]}
{({})=L0[], b=L1[.], chain=L0[] -> V0 -> L0[], i=L1[.], put=L0[] -> L1[_] -> V0 -> L0[]}
{({})=L0[.], b=L1[], chain=L0[_] -> V0 -> L0[_], i=L1[], put=L0[_] -> L1[] -> V0 -> L0[_]}
{({})=L0[.], b=L1[.], chain=L0[_] -> V0 -> L0[_], i=L1[.], put=L0[_] -> L1[_] -> V0 -> L0[_]}
{({})=L0[], b=L1[], chain=L0[] -> V0 -> L0[], i=L1[], put=L0[] -> V0 -> L1[] -> L0[]}
{({})=L0[], b=L1[.], chain=L0[] -> V0 -> L0[], i=L1[.], put=L0[] -> V0 -> L1[_] -> L0[]}
{({})=L0[.], b=L1[], chain=L0[_] -> V0 -> L0[_], i=L1[], put=L0[_] -> V0 -> L1[] -> L0[_]}
{({})=L0[.], b=L1[.], chain=L0[_] -> V0 -> L0[_], i=L1[.], put=L0[_] -> V0 -> L1[_] -> L0[_]}
{({})=L0[], b=L1[], chain=L0[] -> V0 -> L0[], i=L1[], put=L0[] -> V0 -> V0 -> L0[]}
{({})=L0[.], b=L1[], chain=L0[_] -> V0 -> L0[_], i=L1[], put=L0[_] -> V0 -> V0 -> L0[_]}
{({})=L0[], b=L1[], chain=L0[] -> V0 -> L0[], i=L2[], put=L0[] -> V0 -> V1 -> L0[]}
{({})=L0[.], b=L1[], chain=L0[_] -> V0 -> L0[_], i=L2[], put=L0[_] -> V0 -> V1 -> L0[_]}
{({})=L0[., .], b=L1[], chain=L0[_, _] -> V0 -> L0[_, _], i=L2[], put=L0[_, _] -> V0 -> V1 -> L0[_, _]}
{({})=L0[], b=L1[], chain=L0[] -> L0[] -> L0[], i=L1[], put=L0[] -> L1[] -> L1[] -> V0}
{({})=L0[], b=L1[.], chain=L0[] -> L0[] -> L0[], i=L1[.], put=L0[] -> L1[_] -> L1[_] -> V0}
{({})=L0[.], b=L1[], chain=L0[_] -> L0[_] -> L0[_], i=L1[], put=L0[_] -> L1[] -> L1[] -> V0}
{({})=L0[.], b=L1[.], chain=L0[_] -> L0[_] -> L0[_], i=L1[.], put=L0[_] -> L1[_] -> L1[_] -> V0}
{({})=L0[], b=L0[], chain=L0[] -> L0[] -> L0[], i=L0[], put=L0[] -> L0[] -> V0 -> V0}
{({})=L0[.], b=L0[.], chain=L0[_] -> L0[_] -> L0[_], i=L0[.], put=L0[_] -> L0[_] -> V0 -> V0}
{({})=L0[], b=L1[], chain=L0[] -> L0[] -> L0[], i=L1[], put=L0[] -> L1[] -> V1 -> V0}
{({})=L0[], b=L1[.], chain=L0[] -> L0[] -> L0[], i=L1[.], put=L0[] -> L1[_] -> V1 -> V0}
{({})=L0[.], b=L1[], chain=L0[_] -> L0[_] -> L0[_], i=L1[], put=L0[_] -> L1[] -> V1 -> V0}
{({})=L0[.], b=L1[.], chain=L0[_] -> L0[_] -> L0[_], i=L1[.], put=L0[_] -> L1[_] -> V1 -> V0}
{({})=L0[], b=L0[], chain=L0[] -> L0[] -> L0[], i=L0[], put=L0[] -> V0 -> L0[] -> V0}
{({})=L0[.], b=L0[.], chain=L0[_] -> L0[_] -> L0[_], i=L0[.], put=L0[_] -> V0 -> L0[_] -> V0}
{({})=L0[], b=L0[], chain=L0[] -> L0[] -> L0[], i=L0[], put=L0[] -> V0 -> V0 -> V0}
{({})=L0[.], b=L0[.], chain=L0[_] -> L0[_] -> L0[_], i=L0[.], put=L0[_] -> V0 -> V0 -> V0}
{({})=L0[], b=L0[], chain=L0[] -> L0[] -> L0[], i=L0[], put=L0[] -> V0 -> V1 -> V0}
{({})=L0[.], b=L0[.], chain=L0[_] -> L0[_] -> L0[_], i=L0[.], put=L0[_] -> V0 -> V1 -> V0}
{({})=L0[., .], b=L0[., .], chain=L0[_, _] -> L0[_, _] -> L0[_, _], i=L0[., .], put=L0[_, _] -> V0 -> V1 -> V0}
{({})=L0[], b=L1[], chain=L0[] -> L0[] -> L0[], i=L1[], put=L0[] -> V1 -> L1[] -> V0}
{({})=L0[], b=L1[.], chain=L0[] -> L0[] -> L0[], i=L1[.], put=L0[] -> V1 -> L1[_] -> V0}
{({})=L0[.], b=L1[], chain=L0[_] -> L0[_] -> L0[_], i=L1[], put=L0[_] -> V1 -> L1[] -> V0}
{({})=L0[.], b=L1[.], chain=L0[_] -> L0[_] -> L0[_], i=L1[.], put=L0[_] -> V1 -> L1[_] -> V0}
{({})=L0[], b=L0[], chain=L0[] -> L0[] -> L0[], i=L0[], put=L0[] -> V1 -> V0 -> V0}
{({})=L0[.], b=L0[.], chain=L0[_] -> L0[_] -> L0[_], i=L0[.], put=L0[_] -> V1 -> V0 -> V0}
{({})=L0[., .], b=L0[., .], chain=L0[_, _] -> L0[_, _] -> L0[_, _], i=L0[., .], put=L0[_, _] -> V1 -> V0 -> V0}
{({})=L0[], b=L1[], chain=L0[] -> L0[] -> L0[], i=L1[], put=L0[] -> V1 -> V1 -> V0}
{({})=L0[.], b=L1[], chain=L0[_] -> L0[_] -> L0[_], i=L1[], put=L0[_] -> V1 -> V1 -> V0}
{({})=L0[], b=L1[], chain=L0[] -> L0[] -> L0[], i=L2[], put=L0[] -> V1 -> V2 -> V0}
{({})=L0[.], b=L1[], chain=L0[_] -> L0[_] -> L0[_], i=L2[], put=L0[_] -> V1 -> V2 -> V0}
{({})=L0[., .], b=L1[], chain=L0[_, _] -> L0[_, _] -> L0[_, _], i=L2[], put=L0[_, _] -> V1 -> V2 -> V0}
{({})=L0[], b=L1[], chain=L0[] -> V0 -> L0[], i=L1[], put=L0[] -> L1[] -> L1[] -> V0}
{({})=L0[], b=L1[.], chain=L0[] -> V0 -> L0[], i=L1[.], put=L0[] -> L1[_] -> L1[_] -> V0}
{({})=L0[.], b=L1[], chain=L0[_] -> V0 -> L0[_], i=L1[], put=L0[_] -> L1[] -> L1[] -> V0}
{({})=L0[.], b=L1[.], chain=L0[_] -> V0 -> L0[_], i=L1[.], put=L0[_] -> L1[_] -> L1[_] -> V0}
{({})=L0[], b=L0[], chain=L0[] -> V0 -> L0[], i=L0[], put=L0[] -> L0[] -> V0 -> V0}
{({})=L0[.], b=L0[.], chain=L0[_] -> V0 -> L0[_], i=L0[.], put=L0[_] -> L0[_] -> V0 -> V0}
{({})=L0[], b=L1[], chain=L0[] -> V0 -> L0[], i=L1[], put=L0[] -> L1[] -> V1 -> V0}
{({})=L0[], b=L1[.], chain=L0[] -> V0 -> L0[], i=L1[.], put=L0[] -> L1[_] -> V1 -> V0}
{({})=L0[.], b=L1[], chain=L0[_] -> V0 -> L0[_], i=L1[], put=L0[_] -> L1[] -> V1 -> V0}
{({})=L0[.], b=L1[.], chain=L0[_] -> V0 -> L0[_], i=L1[.], put=L0[_] -> L1[_] -> V1 -> V0}
{({})=L0[], b=L0[], chain=L0[] -> V0 -> L0[], i=L0[], put=L0[] -> V0 -> L0[] -> V0}
{({})=L0[.], b=L0[.], chain=L0[_] -> V0 -> L0[_], i=L0[.], put=L0[_] -> V0 -> L0[_] -> V0}
{({})=L0[], b=L0[], chain=L0[] -> V0 -> L0[], i=L0[], put=L0[] -> V0 -> V0 -> V0}
{({})=L0[.], b=L0[.], chain=L0[_] -> V0 -> L0[_], i=L0[.], put=L0[_] -> V0 -> V0 -> V0}
{({})=L0[], b=L0[], chain=L0[] -> V0 -> L0[], i=L0[], put=L0[] -> V0 -> V1 -> V0}
{({})=L0[.], b=L0[.], chain=L0[_] -> V0 -> L0[_], i=L0[.], put=L0[_] -> V0 -> V1 -> V0}
{({})=L0[., .], b=L0[., .], chain=L0[_, _] -> V0 -> L0[_, _], i=L0[., .], put=L0[_, _] -> V0 -> V1 -> V0}
{({})=L0[], b=L1[], chain=L0[] -> V0 -> L0[], i=L1[], put=L0[] -> V1 -> L1[] -> V0}
{({})=L0[], b=L1[.], chain=L0[] -> V0 -> L0[], i=L1[.], put=L0[] -> V1 -> L1[_] -> V0}
{({})=L0[.], b=L1[], chain=L0[_] -> V0 -> L0[_], i=L1[], put=L0[_] -> V1 -> L1[] -> V0}
{({})=L0[.], b=L1[.], chain=L0[_] -> V0 -> L0[_], i=L1[.], put=L0[_] -> V1 -> L1[_] -> V0}
{({})=L0[], b=L0[], chain=L0[] -> V0 -> L0[], i=L0[], put=L0[] -> V1 -> V0 -> V0}
{({})=L0[.], b=L0[.], chain=L0[_] -> V0 -> L0[_], i=L0[.], put=L0[_] -> V1 -> V0 -> V0}
{({})=L0[., .], b=L0[., .], chain=L0[_, _] -> V0 -> L0[_, _], i=L0[., .], put=L0[_, _] -> V1 -> V0 -> V0}
{({})=L0[], b=L1[], chain=L0[] -> V0 -> L0[], i=L1[], put=L0[] -> V1 -> V1 -> V0}
{({})=L0[.], b=L1[], chain=L0[_] -> V0 -> L0[_], i=L1[], put=L0[_] -> V1 -> V1 -> V0}
{({})=L0[], b=L1[], chain=L0[] -> V0 -> L0[], i=L2[], put=L0[] -> V1 -> V2 -> V0}
{({})=L0[.], b=L1[], chain=L0[_] -> V0 -> L0[_], i=L2[], put=L0[_] -> V1 -> V2 -> V0}
{({})=L0[., .], b=L1[], chain=L0[_, _] -> V0 -> L0[_, _], i=L2[], put=L0[_, _] -> V1 -> V2 -> V0}
{({})=L0[], b=L1[], chain=L0[] -> L0[] -> L0[], i=L1[], put=L0[] -> L1[] -> V0}
{({})=L0[], b=L1[.], chain=L0[] -> L0[] -> L0[], i=L1[.], put=L0[] -> L1[_] -> V0}
{({})=L0[.], b=L1[], chain=L0[_] -> L0[_] -> L0[_], i=L1[], put=L0[_] -> L1[] -> V0}
{({})=L0[.], b=L1[.], chain=L0[_] -> L0[_] -> L0[_], i=L1[.], put=L0[_] -> L1[_] -> V0}
{({})=L0[], b=L1[], chain=L0[] -> L0[] -> L0[], i=L2[], put=L0[] -> V1 -> V0}
{({})=L0[.], b=L1[], chain=L0[_] -> L0[_] -> L0[_], i=L2[], put=L0[_] -> V1 -> V0}
{({})=L0[], b=L1[], chain=L0[] -> V0 -> L0[], i=L1[], put=L0[] -> L1[] -> V0}
{({})=L0[], b=L1[.], chain=L0[] -> V0 -> L0[], i=L1[.], put=L0[] -> L1[_] -> V0}
{({})=L0[.], b=L1[], chain=L0[_] -> V0 -> L0[_], i=L1[], put=L0[_] -> L1[] -> V0}
{({})=L0[.], b=L1[.], chain=L0[_] -> V0 -> L0[_], i=L1[.], put=L0[_] -> L1[_] -> V0}
{({})=L0[], b=L1[], chain=L0[] -> V0 -> L0[], i=L2[], put=L0[] -> V1 -> V0}
{({})=L0[.], b=L1[], chain=L0[_] -> V0 -> L0[_], i=L2[], put=L0[_] -> V1 -> V0}
{({})=L0[], b=L1[], chain=L0[] -> L0[] -> L0[], i=L2[], put=L0[] -> V0}
{({})=L0[], b=L1[], chain=L0[] -> V0 -> L0[], i=L2[], put=L0[] -> V0}
{({})=L0[], b=L1[], chain=L0[] -> L0[] -> V0, i=L1[], put=L0[] -> L1[] -> L1[] -> L0[]}
{({})=L0[], b=L1[.], chain=L0[] -> L0[] -> V0, i=L1[.], put=L0[] -> L1[_] -> L1[_] -> L0[]}
{({})=L0[.], b=L1[], chain=L0[_] -> L0[_] -> V0, i=L1[], put=L0[_] -> L1[] -> L1[] -> L0[_]}
{({})=L0[.], b=L1[.], chain=L0[_] -> L0[_] -> V0, i=L1[.], put=L0[_] -> L1[_] -> L1[_] -> L0[_]}
{({})=L0[], b=L1[], chain=L0[] -> L0[] -> V0, i=L1[], put=L0[] -> L1[] -> V0 -> L0[]}
{({})=L0[], b=L1[.], chain=L0[] -> L0[] -> V0, i=L1[.], put=L0[] -> L1[_] -> V0 -> L0[]}
{({})=L0[.], b=L1[], chain=L0[_] -> L0[_] -> V0, i=L1[], put=L0[_] -> L1[] -> V0 -> L0[_]}
{({})=L0[.], b=L1[.], chain=L0[_] -> L0[_] -> V0, i=L1[.], put=L0[_] -> L1[_] -> V0 -> L0[_]}
{({})=L0[], b=L1[], chain=L0[] -> L0[] -> V0, i=L1[], put=L0[] -> V0 -> L1[] -> L0[]}
{({})=L0[], b=L1[.], chain=L0[] -> L0[] -> V0, i=L1[.], put=L0[] -> V0 -> L1[_] -> L0[]}
{({})=L0[.], b=L1[], chain=L0[_] -> L0[_] -> V0, i=L1[], put=L0[_] -> V0 -> L1[] -> L0[_]}
{({})=L0[.], b=L1[.], chain=L0[_] -> L0[_] -> V0, i=L1[.], put=L0[_] -> V0 -> L1[_] -> L0[_]}
{({})=L0[], b=L1[], chain=L0[] -> L0[] -> V0, i=L1[], put=L0[] -> V0 -> V0 -> L0[]}
{({})=L0[.], b=L1[], chain=L0[_] -> L0[_] -> V0, i=L1[], put=L0[_] -> V0 -> V0 -> L0[_]}
{({})=L0[], b=L1[], chain=L0[] -> L0[] -> V0, i=L2[], put=L0[] -> V0 -> V1 -> L0[]}
{({})=L0[.], b=L1[], chain=L0[_] -> L0[_] -> V0, i=L2[], put=L0[_] -> V0 -> V1 -> L0[_]}
{({})=L0[., .], b=L1[], chain=L0[_, _] -> L0[_, _] -> V0, i=L2[], put=L0[_, _] -> V0 -> V1 -> L0[_, _]}
{({})=L0[], b=L1[], chain=L0[] -> V0 -> V0, i=L1[], put=L0[] -> L1[] -> L1[] -> L0[]}
{({})=L0[], b=L1[.], chain=L0[] -> V0 -> V0, i=L1[.], put=L0[] -> L1[_] -> L1[_] -> L0[]}
{({})=L0[.], b=L1[], chain=L0[_] -> V0 -> V0, i=L1[], put=L0[_] -> L1[] -> L1[] -> L0[_]}
{({})=L0[.], b=L1[.], chain=L0[_] -> V0 -> V0, i=L1[.], put=L0[_] -> L1[_] -> L1[_] -> L0[_]}
{({})=L0[], b=L1[], chain=L0[] -> V0 -> V0, i=L1[], put=L0[] -> L1[] -> V0 -> L0[]}
{({})=L0[], b=L1[.], chain=L0[] -> V0 -> V0, i=L1[.], put=L0[] -> L1[_] -> V0 -> L0[]}
{({})=L0[.], b=L1[], chain=L0[_] -> V0 -> V0, i=L1[], put=L0[_] -> L1[] -> V0 -> L0[_]}
{({})=L0[.], b=L1[.], chain=L0[_] -> V0 -> V0, i=L1[.], put=L0[_] -> L1[_] -> V0 -> L0[_]}
{({})=L0[], b=L1[], chain=L0[] -> V0 -> V0, i=L1[], put=L0[] -> V0 -> L1[] -> L0[]}
{({})=L0[], b=L1[.], chain=L0[] -> V0 -> V0, i=L1[.], put=L0[] -> V0 -> L1[_] -> L0[]}
{({})=L0[.], b=L1[], chain=L0[_] -> V0 -> V0, i=L1[], put=L0[_] -> V0 -> L1[] -> L0[_]}
{({})=L0[.], b=L1[.], chain=L0[_] -> V0 -> V0, i=L1[.], put=L0[_] -> V0 -> L1[_] -> L0[_]}
{({})=L0[], b=L1[], chain=L0[] -> V0 -> V0, i=L1[], put=L0[] -> V0 -> V0 -> L0[]}
{({})=L0[.], b=L1[], chain=L0[_] -> V0 -> V0, i=L1[], put=L0[_] -> V0 -> V0 -> L0[_]}
{({})=L0[], b=L1[], chain=L0[] -> V0 -> V0, i=L2[], put=L0[] -> V0 -> V1 -> L0[]}
{({})=L0[.], b=L1[], chain=L0[_] -> V0 -> V0, i=L2[], put=L0[_] -> V0 -> V1 -> L0[_]}
{({})=L0[., .], b=L1[], chain=L0[_, _] -> V0 -> V0, i=L2[], put=L0[_, _] -> V0 -> V1 -> L0[_, _]}
{({})=L0[], b=L1[], chain=L0[] -> V1 -> V0, i=L1[], put=L0[] -> L1[] -> L1[] -> L0[]}
{({})=L0[], b=L1[.], chain=L0[] -> V1 -> V0, i=L1[.], put=L0[] -> L1[_] -> L1[_] -> L0[]}
{({})=L0[.], b=L1[], chain=L0[_] -> V1 -> V0, i=L1[], put=L0[_] -> L1[] -> L1[] -> L0[_]}
{({})=L0[.], b=L1[.], chain=L0[_] -> V1 -> V0, i=L1[.], put=L0[_] -> L1[_] -> L1[_] -> L0[_]}
{({})=L0[], b=L1[], chain=L0[] -> V1 -> V0, i=L1[], put=L0[] -> L1[] -> V0 -> L0[]}
{({})=L0[], b=L1[.], chain=L0[] -> V1 -> V0, i=L1[.], put=L0[] -> L1[_] -> V0 -> L0[]}
{({})=L0[.], b=L1[], chain=L0[_] -> V1 -> V0, i=L1[], put=L0[_] -> L1[] -> V0 -> L0[_]}
{({})=L0[.], b=L1[.], chain=L0[_] -> V1 -> V0, i=L1[.], put=L0[_] -> L1[_] -> V0 -> L0[_]}
{({})=L0[], b=L1[], chain=L0[] -> V1 -> V0, i=L1[], put=L0[] -> V0 -> L1[] -> L0[]}
{({})=L0[], b=L1[.], chain=L0[] -> V1 -> V0, i=L1[.], put=L0[] -> V0 -> L1[_] -> L0[]}
{({})=L0[.], b=L1[], chain=L0[_] -> V1 -> V0, i=L1[], put=L0[_] -> V0 -> L1[] -> L0[_]}
{({})=L0[.], b=L1[.], chain=L0[_] -> V1 -> V0, i=L1[.], put=L0[_] -> V0 -> L1[_] -> L0[_]}
{({})=L0[], b=L1[], chain=L0[] -> V1 -> V0, i=L1[], put=L0[] -> V0 -> V0 -> L0[]}
{({})=L0[.], b=L1[], chain=L0[_] -> V1 -> V0, i=L1[], put=L0[_] -> V0 -> V0 -> L0[_]}
{({})=L0[], b=L1[], chain=L0[] -> V1 -> V0, i=L2[], put=L0[] -> V0 -> V1 -> L0[]}
{({})=L0[.], b=L1[], chain=L0[_] -> V1 -> V0, i=L2[], put=L0[_] -> V0 -> V1 -> L0[_]}
{({})=L0[., .], b=L1[], chain=L0[_, _] -> V1 -> V0, i=L2[], put=L0[_, _] -> V0 -> V1 -> L0[_, _]}
{({})=L0[], b=L1[], chain=L0[] -> L0[] -> V0, i=L1[], put=L0[] -> L1[] -> L1[] -> V0}
{({})=L0[], b=L1[.], chain=L0[] -> L0[] -> V0, i=L1[.], put=L0[] -> L1[_] -> L1[_] -> V0}
{({})=L0[.], b=L1[], chain=L0[_] -> L0[_] -> V0, i=L1[], put=L0[_] -> L1[] -> L1[] -> V0}
{({})=L0[.], b=L1[.], chain=L0[_] -> L0[_] -> V0, i=L1[.], put=L0[_] -> L1[_] -> L1[_] -> V0}
{({})=L0[], b=L0[], chain=L0[] -> L0[] -> V0, i=L0[], put=L0[] -> L0[] -> V0 -> V0}
{({})=L0[.], b=L0[.], chain=L0[_] -> L0[_] -> V0, i=L0[.], put=L0[_] -> L0[_] -> V0 -> V0}
{({})=L0[], b=L1[], chain=L0[] -> L0[] -> V0, i=L1[], put=L0[] -> L1[] -> V1 -> V0}
{({})=L0[], b=L1[.], chain=L0[] -> L0[] -> V0, i=L1[.], put=L0[] -> L1[_] -> V1 -> V0}
{({})=L0[.], b=L1[], chain=L0[_] -> L0[_] -> V0, i=L1[], put=L0[_] -> L1[] -> V1 -> V0}
{({})=L0[.], b=L1[.], chain=L0[_] -> L0[_] -> V0, i=L1[.], put=L0[_] -> L1[_] -> V1 -> V0}
{({})=L0[], b=L0[], chain=L0[] -> L0[] -> V0, i=L0[], put=L0[] -> V0 -> L0[] -> V0}
{({})=L0[.], b=L0[.], chain=L0[_] -> L0[_] -> V0, i=L0[.], put=L0[_] -> V0 -> L0[_] -> V0}
{({})=L0[], b=L0[], chain=L0[] -> L0[] -> V0, i=L0[], put=L0[] -> V0 -> V0 -> V0}
{({})=L0[.], b=L0[.], chain=L0[_] -> L0[_] -> V0, i=L0[.], put=L0[_] -> V0 -> V0 -> V0}
{({})=L0[], b=L0[], chain=L0[] -> L0[] -> V0, i=L0[], put=L0[] -> V0 -> V1 -> V0}
{({})=L0[.], b=L0[.], chain=L0[_] -> L0[_] -> V0, i=L0[.], put=L0[_] -> V0 -> V1 -> V0}
{({})=L0[., .], b=L0[., .], chain=L0[_, _] -> L0[_, _] -> V0, i=L0[., .], put=L0[_, _] -> V0 -> V1 -> V0}
{({})=L0[], b=L1[], chain=L0[] -> L0[] -> V0, i=L1[], put=L0[] -> V1 -> L1[] -> V0}
{({})=L0[], b=L1[.], chain=L0[] -> L0[] -> V0, i=L1[.], put=L0[] -> V1 -> L1[_] -> V0}
{({})=L0[.], b=L1[], chain=L0[_] -> L0[_] -> V0, i=L1[], put=L0[_] -> V1 -> L1[] -> V0}
{({})=L0[.], b=L1[.], chain=L0[_] -> L0[_] -> V0, i=L1[.], put=L0[_] -> V1 -> L1[_] -> V0}
{({})=L0[], b=L0[], chain=L0[] -> L0[] -> V0, i=L0[], put=L0[] -> V1 -> V0 -> V0}
{({})=L0[.], b=L0[.], chain=L0[_] -> L0[_] -> V0, i=L0[.], put=L0[_] -> V1 -> V0 -> V0}
{({})=L0[., .], b=L0[., .], chain=L0[_, _] -> L0[_, _] -> V0, i=L0[., .], put=L0[_, _] -> V1 -> V0 -> V0}
{({})=L0[], b=L1[], chain=L0[] -> L0[] -> V0, i=L1[], put=L0[] -> V1 -> V1 -> V0}
{({})=L0[.], b=L1[], chain=L0[_] -> L0[_] -> V0, i=L1[], put=L0[_] -> V1 -> V1 -> V0}
{({})=L0[], b=L1[], chain=L0[] -> L0[] -> V0, i=L2[], put=L0[] -> V1 -> V2 -> V0}
{({})=L0[.], b=L1[], chain=L0[_] -> L0[_] -> V0, i=L2[], put=L0[_] -> V1 -> V2 -> V0}
{({})=L0[., .], b=L1[], chain=L0[_, _] -> L0[_, _] -> V0, i=L2[], put=L0[_, _] -> V1 -> V2 -> V0}
{({})=L0[], b=L1[], chain=L0[] -> V0 -> V0, i=L1[], put=L0[] -> L1[] -> L1[] -> V0}
{({})=L0[], b=L1[.], chain=L0[] -> V0 -> V0, i=L1[.], put=L0[] -> L1[_] -> L1[_] -> V0}
{({})=L0[.], b=L1[], chain=L0[_] -> V0 -> V0, i=L1[], put=L0[_] -> L1[] -> L1[] -> V0}
{({})=L0[.], b=L1[.], chain=L0[_] -> V0 -> V0, i=L1[.], put=L0[_] -> L1[_] -> L1[_] -> V0}
{({})=L0[], b=L0[], chain=L0[] -> V0 -> V0, i=L0[], put=L0[] -> L0[] -> V0 -> V0}
{({})=L0[.], b=L0[.], chain=L0[_] -> V0 -> V0, i=L0[.], put=L0[_] -> L0[_] -> V0 -> V0}
{({})=L0[], b=L1[], chain=L0[] -> V0 -> V0, i=L1[], put=L0[] -> L1[] -> V1 -> V0}
{({})=L0[], b=L1[.], chain=L0[] -> V0 -> V0, i=L1[.], put=L0[] -> L1[_] -> V1 -> V0}
{({})=L0[.], b=L1[], chain=L0[_] -> V0 -> V0, i=L1[], put=L0[_] -> L1[] -> V1 -> V0}
{({})=L0[.], b=L1[.], chain=L0[_] -> V0 -> V0, i=L1[.], put=L0[_] -> L1[_] -> V1 -> V0}
{({})=L0[], b=L0[], chain=L0[] -> V0 -> V0, i=L0[], put=L0[] -> V0 -> L0[] -> V0}
{({})=L0[.], b=L0[.], chain=L0[_] -> V0 -> V0, i=L0[.], put=L0[_] -> V0 -> L0[_] -> V0}
{({})=L0[], b=L0[], chain=L0[] -> V0 -> V0, i=L0[], put=L0[] -> V0 -> V0 -> V0}
{({})=L0[.], b=L0[.], chain=L0[_] -> V0 -> V0, i=L0[.], put=L0[_] -> V0 -> V0 -> V0}
{({})=L0[], b=L0[], chain=L0[] -> V0 -> V0, i=L0[], put=L0[] -> V0 -> V1 -> V0}
{({})=L0[.], b=L0[.], chain=L0[_] -> V0 -> V0, i=L0[.], put=L0[_] -> V0 -> V1 -> V0}
{({})=L0[., .], b=L0[., .], chain=L0[_, _] -> V0 -> V0, i=L0[., .], put=L0[_, _] -> V0 -> V1 -> V0}
{({})=L0[], b=L1[], chain=L0[] -> V0 -> V0, i=L1[], put=L0[] -> V1 -> L1[] -> V0}
{({})=L0[], b=L1[.], chain=L0[] -> V0 -> V0, i=L1[.], put=L0[] -> V1 -> L1[_] -> V0}
{({})=L0[.], b=L1[], chain=L0[_] -> V0 -> V0, i=L1[], put=L0[_] -> V1 -> L1[] -> V0}
{({})=L0[.], b=L1[.], chain=L0[_] -> V0 -> V0, i=L1[.], put=L0[_] -> V1 -> L1[_] -> V0}
{({})=L0[], b=L0[], chain=L0[] -> V0 -> V0, i=L0[], put=L0[] -> V1 -> V0 -> V0}
{({})=L0[.], b=L0[.], chain=L0[_] -> V0 -> V0, i=L0[.], put=L0[_] -> V1 -> V0 -> V0}
{({})=L0[., .], b=L0[., .], chain=L0[_, _] -> V0 -> V0, i=L0[., .], put=L0[_, _] -> V1 -> V0 -> V0}
{({})=L0[], b=L1[], chain=L0[] -> V0 -> V0, i=L1[], put=L0[] -> V1 -> V1 -> V0}
{({})=L0[.], b=L1[], chain=L0[_] -> V0 -> V0, i=L1[], put=L0[_] -> V1 -> V1 -> V0}
{({})=L0[], b=L1[], chain=L0[] -> V0 -> V0, i=L2[], put=L0[] -> V1 -> V2 -> V0}
{({})=L0[.], b=L1[], chain=L0[_] -> V0 -> V0, i=L2[], put=L0[_] -> V1 -> V2 -> V0}
{({})=L0[., .], b=L1[], chain=L0[_, _] -> V0 -> V0, i=L2[], put=L0[_, _] -> V1 -> V2 -> V0}
{({})=L0[], b=L1[], chain=L0[] -> V1 -> V0, i=L1[], put=L0[] -> L1[] -> L1[] -> V0}
{({})=L0[], b=L1[.], chain=L0[] -> V1 -> V0, i=L1[.], put=L0[] -> L1[_] -> L1[_] -> V0}
{({})=L0[.], b=L1[], chain=L0[_] -> V1 -> V0, i=L1[], put=L0[_] -> L1[] -> L1[] -> V0}
{({})=L0[.], b=L1[.], chain=L0[_] -> V1 -> V0, i=L1[.], put=L0[_] -> L1[_] -> L1[_] -> V0}
{({})=L0[], b=L0[], chain=L0[] -> V1 -> V0, i=L0[], put=L0[] -> L0[] -> V0 -> V0}
{({})=L0[.], b=L0[.], chain=L0[_] -> V1 -> V0, i=L0[.], put=L0[_] -> L0[_] -> V0 -> V0}
{({})=L0[], b=L1[], chain=L0[] -> V1 -> V0, i=L1[], put=L0[] -> L1[] -> V1 -> V0}
{({})=L0[], b=L1[.], chain=L0[] -> V1 -> V0, i=L1[.], put=L0[] -> L1[_] -> V1 -> V0}
{({})=L0[.], b=L1[], chain=L0[_] -> V1 -> V0, i=L1[], put=L0[_] -> L1[] -> V1 -> V0}
{({})=L0[.], b=L1[.], chain=L0[_] -> V1 -> V0, i=L1[.], put=L0[_] -> L1[_] -> V1 -> V0}
{({})=L0[], b=L0[], chain=L0[] -> V1 -> V0, i=L0[], put=L0[] -> V0 -> L0[] -> V0}
{({})=L0[.], b=L0[.], chain=L0[_] -> V1 -> V0, i=L0[.], put=L0[_] -> V0 -> L0[_] -> V0}
{({})=L0[], b=L0[], chain=L0[] -> V1 -> V0, i=L0[], put=L0[] -> V0 -> V0 -> V0}
{({})=L0[.], b=L0[.], chain=L0[_] -> V1 -> V0, i=L0[.], put=L0[_] -> V0 -> V0 -> V0}
{({})=L0[], b=L0[], chain=L0[] -> V1 -> V0, i=L0[], put=L0[] -> V0 -> V1 -> V0}
{({})=L0[.], b=L0[.], chain=L0[_] -> V1 -> V0, i=L0[.], put=L0[_] -> V0 -> V1 -> V0}
{({})=L0[., .], b=L0[., .], chain=L0[_, _] -> V1 -> V0, i=L0[., .], put=L0[_, _] -> V0 -> V1 -> V0}
{({})=L0[], b=L1[], chain=L0[] -> V1 -> V0, i=L1[], put=L0[] -> V1 -> L1[] -> V0}
{({})=L0[], b=L1[.], chain=L0[] -> V1 -> V0, i=L1[.], put=L0[] -> V1 -> L1[_] -> V0}
{({})=L0[.], b=L1[], chain=L0[_] -> V1 -> V0, i=L1[], put=L0[_] -> V1 -> L1[] -> V0}
{({})=L0[.], b=L1[.], chain=L0[_] -> V1 -> V0, i=L1[.], put=L0[_] -> V1 -> L1[_] -> V0}
{({})=L0[], b=L0[], chain=L0[] -> V1 -> V0, i=L0[], put=L0[] -> V1 -> V0 -> V0}
{({})=L0[.], b=L0[.], chain=L0[_] -> V1 -> V0, i=L0[.], put=L0[_] -> V1 -> V0 -> V0}
{({})=L0[., .], b=L0[., .], chain=L0[_, _] -> V1 -> V0, i=L0[., .], put=L0[_, _] -> V1 -> V0 -> V0}
{({})=L0[], b=L1[], chain=L0[] -> V1 -> V0, i=L1[], put=L0[] -> V1 -> V1 -> V0}
{({})=L0[.], b=L1[], chain=L0[_] -> V1 -> V0, i=L1[], put=L0[_] -> V1 -> V1 -> V0}
{({})=L0[], b=L1[], chain=L0[] -> V1 -> V0, i=L2[], put=L0[] -> V1 -> V2 -> V0}
{({})=L0[.], b=L1[], chain=L0[_] -> V1 -> V0, i=L2[], put=L0[_] -> V1 -> V2 -> V0}
{({})=L0[., .], b=L1[], chain=L0[_, _] -> V1 -> V0, i=L2[], put=L0[_, _] -> V1 -> V2 -> V0}
{({})=L0[], b=L1[], chain=L0[] -> L0[] -> V0, i=L1[], put=L0[] -> L1[] -> V0}
{({})=L0[], b=L1[.], chain=L0[] -> L0[] -> V0, i=L1[.], put=L0[] -> L1[_] -> V0}
{({})=L0[.], b=L1[], chain=L0[_] -> L0[_] -> V0, i=L1[], put=L0[_] -> L1[] -> V0}
{({})=L0[.], b=L1[.], chain=L0[_] -> L0[_] -> V0, i=L1[.], put=L0[_] -> L1[_] -> V0}
{({})=L0[], b=L1[], chain=L0[] -> L0[] -> V0, i=L2[], put=L0[] -> V1 -> V0}
{({})=L0[.], b=L1[], chain=L0[_] -> L0[_] -> V0, i=L2[], put=L0[_] -> V1 -> V0}
{({})=L0[], b=L1[], chain=L0[] -> V0 -> V0, i=L1[], put=L0[] -> L1[] -> V0}
{({})=L0[], b=L1[.], chain=L0[] -> V0 -> V0, i=L1[.], put=L0[] -> L1[_] -> V0}
{({})=L0[.], b=L1[], chain=L0[_] -> V0 -> V0, i=L1[], put=L0[_] -> L1[] -> V0}
{({})=L0[.], b=L1[.], chain=L0[_] -> V0 -> V0, i=L1[.], put=L0[_] -> L1[_] -> V0}
{({})=L0[], b=L1[], chain=L0[] -> V0 -> V0, i=L2[], put=L0[] -> V1 -> V0}
{({})=L0[.], b=L1[], chain=L0[_] -> V0 -> V0, i=L2[], put=L0[_] -> V1 -> V0}
{({})=L0[], b=L1[], chain=L0[] -> V1 -> V0, i=L1[], put=L0[] -> L1[] -> V0}
{({})=L0[], b=L1[.], chain=L0[] -> V1 -> V0, i=L1[.], put=L0[] -> L1[_] -> V0}
{({})=L0[.], b=L1[], chain=L0[_] -> V1 -> V0, i=L1[], put=L0[_] -> L1[] -> V0}
{({})=L0[.], b=L1[.], chain=L0[_] -> V1 -> V0, i=L1[.], put=L0[_] -> L1[_] -> V0}
{({})=L0[], b=L1[], chain=L0[] -> V1 -> V0, i=L2[], put=L0[] -> V1 -> V0}
{({})=L0[.], b=L1[], chain=L0[_] -> V1 -> V0, i=L2[], put=L0[_] -> V1 -> V0}
{({})=L0[], b=L1[], chain=L0[] -> L0[] -> V0, i=L2[], put=L0[] -> V0}
{({})=L0[], b=L1[], chain=L0[] -> V0 -> V0, i=L2[], put=L0[] -> V0}
{({})=L0[], b=L1[], chain=L0[] -> V1 -> V0, i=L2[], put=L0[] -> V0}
{({})=L0[], b=L1[], chain=L0[] -> V0, i=L1[], put=L0[] -> L1[] -> L1[] -> L0[]}
{({})=L0[], b=L1[.], chain=L0[] -> V0, i=L1[.], put=L0[] -> L1[_] -> L1[_] -> L0[]}
{({})=L0[.], b=L1[], chain=L0[_] -> V0, i=L1[], put=L0[_] -> L1[] -> L1[] -> L0[_]}
{({})=L0[.], b=L1[.], chain=L0[_] -> V0, i=L1[.], put=L0[_] -> L1[_] -> L1[_] -> L0[_]}
{({})=L0[], b=L1[], chain=L0[] -> V0, i=L1[], put=L0[] -> L1[] -> V0 -> L0[]}
{({})=L0[], b=L1[.], chain=L0[] -> V0, i=L1[.], put=L0[] -> L1[_] -> V0 -> L0[]}
{({})=L0[.], b=L1[], chain=L0[_] -> V0, i=L1[], put=L0[_] -> L1[] -> V0 -> L0[_]}
{({})=L0[.], b=L1[.], chain=L0[_] -> V0, i=L1[.], put=L0[_] -> L1[_] -> V0 -> L0[_]}
{({})=L0[], b=L1[], chain=L0[] -> V0, i=L1[], put=L0[] -> V0 -> L1[] -> L0[]}
{({})=L0[], b=L1[.], chain=L0[] -> V0, i=L1[.], put=L0[] -> V0 -> L1[_] -> L0[]}
{({})=L0[.], b=L1[], chain=L0[_] -> V0, i=L1[], put=L0[_] -> V0 -> L1[] -> L0[_]}
{({})=L0[.], b=L1[.], chain=L0[_] -> V0, i=L1[.], put=L0[_] -> V0 -> L1[_] -> L0[_]}
{({})=L0[], b=L1[], chain=L0[] -> V0, i=L1[], put=L0[] -> V0 -> V0 -> L0[]}
{({})=L0[.], b=L1[], chain=L0[_] -> V0, i=L1[], put=L0[_] -> V0 -> V0 -> L0[_]}
{({})=L0[], b=L1[], chain=L0[] -> V0, i=L2[], put=L0[] -> V0 -> V1 -> L0[]}
{({})=L0[.], b=L1[], chain=L0[_] -> V0, i=L2[], put=L0[_] -> V0 -> V1 -> L0[_]}
{({})=L0[., .], b=L1[], chain=L0[_, _] -> V0, i=L2[], put=L0[_, _] -> V0 -> V1 -> L0[_, _]}
{({})=L0[], b=L1[], chain=L0[] -> V0, i=L1[], put=L0[] -> L1[] -> L1[] -> V0}
{({})=L0[], b=L1[.], chain=L0[] -> V0, i=L1[.], put=L0[] -> L1[_] -> L1[_] -> V0}
{({})=L0[.], b=L1[], chain=L0[_] -> V0, i=L1[], put=L0[_] -> L1[] -> L1[] -> V0}
{({})=L0[.], b=L1[.], chain=L0[_] -> V0, i=L1[.], put=L0[_] -> L1[_] -> L1[_] -> V0}
{({})=L0[], b=L0[], chain=L0[] -> V0, i=L0[], put=L0[] -> L0[] -> V0 -> V0}
{({})=L0[.], b=L0[.], chain=L0[_] -> V0, i=L0[.], put=L0[_] -> L0[_] -> V0 -> V0}
{({})=L0[], b=L1[], chain=L0[] -> V0, i=L1[], put=L0[] -> L1[] -> V1 -> V0}
{({})=L0[], b=L1[.], chain=L0[] -> V0, i=L1[.], put=L0[] -> L1[_] -> V1 -> V0}
{({})=L0[.], b=L1[], chain=L0[_] -> V0, i=L1[], put=L0[_] -> L1[] -> V1 -> V0}
{({})=L0[.], b=L1[.], chain=L0[_] -> V0, i=L1[.], put=L0[_] -> L1[_] -> V1 -> V0}
{({})=L0[], b=L0[], chain=L0[] -> V0, i=L0[], put=L0[] -> V0 -> L0[] -> V0}
{({})=L0[.], b=L0[.], chain=L0[_] -> V0, i=L0[.], put=L0[_] -> V0 -> L0[_] -> V0}
{({})=L0[], b=L0[], chain=L0[] -> V0, i=L0[], put=L0[] -> V0 -> V0 -> V0}
{({})=L0[.], b=L0[.], chain=L0[_] -> V0, i=L0[.], put=L0[_] -> V0 -> V0 -> V0}
{({})=L0[], b=L0[], chain=L0[] -> V0, i=L0[], put=L0[] -> V0 -> V1 -> V0}
{({})=L0[.], b=L0[.], chain=L0[_] -> V0, i=L0[.], put=L0[_] -> V0 -> V1 -> V0}
{({})=L0[., .], b=L0[., .], chain=L0[_, _] -> V0, i=L0[., .], put=L0[_, _] -> V0 -> V1 -> V0}
{({})=L0[], b=L1[], chain=L0[] -> V0, i=L1[], put=L0[] -> V1 -> L1[] -> V0}
{({})=L0[], b=L1[.], chain=L0[] -> V0, i=L1[.], put=L0[] -> V1 -> L1[_] -> V0}
{({})=L0[.], b=L1[], chain=L0[_] -> V0, i=L1[], put=L0[_] -> V1 -> L1[] -> V0}
{({})=L0[.], b=L1[.], chain=L0[_] -> V0, i=L1[.], put=L0[_] -> V1 -> L1[_] -> V0}
{({})=L0[], b=L0[], chain=L0[] -> V0, i=L0[], put=L0[] -> V1 -> V0 -> V0}
{({})=L0[.], b=L0[.], chain=L0[_] -> V0, i=L0[.], put=L0[_] -> V1 -> V0 -> V0}
{({})=L0[., .], b=L0[., .], chain=L0[_, _] -> V0, i=L0[., .], put=L0[_, _] -> V1 -> V0 -> V0}
{({})=L0[], b=L1[], chain=L0[] -> V0, i=L1[], put=L0[] -> V1 -> V1 -> V0}
{({})=L0[.], b=L1[], chain=L0[_] -> V0, i=L1[], put=L0[_] -> V1 -> V1 -> V0}
{({})=L0[], b=L1[], chain=L0[] -> V0, i=L2[], put=L0[] -> V1 -> V2 -> V0}
{({})=L0[.], b=L1[], chain=L0[_] -> V0, i=L2[], put=L0[_] -> V1 -> V2 -> V0}
{({})=L0[., .], b=L1[], chain=L0[_, _] -> V0, i=L2[], put=L0[_, _] -> V1 -> V2 -> V0}
{({})=L0[], b=L1[], chain=L0[] -> V0, i=L1[], put=L0[] -> L1[] -> V0}
{({})=L0[], b=L1[.], chain=L0[] -> V0, i=L1[.], put=L0[] -> L1[_] -> V0}
{({})=L0[.], b=L1[], chain=L0[_] -> V0, i=L1[], put=L0[_] -> L1[] -> V0}
{({})=L0[.], b=L1[.], chain=L0[_] -> V0, i=L1[.], put=L0[_] -> L1[_] -> V0}
{({})=L0[], b=L1[], chain=L0[] -> V0, i=L2[], put=L0[] -> V1 -> V0}
{({})=L0[.], b=L1[], chain=L0[_] -> V0, i=L2[], put=L0[_] -> V1 -> V0}
{({})=L0[], b=L1[], chain=L0[] -> V0, i=L2[], put=L0[] -> V0}
[14:41:00.027]	Max min size: 10
[14:41:00.027]	BEG Depth 1 concretizing [({}), b, chain, i, put]
[14:41:00.027]	BEG Size 10 concretizing [({}), b, chain, i, put]
[14:41:20.028]	Counts so far:
Total candidates=26737
Solver call=216
Seeds=17
[14:41:29.003]	Looking for counterexamples for potential solution {({})=L0[V0, V1], b=L1[], chain=L0[V0, V1] -> L0[V1, V2] -> L0[V0, V2], i=L2[], put=L0[V0, V1] -> V0 -> V1 -> L0[V0, V1]}
[14:41:29.004]	Found no counterexamples
[14:41:29.004]	SOLUTION: {({})=L0[V0, V1], b=L1[], chain=L0[V0, V1] -> L0[V1, V2] -> L0[V0, V2], i=L2[], put=L0[V0, V1] -> V0 -> V1 -> L0[V0, V1]}
[14:41:29.004]	END Size 10 concretizing [({}), b, chain, i, put] : 28977 ms
[14:41:29.004]	Elapsed time: 42802 ms
[14:41:29.004]	END Depth 1 concretizing [({}), b, chain, i, put] : 28977 ms
[14:41:29.004]	Elapsed time: 42802 ms
[14:41:29.004]	Counts:
Total candidates=37285
Solver call=216
Seeds=17
[14:41:29.004]	Total time: 42802 ms
