Dict
Running CVC: true
DFSPriority
Eager
Size bound: 20
Depth bound: 4
=====

[15:45:23.232002]	BEG Init search
[15:45:23.281063]	END Init search : 81 ms
[15:45:23.281264]	Counts:

[15:45:23.281342]	Elapsed time: 96 ms
[15:45:23.281877]	BEG Compile Init to Elab
[15:45:23.283481]	END Compile Init to Elab : 2 ms
[15:45:23.283613]	Counts:

[15:45:23.283706]	Elapsed time: 98 ms
[15:45:23.284133]	BEG Elab search
[15:45:23.323304]	END Elab search : 39 ms
[15:45:23.323639]	Counts:
Total candidates=125
[15:45:23.323803]	Elapsed time: 138 ms
[15:45:23.324477]	BEG Compile Elab to Concrete
[15:45:31.136117]	END Compile Elab to Concrete : 7812 ms
[15:45:31.136214]	Counts:
Total candidates=125
[15:45:31.136248]	Elapsed time: 7951 ms
[15:45:31.136923]	Concrete seeds: 67
0: L0[], 1: L0[], Ebi: L0[], Eib: L0[], Eii: L0[], put: V0 -> V0 -> V0 -> V0, tr: L0[]
0: L0[], 1: L0[], Ebi: L0[], Eib: L0[], Eii: L0[], put: V0 -> V0 -> V0 -> V1, tr: L0[]
0: L0[], 1: L0[], Ebi: L0[], Eib: L0[], Eii: L0[], put: V0 -> V0 -> V0 -> L0[], tr: L0[]
0: L0[], 1: L0[], Ebi: L0[], Eib: L0[], Eii: L0[], put: V0 -> V0 -> L0[] -> V0, tr: L0[]
0: L0[_0_], 1: L0[_1_], Ebi: L0[_2_], Eib: L0[_3_], Eii: L0[_4_], put: V0 -> V0 -> L0[_5_] -> V0, tr: L0[_6_]
0: L0[], 1: L0[], Ebi: L0[], Eib: L0[], Eii: L0[], put: V0 -> V0 -> L0[] -> V1, tr: L0[]
0: L0[_7_], 1: L0[_8_], Ebi: L0[_9_], Eib: L0[_10_], Eii: L0[_11_], put: V0 -> V0 -> L0[_12_] -> V1, tr: L0[_13_]
0: L0[], 1: L0[], Ebi: L0[], Eib: L0[], Eii: L0[], put: V0 -> V0 -> L0[] -> L0[], tr: L0[]
0: L0[_14_], 1: L0[_15_], Ebi: L0[_16_], Eib: L0[_17_], Eii: L0[_18_], put: V0 -> V0 -> L0[_19_] -> L0[_20_], tr: L0[_21_]
0: L0[], 1: L0[], Ebi: L0[], Eib: L0[], Eii: L0[], put: V0 -> L0[] -> V0 -> V0, tr: L0[]
0: L0[_22_], 1: L0[_23_], Ebi: L0[_24_], Eib: L0[_25_], Eii: L0[_26_], put: V0 -> L0[_27_] -> V0 -> V0, tr: L0[_28_]
0: L0[], 1: L0[], Ebi: L0[], Eib: L0[], Eii: L0[], put: V0 -> L0[] -> V0 -> V1, tr: L0[]
0: L0[_29_], 1: L0[_30_], Ebi: L0[_31_], Eib: L0[_32_], Eii: L0[_33_], put: V0 -> L0[_34_] -> V0 -> V1, tr: L0[_35_]
0: L0[], 1: L0[], Ebi: L0[], Eib: L0[], Eii: L0[], put: V0 -> L0[] -> V0 -> L0[], tr: L0[]
0: L0[_36_], 1: L0[_37_], Ebi: L0[_38_], Eib: L0[_39_], Eii: L0[_40_], put: V0 -> L0[_41_] -> V0 -> L0[_42_], tr: L0[_43_]
0: L0[], 1: L0[], Ebi: L2[], Eib: L3[], Eii: L4[], put: V0 -> L0[] -> L0[] -> V0, tr: L0[]
0: L0[_44_], 1: L0[_45_], Ebi: L2[], Eib: L3[], Eii: L4[], put: V0 -> L0[_46_] -> L0[_47_] -> V0, tr: L0[_48_]
0: L0[], 1: L0[], Ebi: L2[], Eib: L3[], Eii: L4[], put: V0 -> L0[] -> L0[] -> V1, tr: L0[]
0: L0[_49_], 1: L0[_50_], Ebi: L2[], Eib: L3[], Eii: L4[], put: V0 -> L0[_51_] -> L0[_52_] -> V1, tr: L0[_53_]
0: L0[], 1: L0[], Ebi: L2[], Eib: L3[], Eii: L4[], put: V0 -> L0[] -> L0[] -> L7[], tr: L0[]
0: L0[_54_], 1: L0[_55_], Ebi: L2[], Eib: L3[], Eii: L4[], put: V0 -> L0[_56_] -> L0[_57_] -> L7[], tr: L0[_58_]
0: L0[], 1: L0[], Ebi: L0[], Eib: L0[], Eii: L0[], put: L0[] -> V0 -> V0 -> V0, tr: L0[]
0: L0[_59_], 1: L0[_60_], Ebi: L0[_61_], Eib: L0[_62_], Eii: L0[_63_], put: L0[_64_] -> V0 -> V0 -> V0, tr: L0[_65_]
0: L0[], 1: L0[], Ebi: L2[], Eib: L2[], Eii: L2[], put: L2[] -> V0 -> V0 -> V1, tr: L0[]
0: L0[], 1: L0[], Ebi: L2[_66_], Eib: L2[_67_], Eii: L2[_68_], put: L2[_69_] -> V0 -> V0 -> V1, tr: L0[]
0: L0[], 1: L0[], Ebi: L0[], Eib: L0[], Eii: L0[], put: L0[] -> V0 -> V1 -> V0, tr: L0[]
0: L0[_70_], 1: L0[_71_], Ebi: L0[_72_], Eib: L0[_73_], Eii: L0[_74_], put: L0[_75_] -> V0 -> V1 -> V0, tr: L0[_76_]
0: L0[_77_, _78_], 1: L0[_79_, _80_], Ebi: L0[_81_, _82_], Eib: L0[_83_, _84_], Eii: L0[_85_, _86_], put: L0[_87_, _88_] -> V0 -> V1 -> V0, tr: L0[_89_, _90_]
0: L0[], 1: L0[], Ebi: L0[], Eib: L0[], Eii: L0[], put: L0[] -> V0 -> V1 -> V1, tr: L0[]
0: L0[_91_], 1: L0[_92_], Ebi: L0[_93_], Eib: L0[_94_], Eii: L0[_95_], put: L0[_96_] -> V0 -> V1 -> V1, tr: L0[_97_]
0: L0[_98_, _99_], 1: L0[_100_, _101_], Ebi: L0[_102_, _103_], Eib: L0[_104_, _105_], Eii: L0[_106_, _107_], put: L0[_108_, _109_] -> V0 -> V1 -> V1, tr: L0[_110_, _111_]
0: L0[], 1: L0[], Ebi: L2[], Eib: L2[], Eii: L2[], put: L2[] -> V0 -> V1 -> V2, tr: L6[]
0: L0[], 1: L0[], Ebi: L2[_112_], Eib: L2[_113_], Eii: L2[_114_], put: L2[_115_] -> V0 -> V1 -> V2, tr: L6[]
0: L0[], 1: L0[], Ebi: L2[_116_, _117_], Eib: L2[_118_, _119_], Eii: L2[_120_, _121_], put: L2[_122_, _123_] -> V0 -> V1 -> V2, tr: L6[]
0: L0[], 1: L0[], Ebi: L2[], Eib: L2[], Eii: L2[], put: L2[] -> V0 -> V0 -> L2[], tr: L0[]
0: L0[], 1: L0[], Ebi: L2[_124_], Eib: L2[_125_], Eii: L2[_126_], put: L2[_127_] -> V0 -> V0 -> L2[_128_], tr: L0[]
0: L0[], 1: L0[], Ebi: L2[], Eib: L2[], Eii: L2[], put: L2[] -> V0 -> V1 -> L2[], tr: L7[]
0: L0[], 1: L0[], Ebi: L2[_129_], Eib: L2[_130_], Eii: L2[_131_], put: L2[_132_] -> V0 -> V1 -> L2[_133_], tr: L7[]
0: L0[], 1: L0[], Ebi: L2[_134_, _135_], Eib: L2[_136_, _137_], Eii: L2[_138_, _139_], put: L2[_140_, _141_] -> V0 -> V1 -> L2[_142_, _143_], tr: L7[]
0: L0[], 1: L0[], Ebi: L0[], Eib: L0[], Eii: L0[], put: L0[] -> V0 -> L0[] -> V0, tr: L0[]
0: L0[_144_], 1: L0[_145_], Ebi: L0[_146_], Eib: L0[_147_], Eii: L0[_148_], put: L0[_149_] -> V0 -> L0[_150_] -> V0, tr: L0[_151_]
0: L0[], 1: L0[], Ebi: L2[], Eib: L2[], Eii: L2[], put: L2[] -> V0 -> L0[] -> V1, tr: L0[]
0: L0[], 1: L0[], Ebi: L2[_152_], Eib: L2[_153_], Eii: L2[_154_], put: L2[_155_] -> V0 -> L0[] -> V1, tr: L0[]
0: L0[_156_], 1: L0[_157_], Ebi: L2[], Eib: L2[], Eii: L2[], put: L2[] -> V0 -> L0[_158_] -> V1, tr: L0[_159_]
0: L0[_160_], 1: L0[_161_], Ebi: L2[_162_], Eib: L2[_163_], Eii: L2[_164_], put: L2[_165_] -> V0 -> L0[_166_] -> V1, tr: L0[_167_]
0: L0[], 1: L0[], Ebi: L2[], Eib: L2[], Eii: L2[], put: L2[] -> V0 -> L0[] -> L2[], tr: L0[]
0: L0[], 1: L0[], Ebi: L2[_168_], Eib: L2[_169_], Eii: L2[_170_], put: L2[_171_] -> V0 -> L0[] -> L2[_172_], tr: L0[]
0: L0[_173_], 1: L0[_174_], Ebi: L2[], Eib: L2[], Eii: L2[], put: L2[] -> V0 -> L0[_175_] -> L2[], tr: L0[_176_]
0: L0[_177_], 1: L0[_178_], Ebi: L2[_179_], Eib: L2[_180_], Eii: L2[_181_], put: L2[_182_] -> V0 -> L0[_183_] -> L2[_184_], tr: L0[_185_]
0: L0[], 1: L0[], Ebi: L0[], Eib: L0[], Eii: L0[], put: L0[] -> L0[] -> V0 -> V0, tr: L0[]
0: L0[_186_], 1: L0[_187_], Ebi: L0[_188_], Eib: L0[_189_], Eii: L0[_190_], put: L0[_191_] -> L0[_192_] -> V0 -> V0, tr: L0[_193_]
0: L0[], 1: L0[], Ebi: L2[], Eib: L2[], Eii: L2[], put: L2[] -> L0[] -> V0 -> V1, tr: L0[]
0: L0[], 1: L0[], Ebi: L2[_194_], Eib: L2[_195_], Eii: L2[_196_], put: L2[_197_] -> L0[] -> V0 -> V1, tr: L0[]
0: L0[_198_], 1: L0[_199_], Ebi: L2[], Eib: L2[], Eii: L2[], put: L2[] -> L0[_200_] -> V0 -> V1, tr: L0[_201_]
0: L0[_202_], 1: L0[_203_], Ebi: L2[_204_], Eib: L2[_205_], Eii: L2[_206_], put: L2[_207_] -> L0[_208_] -> V0 -> V1, tr: L0[_209_]
0: L0[], 1: L0[], Ebi: L2[], Eib: L2[], Eii: L2[], put: L2[] -> L0[] -> V0 -> L2[], tr: L0[]
0: L0[], 1: L0[], Ebi: L2[_210_], Eib: L2[_211_], Eii: L2[_212_], put: L2[_213_] -> L0[] -> V0 -> L2[_214_], tr: L0[]
0: L0[_215_], 1: L0[_216_], Ebi: L2[], Eib: L2[], Eii: L2[], put: L2[] -> L0[_217_] -> V0 -> L2[], tr: L0[_218_]
0: L0[_219_], 1: L0[_220_], Ebi: L2[_221_], Eib: L2[_222_], Eii: L2[_223_], put: L2[_224_] -> L0[_225_] -> V0 -> L2[_226_], tr: L0[_227_]
0: L0[], 1: L0[], Ebi: L2[], Eib: L2[], Eii: L2[], put: L2[] -> L0[] -> L0[] -> V0, tr: L0[]
0: L0[], 1: L0[], Ebi: L2[_228_], Eib: L2[_229_], Eii: L2[_230_], put: L2[_231_] -> L0[] -> L0[] -> V0, tr: L0[]
0: L0[_232_], 1: L0[_233_], Ebi: L2[], Eib: L2[], Eii: L2[], put: L2[] -> L0[_234_] -> L0[_235_] -> V0, tr: L0[_236_]
0: L0[_237_], 1: L0[_238_], Ebi: L2[_239_], Eib: L2[_240_], Eii: L2[_241_], put: L2[_242_] -> L0[_243_] -> L0[_244_] -> V0, tr: L0[_245_]
0: L0[], 1: L0[], Ebi: L2[], Eib: L2[], Eii: L2[], put: L2[] -> L0[] -> L0[] -> L2[], tr: L0[]
0: L0[], 1: L0[], Ebi: L2[_246_], Eib: L2[_247_], Eii: L2[_248_], put: L2[_249_] -> L0[] -> L0[] -> L2[_250_], tr: L0[]
0: L0[_251_], 1: L0[_252_], Ebi: L2[], Eib: L2[], Eii: L2[], put: L2[] -> L0[_253_] -> L0[_254_] -> L2[], tr: L0[_255_]
0: L0[_256_], 1: L0[_257_], Ebi: L2[_258_], Eib: L2[_259_], Eii: L2[_260_], put: L2[_261_] -> L0[_262_] -> L0[_263_] -> L2[_264_], tr: L0[_265_]
[15:45:31.137252]	BEG Concrete search
[15:45:31.137924]	BEG Depth 2
[15:45:31.137972]	BEG Size 1
[15:45:31.276689]	END Size 1 : 139 ms
[15:45:31.276843]	Counts:
Total candidates=239
[15:45:31.276907]	Elapsed time: 8091 ms
[15:45:31.276953]	BEG Size 2
[15:45:31.493610]	END Size 2 : 217 ms
[15:45:31.493744]	Counts:
Total candidates=682
[15:45:31.493799]	Elapsed time: 8308 ms
[15:45:31.493845]	STOPPED AT SIZE 2
[15:45:31.493880]	END Depth 2 : 356 ms
[15:45:31.493917]	Counts:
Total candidates=682
[15:45:31.493968]	Elapsed time: 8308 ms
[15:45:31.494018]	STOPPED AT DEPTH 2
[15:45:31.494069]	END Concrete search : 357 ms
[15:45:31.494126]	Counts:
Total candidates=682
[15:45:31.494174]	Elapsed time: 8309 ms
[15:45:31.494223]	FINAL SOLUTIONS:
[15:45:31.494423]	0: L0[], 1: L0[], Ebi: L2[L6[], L0[]], Eib: L2[L0[], L6[]], Eii: L2[L0[], L0[]], put: L2[V0, V1] -> V0 -> V1 -> V2, tr: L6[]
0: L0[], 1: L0[], Ebi: L2[L0[], L6[]], Eib: L2[L6[], L0[]], Eii: L2[L0[], L0[]], put: L2[V1, V0] -> V0 -> V1 -> V2, tr: L6[]
[15:45:31.494494]	Counts:
Total candidates=682
[15:45:31.494554]	Total time: 8309 ms
