Dict
Running CVC: false
DFSPriority
Eager
Size bound: 20
Depth bound: 4
=====

[12:44:28.776841]	BEG Init search
[12:44:28.811636]	END Init search : 35 ms
[12:44:28.812137]	BEG Compile Init to Elab
[12:44:28.813789]	END Compile Init to Elab : 1 ms
[12:44:28.814197]	BEG Elab search
[12:44:28.841345]	END Elab search : 27 ms
[12:44:28.842023]	BEG Compile Elab to Concrete
[12:44:29.605607]	END Compile Elab to Concrete : 763 ms
[12:44:29.606352]	BEG Concrete search
[12:44:29.606636]	BEG Depth 2
[12:44:29.606735]	BEG Size 1
[12:44:29.606832]	END Size 1 : 0 ms
[12:44:29.606915]	BEG Size 2
[12:44:29.606985]	END Size 2 : 0 ms
[12:44:29.607057]	BEG Size 3
[12:44:29.607130]	END Size 3 : 0 ms
[12:44:29.607208]	BEG Size 4
[12:44:29.901652]	END Size 4 : 294 ms
[12:44:29.901830]	STOPPED AT SIZE 4
[12:44:29.901927]	END Depth 2 : 295 ms
[12:44:29.901995]	STOPPED AT DEPTH 2
[12:44:29.902056]	END Concrete search : 296 ms
[12:44:29.902462]	Counts:
CHECKING A CANDIDATE UNDER 0: L, 1: L, Ebi: L, Eib: L, Eii: L, put: _1_ -> _2_, tr: L=48
CHECKING A CANDIDATE UNDER 0: L, 1: L, Ebi: L, Eib: L, Eii: L, put: V_7_ -> V_8_ -> V_9_ -> V_10_, tr: L=23
CHECKING A CANDIDATE UNDER 0: L, 1: L, Ebi: L, Eib: L, Eii: L, put: V_11_ -> V_12_ -> V_13_ -> L, tr: L=8
CHECKING A CANDIDATE UNDER 0: L, 1: L, Ebi: L, Eib: L, Eii: L, put: V_14_ -> V_15_ -> L -> V_16_, tr: L=8
CHECKING A CANDIDATE UNDER 0: L, 1: L, Ebi: L, Eib: L, Eii: L, put: V_17_ -> V_18_ -> L -> L, tr: L=3
CHECKING A CANDIDATE UNDER 0: L, 1: L, Ebi: L, Eib: L, Eii: L, put: V_19_ -> L -> V_20_ -> V_21_, tr: L=8
CHECKING A CANDIDATE UNDER 0: L, 1: L, Ebi: L, Eib: L, Eii: L, put: V_22_ -> L -> V_23_ -> L, tr: L=3
CHECKING A CANDIDATE UNDER 0: L, 1: L, Ebi: L, Eib: L, Eii: L, put: V_24_ -> L -> L -> V_25_, tr: L=3
CHECKING A CANDIDATE UNDER 0: L, 1: L, Ebi: L, Eib: L, Eii: L, put: V_26_ -> L -> L -> L, tr: L=1
CHECKING A CANDIDATE UNDER 0: L, 1: L, Ebi: L, Eib: L, Eii: L, put: L -> V_27_ -> V_28_ -> V_29_, tr: L=8
CHECKING A CANDIDATE UNDER 0: L, 1: L, Ebi: L, Eib: L, Eii: L, put: L -> V_30_ -> V_31_ -> L, tr: L=3
CHECKING A CANDIDATE UNDER 0: L, 1: L, Ebi: L, Eib: L, Eii: L, put: L -> V_32_ -> L -> V_33_, tr: L=3
CHECKING A CANDIDATE UNDER 0: L, 1: L, Ebi: L, Eib: L, Eii: L, put: L -> V_34_ -> L -> L, tr: L=1
CHECKING A CANDIDATE UNDER 0: L, 1: L, Ebi: L, Eib: L, Eii: L, put: L -> L -> V_35_ -> V_36_, tr: L=3
CHECKING A CANDIDATE UNDER 0: L, 1: L, Ebi: L, Eib: L, Eii: L, put: L -> L -> V_37_ -> L, tr: L=1
CHECKING A CANDIDATE UNDER 0: L, 1: L, Ebi: L, Eib: L, Eii: L, put: L -> L -> L -> V_38_, tr: L=1
CHECKING A CANDIDATE UNDER 0: L0[], 1: L0[], Ebi: L2[_0_, _1_], Eib: L2[_2_, _3_], Eii: L2[_4_, _5_], put: L2[_6_, _7_] -> V0 -> V1 -> L2[_8_, _9_], tr: L7[]=699
[12:44:29.902572]	Total time: 1130 ms
